Archive member included to satisfy reference by file (symbol)

/opt/st/stm32cubeide_1.19.0/plugins/com.st.stm32cube.ide.mcu.externaltools.gnu-tools-for-stm32.13.3.rel1.linux64_1.0.0.202410170706/tools/bin/../lib/gcc/arm-none-eabi/13.3.1/../../../../arm-none-eabi/lib/thumb/v7e-m+fp/hard/libc_nano.a(libc_a-exit.o)
                              /opt/st/stm32cubeide_1.19.0/plugins/com.st.stm32cube.ide.mcu.externaltools.gnu-tools-for-stm32.13.3.rel1.linux64_1.0.0.202410170706/tools/bin/../lib/gcc/arm-none-eabi/13.3.1/../../../../arm-none-eabi/lib/thumb/v7e-m+fp/hard/crt0.o (exit)
/opt/st/stm32cubeide_1.19.0/plugins/com.st.stm32cube.ide.mcu.externaltools.gnu-tools-for-stm32.13.3.rel1.linux64_1.0.0.202410170706/tools/bin/../lib/gcc/arm-none-eabi/13.3.1/../../../../arm-none-eabi/lib/thumb/v7e-m+fp/hard/libc_nano.a(libc_a-findfp.o)
                              /opt/st/stm32cubeide_1.19.0/plugins/com.st.stm32cube.ide.mcu.externaltools.gnu-tools-for-stm32.13.3.rel1.linux64_1.0.0.202410170706/tools/bin/../lib/gcc/arm-none-eabi/13.3.1/../../../../arm-none-eabi/lib/thumb/v7e-m+fp/hard/libc_nano.a(libc_a-exit.o) (__stdio_exit_handler)
/opt/st/stm32cubeide_1.19.0/plugins/com.st.stm32cube.ide.mcu.externaltools.gnu-tools-for-stm32.13.3.rel1.linux64_1.0.0.202410170706/tools/bin/../lib/gcc/arm-none-eabi/13.3.1/../../../../arm-none-eabi/lib/thumb/v7e-m+fp/hard/libc_nano.a(libc_a-fwalk.o)
                              /opt/st/stm32cubeide_1.19.0/plugins/com.st.stm32cube.ide.mcu.externaltools.gnu-tools-for-stm32.13.3.rel1.linux64_1.0.0.202410170706/tools/bin/../lib/gcc/arm-none-eabi/13.3.1/../../../../arm-none-eabi/lib/thumb/v7e-m+fp/hard/libc_nano.a(libc_a-findfp.o) (_fwalk_sglue)
/opt/st/stm32cubeide_1.19.0/plugins/com.st.stm32cube.ide.mcu.externaltools.gnu-tools-for-stm32.13.3.rel1.linux64_1.0.0.202410170706/tools/bin/../lib/gcc/arm-none-eabi/13.3.1/../../../../arm-none-eabi/lib/thumb/v7e-m+fp/hard/libc_nano.a(libc_a-sprintf.o)
                              ./Core/Src/display.o (sprintf)
/opt/st/stm32cubeide_1.19.0/plugins/com.st.stm32cube.ide.mcu.externaltools.gnu-tools-for-stm32.13.3.rel1.linux64_1.0.0.202410170706/tools/bin/../lib/gcc/arm-none-eabi/13.3.1/../../../../arm-none-eabi/lib/thumb/v7e-m+fp/hard/libc_nano.a(libc_a-stdio.o)
                              /opt/st/stm32cubeide_1.19.0/plugins/com.st.stm32cube.ide.mcu.externaltools.gnu-tools-for-stm32.13.3.rel1.linux64_1.0.0.202410170706/tools/bin/../lib/gcc/arm-none-eabi/13.3.1/../../../../arm-none-eabi/lib/thumb/v7e-m+fp/hard/libc_nano.a(libc_a-findfp.o) (__sread)
/opt/st/stm32cubeide_1.19.0/plugins/com.st.stm32cube.ide.mcu.externaltools.gnu-tools-for-stm32.13.3.rel1.linux64_1.0.0.202410170706/tools/bin/../lib/gcc/arm-none-eabi/13.3.1/../../../../arm-none-eabi/lib/thumb/v7e-m+fp/hard/libc_nano.a(libc_a-memset.o)
                              /opt/st/stm32cubeide_1.19.0/plugins/com.st.stm32cube.ide.mcu.externaltools.gnu-tools-for-stm32.13.3.rel1.linux64_1.0.0.202410170706/tools/bin/../lib/gcc/arm-none-eabi/13.3.1/../../../../arm-none-eabi/lib/thumb/v7e-m+fp/hard/crt0.o (memset)
/opt/st/stm32cubeide_1.19.0/plugins/com.st.stm32cube.ide.mcu.externaltools.gnu-tools-for-stm32.13.3.rel1.linux64_1.0.0.202410170706/tools/bin/../lib/gcc/arm-none-eabi/13.3.1/../../../../arm-none-eabi/lib/thumb/v7e-m+fp/hard/libc_nano.a(libc_a-closer.o)
                              /opt/st/stm32cubeide_1.19.0/plugins/com.st.stm32cube.ide.mcu.externaltools.gnu-tools-for-stm32.13.3.rel1.linux64_1.0.0.202410170706/tools/bin/../lib/gcc/arm-none-eabi/13.3.1/../../../../arm-none-eabi/lib/thumb/v7e-m+fp/hard/libc_nano.a(libc_a-stdio.o) (_close_r)
/opt/st/stm32cubeide_1.19.0/plugins/com.st.stm32cube.ide.mcu.externaltools.gnu-tools-for-stm32.13.3.rel1.linux64_1.0.0.202410170706/tools/bin/../lib/gcc/arm-none-eabi/13.3.1/../../../../arm-none-eabi/lib/thumb/v7e-m+fp/hard/libc_nano.a(libc_a-reent.o)
                              /opt/st/stm32cubeide_1.19.0/plugins/com.st.stm32cube.ide.mcu.externaltools.gnu-tools-for-stm32.13.3.rel1.linux64_1.0.0.202410170706/tools/bin/../lib/gcc/arm-none-eabi/13.3.1/../../../../arm-none-eabi/lib/thumb/v7e-m+fp/hard/libc_nano.a(libc_a-closer.o) (errno)
/opt/st/stm32cubeide_1.19.0/plugins/com.st.stm32cube.ide.mcu.externaltools.gnu-tools-for-stm32.13.3.rel1.linux64_1.0.0.202410170706/tools/bin/../lib/gcc/arm-none-eabi/13.3.1/../../../../arm-none-eabi/lib/thumb/v7e-m+fp/hard/libc_nano.a(libc_a-impure.o)
                              /opt/st/stm32cubeide_1.19.0/plugins/com.st.stm32cube.ide.mcu.externaltools.gnu-tools-for-stm32.13.3.rel1.linux64_1.0.0.202410170706/tools/bin/../lib/gcc/arm-none-eabi/13.3.1/../../../../arm-none-eabi/lib/thumb/v7e-m+fp/hard/libc_nano.a(libc_a-sprintf.o) (_impure_ptr)
/opt/st/stm32cubeide_1.19.0/plugins/com.st.stm32cube.ide.mcu.externaltools.gnu-tools-for-stm32.13.3.rel1.linux64_1.0.0.202410170706/tools/bin/../lib/gcc/arm-none-eabi/13.3.1/../../../../arm-none-eabi/lib/thumb/v7e-m+fp/hard/libc_nano.a(libc_a-lseekr.o)
[...]
Memory Configuration

Name             Origin             Length             Attributes
RAM              0x20000000         0x00020000         xrw
FLASH            0x08000000         0x00080000         xr
*default*        0x00000000         0xffffffff

Linker script and memory map

LOAD /opt/st/stm32cubeide_1.19.0/plugins/com.st.stm32cube.ide.mcu.externaltools.gnu-tools-for-stm32.13.3.rel1.linux64_1.0.0.202410170706/tools/bin/../lib/gcc/arm-none-eabi/13.3.1/thumb/v7e-m+fp/hard/crti.o
LOAD /opt/st/stm32cubeide_1.19.0/plugins/com.st.stm32cube.ide.mcu.externaltools.gnu-tools-for-stm32.13.3.rel1.linux64_1.0.0.202410170706/tools/bin/../lib/gcc/arm-none-eabi/13.3.1/thumb/v7e-m+fp/hard/crtbegin.o
LOAD /opt/st/stm32cubeide_1.19.0/plugins/com.st.stm32cube.ide.mcu.externaltools.gnu-tools-for-stm32.13.3.rel1.linux64_1.0.0.202410170706/tools/bin/../lib/gcc/arm-none-eabi/13.3.1/../../../../arm-none-eabi/lib/thumb/v7e-m+fp/hard/crt0.o
LOAD ./Core/Src/app_freertos.o
LOAD ./Core/Src/display.o
LOAD ./Core/Src/game_logic.o
LOAD ./Core/Src/lcd.o
LOAD ./Core/Src/main.o
LOAD ./Core/Src/stm32g4xx_hal_msp.o
LOAD ./Core/Src/stm32g4xx_it.o
LOAD ./Core/Src/switch.o
LOAD ./Core/Src/syscalls.o
LOAD ./Core/Src/sysmem.o
LOAD ./Core/Src/system_stm32g4xx.o
LOAD ./Core/Startup/startup_stm32g474retx.o
LOAD ./Drivers/STM32G4xx_HAL_Driver/Src/stm32g4xx_hal.o
LOAD ./Drivers/STM32G4xx_HAL_Driver/Src/stm32g4xx_hal_cortex.o
LOAD ./Drivers/STM32G4xx_HAL_Driver/Src/stm32g4xx_hal_dma.o
LOAD ./Drivers/STM32G4xx_HAL_Driver/Src/stm32g4xx_hal_dma_ex.o
LOAD ./Drivers/STM32G4xx_HAL_Driver/Src/stm32g4xx_hal_exti.o
LOAD ./Drivers/STM32G4xx_HAL_Driver/Src/stm32g4xx_hal_flash.o
LOAD ./Drivers/STM32G4xx_HAL_Driver/Src/stm32g4xx_hal_flash_ex.o
LOAD ./Drivers/STM32G4xx_HAL_Driver/Src/stm32g4xx_hal_flash_ramfunc.o
LOAD ./Drivers/STM32G4xx_HAL_Driver/Src/stm32g4xx_hal_gpio.o
LOAD ./Drivers/STM32G4xx_HAL_Driver/Src/stm32g4xx_hal_i2c.o
LOAD ./Drivers/STM32G4xx_HAL_Driver/Src/stm32g4xx_hal_i2c_ex.o
LOAD ./Drivers/STM32G4xx_HAL_Driver/Src/stm32g4xx_hal_pwr.o
LOAD ./Drivers/STM32G4xx_HAL_Driver/Src/stm32g4xx_hal_pwr_ex.o
LOAD ./Drivers/STM32G4xx_HAL_Driver/Src/stm32g4xx_hal_rcc.o
LOAD ./Drivers/STM32G4xx_HAL_Driver/Src/stm32g4xx_hal_rcc_ex.o
LOAD ./Drivers/STM32G4xx_HAL_Driver/Src/stm32g4xx_hal_uart.o
LOAD ./Drivers/STM32G4xx_HAL_Driver/Src/stm32g4xx_hal_uart_ex.o
LOAD ./Middlewares/Third_Party/FreeRTOS/Source/CMSIS_RTOS_V2/cmsis_os2.o
LOAD ./Middlewares/Third_Party/FreeRTOS/Source/croutine.o
LOAD ./Middlewares/Third_Party/FreeRTOS/Source/event_groups.o
LOAD ./Middlewares/Third_Party/FreeRTOS/Source/list.o
LOAD ./Middlewares/Third_Party/FreeRTOS/Source/queue.o
LOAD ./Middlewares/Third_Party/FreeRTOS/Source/stream_buffer.o
LOAD ./Middlewares/Third_Party/FreeRTOS/Source/tasks.o
LOAD ./Middlewares/Third_Party/FreeRTOS/Source/timers.o
LOAD ./Middlewares/Third_Party/FreeRTOS/Source/portable/GCC/ARM_CM4F/port.o
LOAD ./Middlewares/Third_Party/FreeRTOS/Source/portable/MemMang/heap_4.o
START GROUP
LOAD /opt/st/stm32cubeide_1.19.0/plugins/com.st.stm32cube.ide.mcu.externaltools.gnu-tools-for-stm32.13.3.rel1.linux64_1.0.0.202410170706/tools/bin/../lib/gcc/arm-none-eabi/13.3.1/../../../../arm-none-eabi/lib/thumb/v7e-m+fp/hard/libc_nano.a
LOAD /opt/st/stm32cubeide_1.19.0/plugins/com.st.stm32cube.ide.mcu.externaltools.gnu-tools-for-stm32.13.3.rel1.linux64_1.0.0.202410170706/tools/bin/../lib/gcc/arm-none-eabi/13.3.1/../../../../arm-none-eabi/lib/thumb/v7e-m+fp/hard/libm.a
END GROUP
START GROUP
LOAD /opt/st/stm32cubeide_1.19.0/plugins/com.st.stm32cube.ide.mcu.externaltools.gnu-tools-for-stm32.13.3.rel1.linux64_1.0.0.202410170706/tools/bin/../lib/gcc/arm-none-eabi/13.3.1/thumb/v7e-m+fp/hard/libgcc.a
LOAD /opt/st/stm32cubeide_1.19.0/plugins/com.st.stm32cube.ide.mcu.externaltools.gnu-tools-for-stm32.13.3.rel1.linux64_1.0.0.202410170706/tools/bin/../lib/gcc/arm-none-eabi/13.3.1/../../../../arm-none-eabi/lib/thumb/v7e-m+fp/hard/libc_nano.a
END GROUP
START GROUP
LOAD /opt/st/stm32cubeide_1.19.0/plugins/com.st.stm32cube.ide.mcu.externaltools.gnu-tools-for-stm32.13.3.rel1.linux64_1.0.0.202410170706/tools/bin/../lib/gcc/arm-none-eabi/13.3.1/thumb/v7e-m+fp/hard/libgcc.a
LOAD /opt/st/stm32cubeide_1.19.0/plugins/com.st.stm32cube.ide.mcu.externaltools.gnu-tools-for-stm32.13.3.rel1.linux64_1.0.0.202410170706/tools/bin/../lib/gcc/arm-none-eabi/13.3.1/../../../../arm-none-eabi/lib/thumb/v7e-m+fp/hard/libc_nano.a
LOAD /opt/st/stm32cubeide_1.19.0/plugins/com.st.stm32cube.ide.mcu.externaltools.gnu-tools-for-stm32.13.3.rel1.linux64_1.0.0.202410170706/tools/bin/../lib/gcc/arm-none-eabi/13.3.1/../../../../arm-none-eabi/lib/thumb/v7e-m+fp/hard/libnosys.a
END GROUP
START GROUP
LOAD /opt/st/stm32cubeide_1.19.0/plugins/com.st.stm32cube.ide.mcu.externaltools.gnu-tools-for-stm32.13.3.rel1.linux64_1.0.0.202410170706/tools/bin/../lib/gcc/arm-none-eabi/13.3.1/thumb/v7e-m+fp/hard/libgcc.a
LOAD /opt/st/stm32cubeide_1.19.0/plugins/com.st.stm32cube.ide.mcu.externaltools.gnu-tools-for-stm32.13.3.rel1.linux64_1.0.0.202410170706/tools/bin/../lib/gcc/arm-none-eabi/13.3.1/../../../../arm-none-eabi/lib/thumb/v7e-m+fp/hard/libc_nano.a
LOAD /opt/st/stm32cubeide_1.19.0/plugins/com.st.stm32cube.ide.mcu.externaltools.gnu-tools-for-stm32.13.3.rel1.linux64_1.0.0.202410170706/tools/bin/../lib/gcc/arm-none-eabi/13.3.1/../../../../arm-none-eabi/lib/thumb/v7e-m+fp/hard/libnosys.a
END GROUP
LOAD /opt/st/stm32cubeide_1.19.0/plugins/com.st.stm32cube.ide.mcu.externaltools.gnu-tools-for-stm32.13.3.rel1.linux64_1.0.0.202410170706/tools/bin/../lib/gcc/arm-none-eabi/13.3.1/thumb/v7e-m+fp/hard/crtend.o
LOAD /opt/st/stm32cubeide_1.19.0/plugins/com.st.stm32cube.ide.mcu.externaltools.gnu-tools-for-stm32.13.3.rel1.linux64_1.0.0.202410170706/tools/bin/../lib/gcc/arm-none-eabi/13.3.1/thumb/v7e-m+fp/hard/crtn.o
                0x20020000                        _estack = (ORIGIN (RAM) + LENGTH (RAM))
                0x00000200                        _Min_Heap_Size = 0x200
                0x00000400                        _Min_Stack_Size = 0x400

.isr_vector     0x08000000      0x1d8
                0x08000000                        . = ALIGN (0x4)
 *(.isr_vector)
 .isr_vector    0x08000000      0x1d8 ./Core/Startup/startup_stm32g474retx.o
                0x08000000                g_pfnVectors
                0x080001d8                        . = ALIGN (0x4)

.text           0x080001e0     0x7530
                0x080001e0                        . = ALIGN (0x4)
 *(.text)
 .text          0x080001e0       0x40 /opt/st/stm32cubeide_1.19.0/plugins/com.st.stm32cube.ide.mcu.externaltools.gnu-tools-for-stm32.13.3.rel1.linux64_1.0.0.202410170706/tools/bin/../lib/gcc/arm-none-eabi/13.3.1/thumb/v7e-m+fp/hard/crtbegin.o
 .text          0x08000220       0xa0 /opt/st/stm32cubeide_1.19.0/plugins/com.st.stm32cube.ide.mcu.externaltools.gnu-tools-for-stm32.13.3.rel1.linux64_1.0.0.202410170706/tools/bin/../lib/gcc/arm-none-eabi/13.3.1/../../../../arm-none-eabi/lib/thumb/v7e-m+fp/hard/libc_nano.a(libc_a-memchr.o)
                0x08000220                memchr
 .text          0x080002c0       0x30 /opt/st/stm32cubeide_1.19.0/plugins/com.st.stm32cube.ide.mcu.externaltools.gnu-tools-for-stm32.13.3.rel1.linux64_1.0.0.202410170706/tools/bin/../lib/gcc/arm-none-eabi/13.3.1/thumb/v7e-m+fp/hard/libgcc.a(_aeabi_uldivmod.o)
                0x080002c0                __aeabi_uldivmod
 .text          0x080002f0      0x2f8 /opt/st/stm32cubeide_1.19.0/plugins/com.st.stm32cube.ide.mcu.externaltools.gnu-tools-for-stm32.13.3.rel1.linux64_1.0.0.202410170706/tools/bin/../lib/gcc/arm-none-eabi/13.3.1/thumb/v7e-m+fp/hard/libgcc.a(_udivmoddi4.o)
                0x080002f0                __udivmoddi4
 .text          0x080005e8        0x4 /opt/st/stm32cubeide_1.19.0/plugins/com.st.stm32cube.ide.mcu.externaltools.gnu-tools-for-stm32.13.3.rel1.linux64_1.0.0.202410170706/tools/bin/../lib/gcc/arm-none-eabi/13.3.1/thumb/v7e-m+fp/hard/libgcc.a(_dvmd_tls.o)
                0x080005e8                __aeabi_ldiv0
                0x080005e8                __aeabi_idiv0
 *(.text*)
 .text.DisplayConfigCustomChars
                0x080005ec       0x14 ./Core/Src/display.o
                0x080005ec                DisplayConfigCustomChars
 .text.ClearStratagemOnDisplay
                0x08000600       0x18 ./Core/Src/display.o
                0x08000600                ClearStratagemOnDisplay
 .text.DisplayNextSequenceArrow
                0x08000618       0x28 ./Core/Src/display.o
                0x08000618                DisplayNextSequenceArrow
 .text.DisplayWaitForStartScreen
                0x08000640       0x28 ./Core/Src/display.o
                0x08000640                DisplayWaitForStartScreen
 .text.DisplayStartCountDownScreen
                0x08000668       0x44 ./Core/Src/display.o
                0x08000668                DisplayStartCountDownScreen
 .text.DisplayActiveGameScreen
                0x080006ac       0x68 ./Core/Src/display.o
                0x080006ac                DisplayActiveGameScreen
 .text.DisplayAfterRoundInfo
                0x08000714       0x48 ./Core/Src/display.o
                0x08000714                DisplayAfterRoundInfo
 .text.DisplayFinalRoundInfo
                0x0800075c       0x40 ./Core/Src/display.o
                0x0800075c                DisplayFinalRoundInfo
 .text.PlaceEventInQueue
                0x0800079c       0x48 ./Core/Src/game_logic.o
                0x0800079c                PlaceEventInQueue
 .text.GetLastEvent
                0x080007e4       0x58 ./Core/Src/game_logic.o
                0x080007e4                GetLastEvent
 .text.AppStateProcessor
                0x0800083c       0x84 ./Core/Src/game_logic.o
                0x0800083c                AppStateProcessor
 .text.GameProcessor
                0x080008c0      0x1f4 ./Core/Src/game_logic.o
                0x080008c0                GameProcessor
 .text.StartTimeout
                0x08000ab4       0x60 ./Core/Src/game_logic.o
                0x08000ab4                StartTimeout
 .text.TimeoutProcessor
                0x08000b14       0x70 ./Core/Src/game_logic.o
                0x08000b14                TimeoutProcessor
 .text.ParseKeysToLcdArrows
                0x08000b84       0x58 ./Core/Src/game_logic.o
                0x08000b84                ParseKeysToLcdArrows
 .text.UpdateLastPressedKey
                0x08000bdc       0x20 ./Core/Src/game_logic.o
                0x08000bdc                UpdateLastPressedKey
 .text.lcd_init
                0x08000bfc       0x7e ./Core/Src/lcd.o
                0x08000bfc                lcd_init
 *fill*         0x08000c7a        0x2 
 .text.lcd_send_cmd
                0x08000c7c       0x60 ./Core/Src/lcd.o
                0x08000c7c                lcd_send_cmd
 .text.lcd_send_data
                0x08000cdc       0x60 ./Core/Src/lcd.o
                0x08000cdc                lcd_send_data
 .text.lcd_set_line
                0x08000d3c       0x5c ./Core/Src/lcd.o
                0x08000d3c                lcd_set_line
 .text.lcd_send_string
                0x08000d98       0x30 ./Core/Src/lcd.o
                0x08000d98                lcd_send_string
 .text.lcd_update_buffer
                0x08000dc8       0x2c ./Core/Src/lcd.o
                0x08000dc8                lcd_update_buffer
 .text.lcd_clear_buffer
                0x08000df4       0x18 ./Core/Src/lcd.o
                0x08000df4                lcd_clear_buffer
 .text.lcd_update_screen
                0x08000e0c       0x58 ./Core/Src/lcd.o
                0x08000e0c                lcd_update_screen
 .text.lcd_set_custom_symbol
                0x08000e64       0x40 ./Core/Src/lcd.o
                0x08000e64                lcd_set_custom_symbol
 .text.main     0x08000ea4       0x88 ./Core/Src/main.o
                0x08000ea4                main
 .text.SystemClock_Config
                0x08000f2c       0x92 ./Core/Src/main.o
                0x08000f2c                SystemClock_Config
 *fill*         0x08000fbe        0x2 
 .text.MX_I2C1_Init
                0x08000fc0       0x80 ./Core/Src/main.o
 .text.MX_LPUART1_UART_Init
                0x08001040       0x94 ./Core/Src/main.o
 .text.MX_GPIO_Init
                0x080010d4       0xc8 ./Core/Src/main.o
 .text.StartGameTask
                0x0800119c       0x3c ./Core/Src/main.o
                0x0800119c                StartGameTask
 .text.StartDisplayTask
                0x080011d8       0x16 ./Core/Src/main.o
                0x080011d8                StartDisplayTask
 .text.Error_Handler
                0x080011ee        0xc ./Core/Src/main.o
                0x080011ee                Error_Handler
 *fill*         0x080011fa        0x2 
 .text.HAL_MspInit
                0x080011fc       0x54 ./Core/Src/stm32g4xx_hal_msp.o
                0x080011fc                HAL_MspInit
 .text.HAL_I2C_MspInit
                0x08001250       0xb4 ./Core/Src/stm32g4xx_hal_msp.o
                0x08001250                HAL_I2C_MspInit
 .text.HAL_UART_MspInit
                0x08001304       0xb0 ./Core/Src/stm32g4xx_hal_msp.o
                0x08001304                HAL_UART_MspInit
 .text.NMI_Handler
                0x080013b4        0x8 ./Core/Src/stm32g4xx_it.o
                0x080013b4                NMI_Handler
 .text.HardFault_Handler
                0x080013bc        0x8 ./Core/Src/stm32g4xx_it.o
                0x080013bc                HardFault_Handler
 .text.MemManage_Handler
                0x080013c4        0x8 ./Core/Src/stm32g4xx_it.o
                0x080013c4                MemManage_Handler
 .text.BusFault_Handler
                0x080013cc        0x8 ./Core/Src/stm32g4xx_it.o
                0x080013cc                BusFault_Handler
 .text.UsageFault_Handler
                0x080013d4        0x8 ./Core/Src/stm32g4xx_it.o
                0x080013d4                UsageFault_Handler
 .text.DebugMon_Handler
                0x080013dc        0xe ./Core/Src/stm32g4xx_it.o
                0x080013dc                DebugMon_Handler
 .text.SysTick_Handler
                0x080013ea       0x1e ./Core/Src/stm32g4xx_it.o
                0x080013ea                SysTick_Handler
 .text.GetKeyStates
                0x08001408      0x134 ./Core/Src/switch.o
                0x08001408                GetKeyStates
 .text._sbrk    0x0800153c       0x6c ./Core/Src/sysmem.o
                0x0800153c                _sbrk
 .text.SystemInit
                0x080015a8       0x24 ./Core/Src/system_stm32g4xx.o
                0x080015a8                SystemInit
 .text.Reset_Handler
                0x080015cc       0x50 ./Core/Startup/startup_stm32g474retx.o
                0x080015cc                Reset_Handler
 .text.Default_Handler
                0x0800161c        0x2 ./Core/Startup/startup_stm32g474retx.o
                0x0800161c                RTC_Alarm_IRQHandler
                0x0800161c                EXTI2_IRQHandler
                0x0800161c                TIM8_TRG_COM_IRQHandler
                0x0800161c                TIM8_CC_IRQHandler
                0x0800161c                HRTIM1_Master_IRQHandler
                0x0800161c                SPI4_IRQHandler
                0x0800161c                FDCAN3_IT0_IRQHandler
                0x0800161c                TIM1_CC_IRQHandler
                0x0800161c                HRTIM1_FLT_IRQHandler
                0x0800161c                HRTIM1_TIMF_IRQHandler
                0x0800161c                USB_HP_IRQHandler
                0x0800161c                CORDIC_IRQHandler
                0x0800161c                HRTIM1_TIMD_IRQHandler
                0x0800161c                DMA2_Channel8_IRQHandler
                0x0800161c                EXTI3_IRQHandler
                0x0800161c                I2C3_ER_IRQHandler
                0x0800161c                EXTI0_IRQHandler
                0x0800161c                I2C2_EV_IRQHandler
                0x0800161c                FPU_IRQHandler
                0x0800161c                FDCAN1_IT1_IRQHandler
                0x0800161c                TIM1_UP_TIM16_IRQHandler
                0x0800161c                ADC1_2_IRQHandler
                0x0800161c                HRTIM1_TIME_IRQHandler
                0x0800161c                SPI1_IRQHandler
                0x0800161c                TIM6_DAC_IRQHandler
                0x0800161c                HRTIM1_TIMC_IRQHandler
                0x0800161c                TIM8_UP_IRQHandler
                0x0800161c                DMA2_Channel2_IRQHandler
                0x0800161c                DMA1_Channel4_IRQHandler
                0x0800161c                TIM20_TRG_COM_IRQHandler
                0x0800161c                USART3_IRQHandler
                0x0800161c                DMA1_Channel7_IRQHandler
                0x0800161c                UART5_IRQHandler
                0x0800161c                ADC3_IRQHandler
                0x0800161c                TIM4_IRQHandler
                0x0800161c                DMA2_Channel1_IRQHandler
                0x0800161c                QUADSPI_IRQHandler
                0x0800161c                I2C1_EV_IRQHandler
                0x0800161c                DMA1_Channel6_IRQHandler
                0x0800161c                UART4_IRQHandler
                0x0800161c                DMA2_Channel4_IRQHandler
                0x0800161c                TIM3_IRQHandler
                0x0800161c                RCC_IRQHandler
                0x0800161c                TIM20_UP_IRQHandler
                0x0800161c                DMA1_Channel1_IRQHandler
                0x0800161c                Default_Handler
                0x0800161c                DMA2_Channel7_IRQHandler
                0x0800161c                RTC_TAMP_LSECSS_IRQHandler
                0x0800161c                FMAC_IRQHandler
                0x0800161c                EXTI15_10_IRQHandler
                0x0800161c                DMA1_Channel8_IRQHandler
                0x0800161c                HRTIM1_TIMA_IRQHandler
                0x0800161c                TIM7_DAC_IRQHandler
                0x0800161c                FDCAN3_IT1_IRQHandler
                0x0800161c                TIM5_IRQHandler
                0x0800161c                UCPD1_IRQHandler
                0x0800161c                I2C3_EV_IRQHandler
                0x0800161c                EXTI9_5_IRQHandler
                0x0800161c                RTC_WKUP_IRQHandler
                0x0800161c                PVD_PVM_IRQHandler
                0x0800161c                SPI2_IRQHandler
                0x0800161c                ADC5_IRQHandler
                0x0800161c                DMA2_Channel5_IRQHandler
                0x0800161c                CRS_IRQHandler
                0x0800161c                DMA1_Channel5_IRQHandler
                0x0800161c                USB_LP_IRQHandler
                0x0800161c                EXTI4_IRQHandler
                0x0800161c                RNG_IRQHandler
                0x0800161c                HRTIM1_TIMB_IRQHandler
                0x0800161c                TIM1_TRG_COM_TIM17_IRQHandler
                0x0800161c                FDCAN2_IT1_IRQHandler
                0x0800161c                DMA1_Channel3_IRQHandler
                0x0800161c                ADC4_IRQHandler
                0x0800161c                WWDG_IRQHandler
                0x0800161c                I2C4_EV_IRQHandler
                0x0800161c                FDCAN2_IT0_IRQHandler
                0x0800161c                LPUART1_IRQHandler
                0x0800161c                DMA2_Channel6_IRQHandler
                0x0800161c                FDCAN1_IT0_IRQHandler
                0x0800161c                TIM2_IRQHandler
                0x0800161c                COMP7_IRQHandler
                0x0800161c                COMP1_2_3_IRQHandler
                0x0800161c                EXTI1_IRQHandler
                0x0800161c                USART2_IRQHandler
                0x0800161c                COMP4_5_6_IRQHandler
                0x0800161c                TIM20_BRK_IRQHandler
                0x0800161c                I2C2_ER_IRQHandler
                0x0800161c                DMA1_Channel2_IRQHandler
                0x0800161c                TIM8_BRK_IRQHandler
                0x0800161c                FLASH_IRQHandler
                0x0800161c                TIM20_CC_IRQHandler
                0x0800161c                USART1_IRQHandler
                0x0800161c                SPI3_IRQHandler
                0x0800161c                I2C1_ER_IRQHandler
                0x0800161c                FMC_IRQHandler
                0x0800161c                LPTIM1_IRQHandler
                0x0800161c                DMAMUX_OVR_IRQHandler
                0x0800161c                I2C4_ER_IRQHandler
                0x0800161c                USBWakeUp_IRQHandler
                0x0800161c                SAI1_IRQHandler
                0x0800161c                DMA2_Channel3_IRQHandler
                0x0800161c                TIM1_BRK_TIM15_IRQHandler
 .text.HAL_Init
                0x0800161e       0x30 ./Drivers/STM32G4xx_HAL_Driver/Src/stm32g4xx_hal.o
                0x0800161e                HAL_Init
 *fill*         0x0800164e        0x2 
 .text.HAL_InitTick
                0x08001650       0x74 ./Drivers/STM32G4xx_HAL_Driver/Src/stm32g4xx_hal.o
                0x08001650                HAL_InitTick
 .text.HAL_IncTick
                0x080016c4       0x24 ./Drivers/STM32G4xx_HAL_Driver/Src/stm32g4xx_hal.o
                0x080016c4                HAL_IncTick
 .text.HAL_GetTick
                0x080016e8       0x18 ./Drivers/STM32G4xx_HAL_Driver/Src/stm32g4xx_hal.o
                0x080016e8                HAL_GetTick
 .text.HAL_Delay
                0x08001700       0x44 ./Drivers/STM32G4xx_HAL_Driver/Src/stm32g4xx_hal.o
                0x08001700                HAL_Delay
 .text.__NVIC_SetPriorityGrouping
                0x08001744       0x48 ./Drivers/STM32G4xx_HAL_Driver/Src/stm32g4xx_hal_cortex.o
 .text.__NVIC_GetPriorityGrouping
                0x0800178c       0x1c ./Drivers/STM32G4xx_HAL_Driver/Src/stm32g4xx_hal_cortex.o
 .text.__NVIC_SetPriority
                0x080017a8       0x54 ./Drivers/STM32G4xx_HAL_Driver/Src/stm32g4xx_hal_cortex.o
 .text.NVIC_EncodePriority
                0x080017fc       0x66 ./Drivers/STM32G4xx_HAL_Driver/Src/stm32g4xx_hal_cortex.o
 *fill*         0x08001862        0x2 
 .text.SysTick_Config
                0x08001864       0x44 ./Drivers/STM32G4xx_HAL_Driver/Src/stm32g4xx_hal_cortex.o
 .text.HAL_NVIC_SetPriorityGrouping
                0x080018a8       0x16 ./Drivers/STM32G4xx_HAL_Driver/Src/stm32g4xx_hal_cortex.o
                0x080018a8                HAL_NVIC_SetPriorityGrouping
 .text.HAL_NVIC_SetPriority
                0x080018be       0x34 ./Drivers/STM32G4xx_HAL_Driver/Src/stm32g4xx_hal_cortex.o
                0x080018be                HAL_NVIC_SetPriority
 .text.HAL_SYSTICK_Config
                0x080018f2       0x18 ./Drivers/STM32G4xx_HAL_Driver/Src/stm32g4xx_hal_cortex.o
                0x080018f2                HAL_SYSTICK_Config
 *fill*         0x0800190a        0x2 
 .text.HAL_GPIO_Init
                0x0800190c      0x304 ./Drivers/STM32G4xx_HAL_Driver/Src/stm32g4xx_hal_gpio.o
                0x0800190c                HAL_GPIO_Init
 .text.HAL_GPIO_WritePin
                0x08001c10       0x30 ./Drivers/STM32G4xx_HAL_Driver/Src/stm32g4xx_hal_gpio.o
                0x08001c10                HAL_GPIO_WritePin
 .text.HAL_I2C_Init
                0x08001c40      0x136 ./Drivers/STM32G4xx_HAL_Driver/Src/stm32g4xx_hal_i2c.o
                0x08001c40                HAL_I2C_Init
 *fill*         0x08001d76        0x2 
 .text.HAL_I2C_Master_Transmit
                0x08001d78      0x230 ./Drivers/STM32G4xx_HAL_Driver/Src/stm32g4xx_hal_i2c.o
                0x08001d78                HAL_I2C_Master_Transmit
 .text.I2C_Flush_TXDR
                0x08001fa8       0x48 ./Drivers/STM32G4xx_HAL_Driver/Src/stm32g4xx_hal_i2c.o
 .text.I2C_WaitOnFlagUntilTimeout
                0x08001ff0       0xb2 ./Drivers/STM32G4xx_HAL_Driver/Src/stm32g4xx_hal_i2c.o
 .text.I2C_WaitOnTXISFlagUntilTimeout
                0x080020a2       0x8e ./Drivers/STM32G4xx_HAL_Driver/Src/stm32g4xx_hal_i2c.o
 .text.I2C_WaitOnSTOPFlagUntilTimeout
                0x08002130       0x86 ./Drivers/STM32G4xx_HAL_Driver/Src/stm32g4xx_hal_i2c.o
 *fill*         0x080021b6        0x2 
 .text.I2C_IsErrorOccurred
                0x080021b8      0x1c0 ./Drivers/STM32G4xx_HAL_Driver/Src/stm32g4xx_hal_i2c.o
 .text.I2C_TransferConfig
                0x08002378       0x64 ./Drivers/STM32G4xx_HAL_Driver/Src/stm32g4xx_hal_i2c.o
 .text.HAL_I2CEx_ConfigAnalogFilter
                0x080023dc       0x96 ./Drivers/STM32G4xx_HAL_Driver/Src/stm32g4xx_hal_i2c_ex.o
                0x080023dc                HAL_I2CEx_ConfigAnalogFilter
 .text.HAL_I2CEx_ConfigDigitalFilter
                0x08002472       0x98 ./Drivers/STM32G4xx_HAL_Driver/Src/stm32g4xx_hal_i2c_ex.o
                0x08002472                HAL_I2CEx_ConfigDigitalFilter
 *fill*         0x0800250a        0x2 
 .text.HAL_PWREx_ControlVoltageScaling
                0x0800250c      0x148 ./Drivers/STM32G4xx_HAL_Driver/Src/stm32g4xx_hal_pwr_ex.o
                0x0800250c                HAL_PWREx_ControlVoltageScaling
 .text.HAL_PWREx_DisableUCPDDeadBattery
                0x08002654       0x20 ./Drivers/STM32G4xx_HAL_Driver/Src/stm32g4xx_hal_pwr_ex.o
                0x08002654                HAL_PWREx_DisableUCPDDeadBattery
 .text.HAL_RCC_OscConfig
                0x08002674      0x624 ./Drivers/STM32G4xx_HAL_Driver/Src/stm32g4xx_hal_rcc.o
                0x08002674                HAL_RCC_OscConfig
 .text.HAL_RCC_ClockConfig
                0x08002c98      0x278 ./Drivers/STM32G4xx_HAL_Driver/Src/stm32g4xx_hal_rcc.o
                0x08002c98                HAL_RCC_ClockConfig
 .text.HAL_RCC_GetSysClockFreq
                0x08002f10       0xc4 ./Drivers/STM32G4xx_HAL_Driver/Src/stm32g4xx_hal_rcc.o
                0x08002f10                HAL_RCC_GetSysClockFreq
 .text.HAL_RCC_GetHCLKFreq
                0x08002fd4       0x18 ./Drivers/STM32G4xx_HAL_Driver/Src/stm32g4xx_hal_rcc.o
                0x08002fd4                HAL_RCC_GetHCLKFreq
 .text.HAL_RCC_GetPCLK1Freq
                0x08002fec       0x2c ./Drivers/STM32G4xx_HAL_Driver/Src/stm32g4xx_hal_rcc.o
                0x08002fec                HAL_RCC_GetPCLK1Freq
 .text.HAL_RCC_GetPCLK2Freq
                0x08003018       0x2c ./Drivers/STM32G4xx_HAL_Driver/Src/stm32g4xx_hal_rcc.o
                0x08003018                HAL_RCC_GetPCLK2Freq
 .text.RCC_GetSysClockFreqFromPLLSource
                0x08003044       0x8c ./Drivers/STM32G4xx_HAL_Driver/Src/stm32g4xx_hal_rcc.o
 .text.HAL_RCCEx_PeriphCLKConfig
                0x080030d0      0x49c ./Drivers/STM32G4xx_HAL_Driver/Src/stm32g4xx_hal_rcc_ex.o
                0x080030d0                HAL_RCCEx_PeriphCLKConfig
 .text.HAL_UART_Init
                0x0800356c       0xa0 ./Drivers/STM32G4xx_HAL_Driver/Src/stm32g4xx_hal_uart.o
                0x0800356c                HAL_UART_Init
 .text.UART_SetConfig
                0x0800360c      0x5f8 ./Drivers/STM32G4xx_HAL_Driver/Src/stm32g4xx_hal_uart.o
                0x0800360c                UART_SetConfig
 .text.UART_AdvFeatureConfig
                0x08003c04      0x144 ./Drivers/STM32G4xx_HAL_Driver/Src/stm32g4xx_hal_uart.o
                0x08003c04                UART_AdvFeatureConfig
 .text.UART_CheckIdleState
                0x08003d48      0x154 ./Drivers/STM32G4xx_HAL_Driver/Src/stm32g4xx_hal_uart.o
                0x08003d48                UART_CheckIdleState
 .text.UART_WaitOnFlagUntilTimeout
                0x08003e9c       0xda ./Drivers/STM32G4xx_HAL_Driver/Src/stm32g4xx_hal_uart.o
                0x08003e9c                UART_WaitOnFlagUntilTimeout
 .text.UART_EndRxTransfer
                0x08003f76       0xcc ./Drivers/STM32G4xx_HAL_Driver/Src/stm32g4xx_hal_uart.o
 .text.HAL_UARTEx_DisableFifoMode
                0x08004042       0x72 ./Drivers/STM32G4xx_HAL_Driver/Src/stm32g4xx_hal_uart_ex.o
                0x08004042                HAL_UARTEx_DisableFifoMode
 .text.HAL_UARTEx_SetTxFifoThreshold
                0x080040b4       0x7c ./Drivers/STM32G4xx_HAL_Driver/Src/stm32g4xx_hal_uart_ex.o
                0x080040b4                HAL_UARTEx_SetTxFifoThreshold
 .text.HAL_UARTEx_SetRxFifoThreshold
                0x08004130       0x7c ./Drivers/STM32G4xx_HAL_Driver/Src/stm32g4xx_hal_uart_ex.o
                0x08004130                HAL_UARTEx_SetRxFifoThreshold
 .text.UARTEx_SetNbDataToProcess
                0x080041ac       0x9c ./Drivers/STM32G4xx_HAL_Driver/Src/stm32g4xx_hal_uart_ex.o
 .text.__NVIC_SetPriority
                0x08004248       0x54 ./Middlewares/Third_Party/FreeRTOS/Source/CMSIS_RTOS_V2/cmsis_os2.o
 .text.SVC_Setup
                0x0800429c       0x12 ./Middlewares/Third_Party/FreeRTOS/Source/CMSIS_RTOS_V2/cmsis_os2.o
 *fill*         0x080042ae        0x2 
 .text.osKernelInitialize
                0x080042b0       0x48 ./Middlewares/Third_Party/FreeRTOS/Source/CMSIS_RTOS_V2/cmsis_os2.o
                0x080042b0                osKernelInitialize
 .text.osKernelStart
                0x080042f8       0x4c ./Middlewares/Third_Party/FreeRTOS/Source/CMSIS_RTOS_V2/cmsis_os2.o
                0x080042f8                osKernelStart
 .text.osThreadNew
                0x08004344      0x124 ./Middlewares/Third_Party/FreeRTOS/Source/CMSIS_RTOS_V2/cmsis_os2.o
                0x08004344                osThreadNew
 .text.osDelay  0x08004468       0x36 ./Middlewares/Third_Party/FreeRTOS/Source/CMSIS_RTOS_V2/cmsis_os2.o
                0x08004468                osDelay
 *fill*         0x0800449e        0x2 
 .text.vApplicationGetIdleTaskMemory
                0x080044a0       0x34 ./Middlewares/Third_Party/FreeRTOS/Source/CMSIS_RTOS_V2/cmsis_os2.o
                0x080044a0                vApplicationGetIdleTaskMemory
 .text.vApplicationGetTimerTaskMemory
                0x080044d4       0x34 ./Middlewares/Third_Party/FreeRTOS/Source/CMSIS_RTOS_V2/cmsis_os2.o
                0x080044d4                vApplicationGetTimerTaskMemory
 .text.vListInitialise
                0x08004508       0x40 ./Middlewares/Third_Party/FreeRTOS/Source/list.o
                0x08004508                vListInitialise
 .text.vListInitialiseItem
                0x08004548       0x1a ./Middlewares/Third_Party/FreeRTOS/Source/list.o
                0x08004548                vListInitialiseItem
 .text.vListInsertEnd
                0x08004562       0x48 ./Middlewares/Third_Party/FreeRTOS/Source/list.o
                0x08004562                vListInsertEnd
 .text.vListInsert
                0x080045aa       0x72 ./Middlewares/Third_Party/FreeRTOS/Source/list.o
                0x080045aa                vListInsert
 .text.uxListRemove
                0x0800461c       0x54 ./Middlewares/Third_Party/FreeRTOS/Source/list.o
                0x0800461c                uxListRemove
 .text.xQueueGenericReset
                0x08004670       0xd4 ./Middlewares/Third_Party/FreeRTOS/Source/queue.o
                0x08004670                xQueueGenericReset
 .text.xQueueGenericCreateStatic
                0x08004744       0xfa ./Middlewares/Third_Party/FreeRTOS/Source/queue.o
                0x08004744                xQueueGenericCreateStatic
 .text.prvInitialiseNewQueue
                0x0800483e       0x46 ./Middlewares/Third_Party/FreeRTOS/Source/queue.o
 .text.xQueueGenericSend
                0x08004884      0x204 ./Middlewares/Third_Party/FreeRTOS/Source/queue.o
                0x08004884                xQueueGenericSend
 .text.xQueueGenericSendFromISR
                0x08004a88      0x13c ./Middlewares/Third_Party/FreeRTOS/Source/queue.o
                0x08004a88                xQueueGenericSendFromISR
 .text.xQueueReceive
                0x08004bc4      0x1c4 ./Middlewares/Third_Party/FreeRTOS/Source/queue.o
                0x08004bc4                xQueueReceive
 .text.prvCopyDataToQueue
                0x08004d88       0xd4 ./Middlewares/Third_Party/FreeRTOS/Source/queue.o
 .text.prvCopyDataFromQueue
                0x08004e5c       0x4c ./Middlewares/Third_Party/FreeRTOS/Source/queue.o
 .text.prvUnlockQueue
                0x08004ea8       0xa4 ./Middlewares/Third_Party/FreeRTOS/Source/queue.o
 .text.prvIsQueueEmpty
                0x08004f4c       0x2c ./Middlewares/Third_Party/FreeRTOS/Source/queue.o
 .text.prvIsQueueFull
                0x08004f78       0x30 ./Middlewares/Third_Party/FreeRTOS/Source/queue.o
 .text.vQueueAddToRegistry
                0x08004fa8       0x54 ./Middlewares/Third_Party/FreeRTOS/Source/queue.o
                0x08004fa8                vQueueAddToRegistry
 .text.vQueueWaitForMessageRestricted
                0x08004ffc       0x68 ./Middlewares/Third_Party/FreeRTOS/Source/queue.o
                0x08004ffc                vQueueWaitForMessageRestricted
 .text.xTaskCreateStatic
                0x08005064       0xc0 ./Middlewares/Third_Party/FreeRTOS/Source/tasks.o
                0x08005064                xTaskCreateStatic
 .text.xTaskCreate
                0x08005124       0x8a ./Middlewares/Third_Party/FreeRTOS/Source/tasks.o
                0x08005124                xTaskCreate
 .text.prvInitialiseNewTask
                0x080051ae      0x120 ./Middlewares/Third_Party/FreeRTOS/Source/tasks.o
 *fill*         0x080052ce        0x2 
 .text.prvAddNewTaskToReadyList
                0x080052d0       0xe0 ./Middlewares/Third_Party/FreeRTOS/Source/tasks.o
 .text.vTaskDelay
                0x080053b0       0x6c ./Middlewares/Third_Party/FreeRTOS/Source/tasks.o
                0x080053b0                vTaskDelay
 .text.vTaskStartScheduler
                0x0800541c       0xd0 ./Middlewares/Third_Party/FreeRTOS/Source/tasks.o
                0x0800541c                vTaskStartScheduler
 .text.vTaskSuspendAll
                0x080054ec       0x1c ./Middlewares/Third_Party/FreeRTOS/Source/tasks.o
                0x080054ec                vTaskSuspendAll
 .text.xTaskResumeAll
                0x08005508      0x13c ./Middlewares/Third_Party/FreeRTOS/Source/tasks.o
                0x08005508                xTaskResumeAll
 .text.xTaskGetTickCount
                0x08005644       0x20 ./Middlewares/Third_Party/FreeRTOS/Source/tasks.o
                0x08005644                xTaskGetTickCount
 .text.xTaskIncrementTick
                0x08005664      0x174 ./Middlewares/Third_Party/FreeRTOS/Source/tasks.o
                0x08005664                xTaskIncrementTick
 .text.vTaskSwitchContext
                0x080057d8       0xbc ./Middlewares/Third_Party/FreeRTOS/Source/tasks.o
                0x080057d8                vTaskSwitchContext
 .text.vTaskPlaceOnEventList
                0x08005894       0x4c ./Middlewares/Third_Party/FreeRTOS/Source/tasks.o
                0x08005894                vTaskPlaceOnEventList
 .text.vTaskPlaceOnEventListRestricted
                0x080058e0       0x58 ./Middlewares/Third_Party/FreeRTOS/Source/tasks.o
                0x080058e0                vTaskPlaceOnEventListRestricted
 .text.xTaskRemoveFromEventList
                0x08005938       0xc8 ./Middlewares/Third_Party/FreeRTOS/Source/tasks.o
                0x08005938                xTaskRemoveFromEventList
 .text.vTaskInternalSetTimeOutState
                0x08005a00       0x2c ./Middlewares/Third_Party/FreeRTOS/Source/tasks.o
                0x08005a00                vTaskInternalSetTimeOutState
 .text.xTaskCheckForTimeOut
                0x08005a2c       0xc8 ./Middlewares/Third_Party/FreeRTOS/Source/tasks.o
                0x08005a2c                xTaskCheckForTimeOut
 .text.vTaskMissedYield
                0x08005af4       0x18 ./Middlewares/Third_Party/FreeRTOS/Source/tasks.o
                0x08005af4                vTaskMissedYield
 .text.prvIdleTask
                0x08005b0c       0x30 ./Middlewares/Third_Party/FreeRTOS/Source/tasks.o
 .text.prvInitialiseTaskLists
                0x08005b3c       0x80 ./Middlewares/Third_Party/FreeRTOS/Source/tasks.o
 .text.prvCheckTasksWaitingTermination
                0x08005bbc       0x5c ./Middlewares/Third_Party/FreeRTOS/Source/tasks.o
 .text.prvDeleteTCB
                0x08005c18       0x60 ./Middlewares/Third_Party/FreeRTOS/Source/tasks.o
 .text.prvResetNextTaskUnblockTime
                0x08005c78       0x40 ./Middlewares/Third_Party/FreeRTOS/Source/tasks.o
 .text.xTaskGetSchedulerState
                0x08005cb8       0x3c ./Middlewares/Third_Party/FreeRTOS/Source/tasks.o
                0x08005cb8                xTaskGetSchedulerState
 .text.xTaskPriorityDisinherit
                0x08005cf4       0xe0 ./Middlewares/Third_Party/FreeRTOS/Source/tasks.o
                0x08005cf4                xTaskPriorityDisinherit
 .text.prvAddCurrentTaskToDelayedList
                0x08005dd4       0xa8 ./Middlewares/Third_Party/FreeRTOS/Source/tasks.o
 .text.xTimerCreateTimerTask
                0x08005e7c       0x94 ./Middlewares/Third_Party/FreeRTOS/Source/timers.o
                0x08005e7c                xTimerCreateTimerTask
 .text.xTimerGenericCommand
                0x08005f10       0x9c ./Middlewares/Third_Party/FreeRTOS/Source/timers.o
                0x08005f10                xTimerGenericCommand
 .text.prvProcessExpiredTimer
                0x08005fac       0x9c ./Middlewares/Third_Party/FreeRTOS/Source/timers.o
 .text.prvTimerTask
                0x08006048       0x26 ./Middlewares/Third_Party/FreeRTOS/Source/timers.o
 *fill*         0x0800606e        0x2 
 .text.prvProcessTimerOrBlockTask
                0x08006070       0x9c ./Middlewares/Third_Party/FreeRTOS/Source/timers.o
 .text.prvGetNextExpireTime
                0x0800610c       0x48 ./Middlewares/Third_Party/FreeRTOS/Source/timers.o
 .text.prvSampleTimeNow
                0x08006154       0x40 ./Middlewares/Third_Party/FreeRTOS/Source/timers.o
 .text.prvInsertTimerInActiveList
                0x08006194       0x84 ./Middlewares/Third_Party/FreeRTOS/Source/timers.o
 .text.prvProcessReceivedCommands
                0x08006218      0x1cc ./Middlewares/Third_Party/FreeRTOS/Source/timers.o
 .text.prvSwitchTimerLists
                0x080063e4       0xcc ./Middlewares/Third_Party/FreeRTOS/Source/timers.o
 .text.prvCheckForValidListAndQueue
                0x080064b0       0x80 ./Middlewares/Third_Party/FreeRTOS/Source/timers.o
 .text.pxPortInitialiseStack
                0x08006530       0x68 ./Middlewares/Third_Party/FreeRTOS/Source/portable/GCC/ARM_CM4F/port.o
                0x08006530                pxPortInitialiseStack
 .text.prvTaskExitError
                0x08006598       0x5c ./Middlewares/Third_Party/FreeRTOS/Source/portable/GCC/ARM_CM4F/port.o
 *fill*         0x080065f4        0xc 
 .text.SVC_Handler
                0x08006600       0x28 ./Middlewares/Third_Party/FreeRTOS/Source/portable/GCC/ARM_CM4F/port.o
                0x08006600                SVC_Handler
 .text.prvPortStartFirstTask
                0x08006628       0x28 ./Middlewares/Third_Party/FreeRTOS/Source/portable/GCC/ARM_CM4F/port.o
 .text.xPortStartScheduler
                0x08006650      0x148 ./Middlewares/Third_Party/FreeRTOS/Source/portable/GCC/ARM_CM4F/port.o
                0x08006650                xPortStartScheduler
 .text.vPortEnterCritical
                0x08006798       0x64 ./Middlewares/Third_Party/FreeRTOS/Source/portable/GCC/ARM_CM4F/port.o
                0x08006798                vPortEnterCritical
 .text.vPortExitCritical
                0x080067fc       0x54 ./Middlewares/Third_Party/FreeRTOS/Source/portable/GCC/ARM_CM4F/port.o
                0x080067fc                vPortExitCritical
 .text.PendSV_Handler
                0x08006850       0x68 ./Middlewares/Third_Party/FreeRTOS/Source/portable/GCC/ARM_CM4F/port.o
                0x08006850                PendSV_Handler
 .text.xPortSysTickHandler
                0x080068b8       0x44 ./Middlewares/Third_Party/FreeRTOS/Source/portable/GCC/ARM_CM4F/port.o
                0x080068b8                xPortSysTickHandler
 .text.vPortSetupTimerInterrupt
                0x080068fc       0x48 ./Middlewares/Third_Party/FreeRTOS/Source/portable/GCC/ARM_CM4F/port.o
                0x080068fc                vPortSetupTimerInterrupt
 .text.vPortEnableVFP
                0x08006944       0x14 ./Middlewares/Third_Party/FreeRTOS/Source/portable/GCC/ARM_CM4F/port.o
 .text.vPortValidateInterruptPriority
                0x08006958       0x84 ./Middlewares/Third_Party/FreeRTOS/Source/portable/GCC/ARM_CM4F/port.o
                0x08006958                vPortValidateInterruptPriority
 .text.pvPortMalloc
                0x080069dc      0x19c ./Middlewares/Third_Party/FreeRTOS/Source/portable/MemMang/heap_4.o
                0x080069dc                pvPortMalloc
 .text.vPortFree
                0x08006b78       0xc8 ./Middlewares/Third_Party/FreeRTOS/Source/portable/MemMang/heap_4.o
                0x08006b78                vPortFree
 .text.prvHeapInit
                0x08006c40       0xc4 ./Middlewares/Third_Party/FreeRTOS/Source/portable/MemMang/heap_4.o
 .text.prvInsertBlockIntoFreeList
                0x08006d04       0xb4 ./Middlewares/Third_Party/FreeRTOS/Source/portable/MemMang/heap_4.o
 .text.sprintf  0x08006db8       0x44 /opt/st/stm32cubeide_1.19.0/plugins/com.st.stm32cube.ide.mcu.externaltools.gnu-tools-for-stm32.13.3.rel1.linux64_1.0.0.202410170706/tools/bin/../lib/gcc/arm-none-eabi/13.3.1/../../../../arm-none-eabi/lib/thumb/v7e-m+fp/hard/libc_nano.a(libc_a-sprintf.o)
                0x08006db8                sprintf
                0x08006db8                siprintf
 .text.memset   0x08006dfc       0x10 /opt/st/stm32cubeide_1.19.0/plugins/com.st.stm32cube.ide.mcu.externaltools.gnu-tools-for-stm32.13.3.rel1.linux64_1.0.0.202410170706/tools/bin/../lib/gcc/arm-none-eabi/13.3.1/../../../../arm-none-eabi/lib/thumb/v7e-m+fp/hard/libc_nano.a(libc_a-memset.o)
                0x08006dfc                memset
 .text.__errno  0x08006e0c        0xc /opt/st/stm32cubeide_1.19.0/plugins/com.st.stm32cube.ide.mcu.externaltools.gnu-tools-for-stm32.13.3.rel1.linux64_1.0.0.202410170706/tools/bin/../lib/gcc/arm-none-eabi/13.3.1/../../../../arm-none-eabi/lib/thumb/v7e-m+fp/hard/libc_nano.a(libc_a-errno.o)
                0x08006e0c                __errno
 .text.__libc_init_array
                0x08006e18       0x48 /opt/st/stm32cubeide_1.19.0/plugins/com.st.stm32cube.ide.mcu.externaltools.gnu-tools-for-stm32.13.3.rel1.linux64_1.0.0.202410170706/tools/bin/../lib/gcc/arm-none-eabi/13.3.1/../../../../arm-none-eabi/lib/thumb/v7e-m+fp/hard/libc_nano.a(libc_a-init.o)
                0x08006e18                __libc_init_array
 .text.__retarget_lock_acquire_recursive
                0x08006e60        0x2 /opt/st/stm32cubeide_1.19.0/plugins/com.st.stm32cube.ide.mcu.externaltools.gnu-tools-for-stm32.13.3.rel1.linux64_1.0.0.202410170706/tools/bin/../lib/gcc/arm-none-eabi/13.3.1/../../../../arm-none-eabi/lib/thumb/v7e-m+fp/hard/libc_nano.a(libc_a-lock.o)
                0x08006e60                __retarget_lock_acquire_recursive
 .text.__retarget_lock_release_recursive
                0x08006e62        0x2 /opt/st/stm32cubeide_1.19.0/plugins/com.st.stm32cube.ide.mcu.externaltools.gnu-tools-for-stm32.13.3.rel1.linux64_1.0.0.202410170706/tools/bin/../lib/gcc/arm-none-eabi/13.3.1/../../../../arm-none-eabi/lib/thumb/v7e-m+fp/hard/libc_nano.a(libc_a-lock.o)
                0x08006e62                __retarget_lock_release_recursive
 .text.memcpy   0x08006e64       0x1c /opt/st/stm32cubeide_1.19.0/plugins/com.st.stm32cube.ide.mcu.externaltools.gnu-tools-for-stm32.13.3.rel1.linux64_1.0.0.202410170706/tools/bin/../lib/gcc/arm-none-eabi/13.3.1/../../../../arm-none-eabi/lib/thumb/v7e-m+fp/hard/libc_nano.a(libc_a-memcpy-stub.o)
                0x08006e64                memcpy
 .text._free_r  0x08006e80       0x94 /opt/st/stm32cubeide_1.19.0/plugins/com.st.stm32cube.ide.mcu.externaltools.gnu-tools-for-stm32.13.3.rel1.linux64_1.0.0.202410170706/tools/bin/../lib/gcc/arm-none-eabi/13.3.1/../../../../arm-none-eabi/lib/thumb/v7e-m+fp/hard/libc_nano.a(libc_a-freer.o)
                0x08006e80                _free_r
 .text.sbrk_aligned
                0x08006f14       0x44 /opt/st/stm32cubeide_1.19.0/plugins/com.st.stm32cube.ide.mcu.externaltools.gnu-tools-for-stm32.13.3.rel1.linux64_1.0.0.202410170706/tools/bin/../lib/gcc/arm-none-eabi/13.3.1/../../../../arm-none-eabi/lib/thumb/v7e-m+fp/hard/libc_nano.a(libc_a-mallocr.o)
 .text._malloc_r
                0x08006f58      0x100 /opt/st/stm32cubeide_1.19.0/plugins/com.st.stm32cube.ide.mcu.externaltools.gnu-tools-for-stm32.13.3.rel1.linux64_1.0.0.202410170706/tools/bin/../lib/gcc/arm-none-eabi/13.3.1/../../../../arm-none-eabi/lib/thumb/v7e-m+fp/hard/libc_nano.a(libc_a-mallocr.o)
                0x08006f58                _malloc_r
 .text.__malloc_lock
                0x08007058        0xc /opt/st/stm32cubeide_1.19.0/plugins/com.st.stm32cube.ide.mcu.externaltools.gnu-tools-for-stm32.13.3.rel1.linux64_1.0.0.202410170706/tools/bin/../lib/gcc/arm-none-eabi/13.3.1/../../../../arm-none-eabi/lib/thumb/v7e-m+fp/hard/libc_nano.a(libc_a-mlock.o)
                0x08007058                __malloc_lock
 .text.__malloc_unlock
                0x08007064        0xc /opt/st/stm32cubeide_1.19.0/plugins/com.st.stm32cube.ide.mcu.externaltools.gnu-tools-for-stm32.13.3.rel1.linux64_1.0.0.202410170706/tools/bin/../lib/gcc/arm-none-eabi/13.3.1/../../../../arm-none-eabi/lib/thumb/v7e-m+fp/hard/libc_nano.a(libc_a-mlock.o)
                0x08007064                __malloc_unlock
 .text.__ssputs_r
                0x08007070       0xb6 /opt/st/stm32cubeide_1.19.0/plugins/com.st.stm32cube.ide.mcu.externaltools.gnu-tools-for-stm32.13.3.rel1.linux64_1.0.0.202410170706/tools/bin/../lib/gcc/arm-none-eabi/13.3.1/../../../../arm-none-eabi/lib/thumb/v7e-m+fp/hard/libc_nano.a(libc_a-nano-svfprintf.o)
                0x08007070                __ssputs_r
 *fill*         0x08007126        0x2 
 .text._svfprintf_r
                0x08007128      0x1f8 /opt/st/stm32cubeide_1.19.0/plugins/com.st.stm32cube.ide.mcu.externaltools.gnu-tools-for-stm32.13.3.rel1.linux64_1.0.0.202410170706/tools/bin/../lib/gcc/arm-none-eabi/13.3.1/../../../../arm-none-eabi/lib/thumb/v7e-m+fp/hard/libc_nano.a(libc_a-nano-svfprintf.o)
                0x08007128                _svfprintf_r
                0x08007128                _svfiprintf_r
 .text._printf_common
                0x08007320       0xda /opt/st/stm32cubeide_1.19.0/plugins/com.st.stm32cube.ide.mcu.externaltools.gnu-tools-for-stm32.13.3.rel1.linux64_1.0.0.202410170706/tools/bin/../lib/gcc/arm-none-eabi/13.3.1/../../../../arm-none-eabi/lib/thumb/v7e-m+fp/hard/libc_nano.a(libc_a-nano-vfprintf_i.o)
                0x08007320                _printf_common
 *fill*         0x080073fa        0x2 
 .text._printf_i
                0x080073fc      0x23c /opt/st/stm32cubeide_1.19.0/plugins/com.st.stm32cube.ide.mcu.externaltools.gnu-tools-for-stm32.13.3.rel1.linux64_1.0.0.202410170706/tools/bin/../lib/gcc/arm-none-eabi/13.3.1/../../../../arm-none-eabi/lib/thumb/v7e-m+fp/hard/libc_nano.a(libc_a-nano-vfprintf_i.o)
                0x080073fc                _printf_i
 .text.memmove  0x08007638       0x34 /opt/st/stm32cubeide_1.19.0/plugins/com.st.stm32cube.ide.mcu.externaltools.gnu-tools-for-stm32.13.3.rel1.linux64_1.0.0.202410170706/tools/bin/../lib/gcc/arm-none-eabi/13.3.1/../../../../arm-none-eabi/lib/thumb/v7e-m+fp/hard/libc_nano.a(libc_a-memmove.o)
                0x08007638                memmove
 .text._sbrk_r  0x0800766c       0x20 /opt/st/stm32cubeide_1.19.0/plugins/com.st.stm32cube.ide.mcu.externaltools.gnu-tools-for-stm32.13.3.rel1.linux64_1.0.0.202410170706/tools/bin/../lib/gcc/arm-none-eabi/13.3.1/../../../../arm-none-eabi/lib/thumb/v7e-m+fp/hard/libc_nano.a(libc_a-sbrkr.o)
                0x0800766c                _sbrk_r
 .text._realloc_r
                0x0800768c       0x5c /opt/st/stm32cubeide_1.19.0/plugins/com.st.stm32cube.ide.mcu.externaltools.gnu-tools-for-stm32.13.3.rel1.linux64_1.0.0.202410170706/tools/bin/../lib/gcc/arm-none-eabi/13.3.1/../../../../arm-none-eabi/lib/thumb/v7e-m+fp/hard/libc_nano.a(libc_a-reallocr.o)
                0x0800768c                _realloc_r
 .text._malloc_usable_size_r
                0x080076e8       0x10 /opt/st/stm32cubeide_1.19.0/plugins/com.st.stm32cube.ide.mcu.externaltools.gnu-tools-for-stm32.13.3.rel1.linux64_1.0.0.202410170706/tools/bin/../lib/gcc/arm-none-eabi/13.3.1/../../../../arm-none-eabi/lib/thumb/v7e-m+fp/hard/libc_nano.a(libc_a-msizer.o)
                0x080076e8                _malloc_usable_size_r
 *(.glue_7)
 .glue_7        0x080076f8        0x0 linker stubs
 *(.glue_7t)
 .glue_7t       0x080076f8        0x0 linker stubs
 *(.eh_frame)
 .eh_frame      0x080076f8        0x0 /opt/st/stm32cubeide_1.19.0/plugins/com.st.stm32cube.ide.mcu.externaltools.gnu-tools-for-stm32.13.3.rel1.linux64_1.0.0.202410170706/tools/bin/../lib/gcc/arm-none-eabi/13.3.1/thumb/v7e-m+fp/hard/crtbegin.o
 *(.init)
 .init          0x080076f8        0x4 /opt/st/stm32cubeide_1.19.0/plugins/com.st.stm32cube.ide.mcu.externaltools.gnu-tools-for-stm32.13.3.rel1.linux64_1.0.0.202410170706/tools/bin/../lib/gcc/arm-none-eabi/13.3.1/thumb/v7e-m+fp/hard/crti.o
                0x080076f8                _init
 .init          0x080076fc        0x8 /opt/st/stm32cubeide_1.19.0/plugins/com.st.stm32cube.ide.mcu.externaltools.gnu-tools-for-stm32.13.3.rel1.linux64_1.0.0.202410170706/tools/bin/../lib/gcc/arm-none-eabi/13.3.1/thumb/v7e-m+fp/hard/crtn.o
 *(.fini)
 .fini          0x08007704        0x4 /opt/st/stm32cubeide_1.19.0/plugins/com.st.stm32cube.ide.mcu.externaltools.gnu-tools-for-stm32.13.3.rel1.linux64_1.0.0.202410170706/tools/bin/../lib/gcc/arm-none-eabi/13.3.1/thumb/v7e-m+fp/hard/crti.o
                0x08007704                _fini
 .fini          0x08007708        0x8 /opt/st/stm32cubeide_1.19.0/plugins/com.st.stm32cube.ide.mcu.externaltools.gnu-tools-for-stm32.13.3.rel1.linux64_1.0.0.202410170706/tools/bin/../lib/gcc/arm-none-eabi/13.3.1/thumb/v7e-m+fp/hard/crtn.o
                0x08007710                        . = ALIGN (0x4)
                0x08007710                        _etext = .

.vfp11_veneer   0x08007710        0x0
 .vfp11_veneer  0x08007710        0x0 linker stubs

.v4_bx          0x08007710        0x0
 .v4_bx         0x08007710        0x0 linker stubs

.iplt           0x08007710        0x0
 .iplt          0x08007710        0x0 /opt/st/stm32cubeide_1.19.0/plugins/com.st.stm32cube.ide.mcu.externaltools.gnu-tools-for-stm32.13.3.rel1.linux64_1.0.0.202410170706/tools/bin/../lib/gcc/arm-none-eabi/13.3.1/thumb/v7e-m+fp/hard/crtbegin.o

.rodata         0x08007710      0x1cc
                0x08007710                        . = ALIGN (0x4)
 *(.rodata)
 .rodata        0x08007710       0xc9 ./Core/Src/display.o
 *fill*         0x080077d9        0x3 
 .rodata        0x080077dc       0x2c ./Core/Src/main.o
 .rodata        0x08007808        0x5 ./Middlewares/Third_Party/FreeRTOS/Source/tasks.o
 *fill*         0x0800780d        0x3 
 .rodata        0x08007810        0xd ./Middlewares/Third_Party/FreeRTOS/Source/timers.o
 *(.rodata*)
 *fill*         0x0800781d        0x3 
 .rodata.GameTask_attributes
                0x08007820       0x24 ./Core/Src/main.o
                0x08007820                GameTask_attributes
 .rodata.DisplayTask_attributes
                0x08007844       0x24 ./Core/Src/main.o
                0x08007844                DisplayTask_attributes
 .rodata.AHBPrescTable
                0x08007868       0x10 ./Core/Src/system_stm32g4xx.o
                0x08007868                AHBPrescTable
 .rodata.APBPrescTable
                0x08007878        0x8 ./Core/Src/system_stm32g4xx.o
                0x08007878                APBPrescTable
 .rodata.UARTPrescTable
                0x08007880       0x18 ./Drivers/STM32G4xx_HAL_Driver/Src/stm32g4xx_hal_uart.o
                0x08007880                UARTPrescTable
 .rodata.numerator.1
                0x08007898        0x8 ./Drivers/STM32G4xx_HAL_Driver/Src/stm32g4xx_hal_uart_ex.o
 .rodata.denominator.0
                0x080078a0        0x8 ./Drivers/STM32G4xx_HAL_Driver/Src/stm32g4xx_hal_uart_ex.o
 .rodata._svfprintf_r.str1.1
                0x080078a8       0x33 /opt/st/stm32cubeide_1.19.0/plugins/com.st.stm32cube.ide.mcu.externaltools.gnu-tools-for-stm32.13.3.rel1.linux64_1.0.0.202410170706/tools/bin/../lib/gcc/arm-none-eabi/13.3.1/../../../../arm-none-eabi/lib/thumb/v7e-m+fp/hard/libc_nano.a(libc_a-nano-svfprintf.o)
                                 0x11 (size before relaxing)
 .rodata._printf_i.str1.1
                0x080078db       0x22 /opt/st/stm32cubeide_1.19.0/plugins/com.st.stm32cube.ide.mcu.externaltools.gnu-tools-for-stm32.13.3.rel1.linux64_1.0.0.202410170706/tools/bin/../lib/gcc/arm-none-eabi/13.3.1/../../../../arm-none-eabi/lib/thumb/v7e-m+fp/hard/libc_nano.a(libc_a-nano-vfprintf_i.o)
                0x08007900                        . = ALIGN (0x4)
 *fill*         0x080078db        0x1 

.ARM.extab      0x080078dc        0x0
                0x080078dc                        . = ALIGN (0x4)
 *(.ARM.extab* .gnu.linkonce.armextab.*)
                0x080078dc                        . = ALIGN (0x4)

.ARM            0x080078dc        0x8
                0x080078dc                        . = ALIGN (0x4)
                0x080078dc                        __exidx_start = .
 *(.ARM.exidx*)
 .ARM.exidx     0x080078dc        0x8 /opt/st/stm32cubeide_1.19.0/plugins/com.st.stm32cube.ide.mcu.externaltools.gnu-tools-for-stm32.13.3.rel1.linux64_1.0.0.202410170706/tools/bin/../lib/gcc/arm-none-eabi/13.3.1/../../../../arm-none-eabi/lib/thumb/v7e-m+fp/hard/libc_nano.a(libc_a-memchr.o)
 .ARM.exidx     0x080078e4        0x0 /opt/st/stm32cubeide_1.19.0/plugins/com.st.stm32cube.ide.mcu.externaltools.gnu-tools-for-stm32.13.3.rel1.linux64_1.0.0.202410170706/tools/bin/../lib/gcc/arm-none-eabi/13.3.1/thumb/v7e-m+fp/hard/libgcc.a(_udivmoddi4.o)
                                  0x8 (size before relaxing)
                0x080078e4                        __exidx_end = .
                0x080078e4                        . = ALIGN (0x4)

.preinit_array  0x080078e4        0x0
                0x080078e4                        . = ALIGN (0x4)
                0x080078e4                        PROVIDE (__preinit_array_start = .)
 *(.preinit_array*)
                0x080078e4                        PROVIDE (__preinit_array_end = .)
                0x080078e4                        . = ALIGN (0x4)

.init_array     0x080078e4        0x4
                0x080078e4                        . = ALIGN (0x4)
                0x080078e4                        PROVIDE (__init_array_start = .)
 *(SORT_BY_NAME(.init_array.*))
 *(.init_array*)
 .init_array    0x080078e4        0x4 /opt/st/stm32cubeide_1.19.0/plugins/com.st.stm32cube.ide.mcu.externaltools.gnu-tools-for-stm32.13.3.rel1.linux64_1.0.0.202410170706/tools/bin/../lib/gcc/arm-none-eabi/13.3.1/thumb/v7e-m+fp/hard/crtbegin.o
                0x080078e8                        PROVIDE (__init_array_end = .)
                0x080078e8                        . = ALIGN (0x4)

.fini_array     0x080078e8        0x4
                0x080078e8                        . = ALIGN (0x4)
                [!provide]                        PROVIDE (__fini_array_start = .)
 *(SORT_BY_NAME(.fini_array.*))
 *(.fini_array*)
 .fini_array    0x080078e8        0x4 /opt/st/stm32cubeide_1.19.0/plugins/com.st.stm32cube.ide.mcu.externaltools.gnu-tools-for-stm32.13.3.rel1.linux64_1.0.0.202410170706/tools/bin/../lib/gcc/arm-none-eabi/13.3.1/thumb/v7e-m+fp/hard/crtbegin.o
                [!provide]                        PROVIDE (__fini_array_end = .)
                0x080078ec                        . = ALIGN (0x4)
                0x080078ec                        _sidata = LOADADDR (.data)

.rel.dyn        0x080078ec        0x0
 .rel.iplt      0x080078ec        0x0 /opt/st/stm32cubeide_1.19.0/plugins/com.st.stm32cube.ide.mcu.externaltools.gnu-tools-for-stm32.13.3.rel1.linux64_1.0.0.202410170706/tools/bin/../lib/gcc/arm-none-eabi/13.3.1/thumb/v7e-m+fp/hard/crtbegin.o

.data           0x20000000       0xb4 load address 0x080078ec
                0x20000000                        . = ALIGN (0x4)
                0x20000000                        _sdata = .
 *(.data)
 *(.data*)
 .data.arrows   0x20000000       0x10 ./Core/Src/display.o
                0x20000000                arrows
 .data.CtdownTimeout
                0x20000010        0xc ./Core/Src/game_logic.o
                0x20000010                CtdownTimeout
 .data.GameTimeout
                0x2000001c        0xc ./Core/Src/game_logic.o
                0x2000001c                GameTimeout
 .data.IdleTimeout
                0x20000028        0xc ./Core/Src/game_logic.o
                0x20000028                IdleTimeout
 .data.Timeouts
                0x20000034        0xc ./Core/Src/game_logic.o
                0x20000034                Timeouts
 .data.REVIVE_STRATAGEM
                0x20000040        0x4 ./Core/Src/game_logic.o
                0x20000040                REVIVE_STRATAGEM
 .data.RESSUPLY_STRATAGEM
                0x20000044        0x4 ./Core/Src/game_logic.o
                0x20000044                RESSUPLY_STRATAGEM
 .data.LASER_CANNON_STRATAGEM
                0x20000048        0x4 ./Core/Src/game_logic.o
                0x20000048                LASER_CANNON_STRATAGEM
 .data.ORBITAL_LASER_STRATAGEM
                0x2000004c        0x4 ./Core/Src/game_logic.o
                0x2000004c                ORBITAL_LASER_STRATAGEM
 .data.HELLBOMB_STRATAGEM
                0x20000050        0x4 ./Core/Src/game_logic.o
                0x20000050                HELLBOMB_STRATAGEM
 .data.SystemCoreClock
                0x20000054        0x4 ./Core/Src/system_stm32g4xx.o
                0x20000054                SystemCoreClock
 .data.uwTickPrio
                0x20000058        0x4 ./Drivers/STM32G4xx_HAL_Driver/Src/stm32g4xx_hal.o
                0x20000058                uwTickPrio
 .data.uwTickFreq
                0x2000005c        0x4 ./Drivers/STM32G4xx_HAL_Driver/Src/stm32g4xx_hal.o
                0x2000005c                uwTickFreq
 .data.uxCriticalNesting
                0x20000060        0x4 ./Middlewares/Third_Party/FreeRTOS/Source/portable/GCC/ARM_CM4F/port.o
 .data._impure_ptr
                0x20000064        0x4 /opt/st/stm32cubeide_1.19.0/plugins/com.st.stm32cube.ide.mcu.externaltools.gnu-tools-for-stm32.13.3.rel1.linux64_1.0.0.202410170706/tools/bin/../lib/gcc/arm-none-eabi/13.3.1/../../../../arm-none-eabi/lib/thumb/v7e-m+fp/hard/libc_nano.a(libc_a-impure.o)
                0x20000064                _impure_ptr
 .data._impure_data
                0x20000068       0x4c /opt/st/stm32cubeide_1.19.0/plugins/com.st.stm32cube.ide.mcu.externaltools.gnu-tools-for-stm32.13.3.rel1.linux64_1.0.0.202410170706/tools/bin/../lib/gcc/arm-none-eabi/13.3.1/../../../../arm-none-eabi/lib/thumb/v7e-m+fp/hard/libc_nano.a(libc_a-impure.o)
                0x20000068                _impure_data
 *(.RamFunc)
 *(.RamFunc*)
                0x200000b4                        . = ALIGN (0x4)
                0x200000b4                        _edata = .

.igot.plt       0x200000b4        0x0 load address 0x080079a0
 .igot.plt      0x200000b4        0x0 /opt/st/stm32cubeide_1.19.0/plugins/com.st.stm32cube.ide.mcu.externaltools.gnu-tools-for-stm32.13.3.rel1.linux64_1.0.0.202410170706/tools/bin/../lib/gcc/arm-none-eabi/13.3.1/thumb/v7e-m+fp/hard/crtbegin.o
                0x200000b4                        . = ALIGN (0x4)

.bss            0x200000b4     0x20f4 load address 0x080079a0
                0x200000b4                        _sbss = .
                0x200000b4                        __bss_start__ = _sbss
 *(.bss)
 .bss           0x200000b4       0x1c /opt/st/stm32cubeide_1.19.0/plugins/com.st.stm32cube.ide.mcu.externaltools.gnu-tools-for-stm32.13.3.rel1.linux64_1.0.0.202410170706/tools/bin/../lib/gcc/arm-none-eabi/13.3.1/thumb/v7e-m+fp/hard/crtbegin.o
 *(.bss*)
 .bss.event_queue
                0x200000d0        0xa ./Core/Src/game_logic.o
                0x200000d0                event_queue
 .bss.event_tail
                0x200000da        0x1 ./Core/Src/game_logic.o
                0x200000da                event_tail
 .bss.event_head
                0x200000db        0x1 ./Core/Src/game_logic.o
                0x200000db                event_head
 .bss.GameSubStateMachine
                0x200000dc        0x1 ./Core/Src/game_logic.o
                0x200000dc                GameSubStateMachine
 .bss.AppStateMachine
                0x200000dd        0x1 ./Core/Src/game_logic.o
                0x200000dd                AppStateMachine
 *fill*         0x200000de        0x2 
 .bss.GameData  0x200000e0       0x1c ./Core/Src/game_logic.o
                0x200000e0                GameData
 .bss.LCD_80buf
                0x200000fc       0x50 ./Core/Src/lcd.o
                0x200000fc                LCD_80buf
 .bss.hi2c1     0x2000014c       0x54 ./Core/Src/main.o
                0x2000014c                hi2c1
 .bss.hlpuart1  0x200001a0       0x94 ./Core/Src/main.o
                0x200001a0                hlpuart1
 .bss.GameTaskHandle
                0x20000234        0x4 ./Core/Src/main.o
                0x20000234                GameTaskHandle
 .bss.GameTaskBuffer
                0x20000238      0x200 ./Core/Src/main.o
                0x20000238                GameTaskBuffer
 .bss.GameTaskControlBlock
                0x20000438       0x5c ./Core/Src/main.o
                0x20000438                GameTaskControlBlock
 .bss.DisplayTaskHandle
                0x20000494        0x4 ./Core/Src/main.o
                0x20000494                DisplayTaskHandle
 .bss.DisplayTaskBuffer
                0x20000498      0x200 ./Core/Src/main.o
                0x20000498                DisplayTaskBuffer
 .bss.DisplayTaskControlBlock
                0x20000698       0x5c ./Core/Src/main.o
                0x20000698                DisplayTaskControlBlock
 .bss.result    0x200006f4        0x1 ./Core/Src/main.o
                0x200006f4                result
 *fill*         0x200006f5        0x3 
 .bss.keyUpStruct
                0x200006f8        0x2 ./Core/Src/switch.o
                0x200006f8                keyUpStruct
 *fill*         0x200006fa        0x2 
 .bss.keyDownStruct
                0x200006fc        0x2 ./Core/Src/switch.o
                0x200006fc                keyDownStruct
 *fill*         0x200006fe        0x2 
 .bss.keyRightStruct
                0x20000700        0x2 ./Core/Src/switch.o
                0x20000700                keyRightStruct
 *fill*         0x20000702        0x2 
 .bss.keyLeftStruct
                0x20000704        0x2 ./Core/Src/switch.o
                0x20000704                keyLeftStruct
 *fill*         0x20000706        0x2 
 .bss.__sbrk_heap_end
                0x20000708        0x4 ./Core/Src/sysmem.o
 .bss.uwTick    0x2000070c        0x4 ./Drivers/STM32G4xx_HAL_Driver/Src/stm32g4xx_hal.o
                0x2000070c                uwTick
 .bss.KernelState
                0x20000710        0x4 ./Middlewares/Third_Party/FreeRTOS/Source/CMSIS_RTOS_V2/cmsis_os2.o
 .bss.Idle_TCB.3
                0x20000714       0x5c ./Middlewares/Third_Party/FreeRTOS/Source/CMSIS_RTOS_V2/cmsis_os2.o
 .bss.Idle_Stack.2
                0x20000770      0x200 ./Middlewares/Third_Party/FreeRTOS/Source/CMSIS_RTOS_V2/cmsis_os2.o
 .bss.Timer_TCB.1
                0x20000970       0x5c ./Middlewares/Third_Party/FreeRTOS/Source/CMSIS_RTOS_V2/cmsis_os2.o
 .bss.Timer_Stack.0
                0x200009cc      0x400 ./Middlewares/Third_Party/FreeRTOS/Source/CMSIS_RTOS_V2/cmsis_os2.o
 .bss.xQueueRegistry
                0x20000dcc       0x40 ./Middlewares/Third_Party/FreeRTOS/Source/queue.o
                0x20000dcc                xQueueRegistry
 .bss.pxCurrentTCB
                0x20000e0c        0x4 ./Middlewares/Third_Party/FreeRTOS/Source/tasks.o
                0x20000e0c                pxCurrentTCB
 .bss.pxReadyTasksLists
                0x20000e10      0x460 ./Middlewares/Third_Party/FreeRTOS/Source/tasks.o
 .bss.xDelayedTaskList1
                0x20001270       0x14 ./Middlewares/Third_Party/FreeRTOS/Source/tasks.o
 .bss.xDelayedTaskList2
                0x20001284       0x14 ./Middlewares/Third_Party/FreeRTOS/Source/tasks.o
 .bss.pxDelayedTaskList
                0x20001298        0x4 ./Middlewares/Third_Party/FreeRTOS/Source/tasks.o
 .bss.pxOverflowDelayedTaskList
                0x2000129c        0x4 ./Middlewares/Third_Party/FreeRTOS/Source/tasks.o
 .bss.xPendingReadyList
                0x200012a0       0x14 ./Middlewares/Third_Party/FreeRTOS/Source/tasks.o
 .bss.xTasksWaitingTermination
                0x200012b4       0x14 ./Middlewares/Third_Party/FreeRTOS/Source/tasks.o
 .bss.uxDeletedTasksWaitingCleanUp
                0x200012c8        0x4 ./Middlewares/Third_Party/FreeRTOS/Source/tasks.o
 .bss.xSuspendedTaskList
                0x200012cc       0x14 ./Middlewares/Third_Party/FreeRTOS/Source/tasks.o
 .bss.uxCurrentNumberOfTasks
                0x200012e0        0x4 ./Middlewares/Third_Party/FreeRTOS/Source/tasks.o
 .bss.xTickCount
                0x200012e4        0x4 ./Middlewares/Third_Party/FreeRTOS/Source/tasks.o
 .bss.uxTopReadyPriority
                0x200012e8        0x4 ./Middlewares/Third_Party/FreeRTOS/Source/tasks.o
 .bss.xSchedulerRunning
                0x200012ec        0x4 ./Middlewares/Third_Party/FreeRTOS/Source/tasks.o
 .bss.xPendedTicks
                0x200012f0        0x4 ./Middlewares/Third_Party/FreeRTOS/Source/tasks.o
 .bss.xYieldPending
                0x200012f4        0x4 ./Middlewares/Third_Party/FreeRTOS/Source/tasks.o
 .bss.xNumOfOverflows
                0x200012f8        0x4 ./Middlewares/Third_Party/FreeRTOS/Source/tasks.o
 .bss.uxTaskNumber
                0x200012fc        0x4 ./Middlewares/Third_Party/FreeRTOS/Source/tasks.o
 .bss.xNextTaskUnblockTime
                0x20001300        0x4 ./Middlewares/Third_Party/FreeRTOS/Source/tasks.o
 .bss.xIdleTaskHandle
                0x20001304        0x4 ./Middlewares/Third_Party/FreeRTOS/Source/tasks.o
 .bss.uxSchedulerSuspended
                0x20001308        0x4 ./Middlewares/Third_Party/FreeRTOS/Source/tasks.o
 .bss.xActiveTimerList1
                0x2000130c       0x14 ./Middlewares/Third_Party/FreeRTOS/Source/timers.o
 .bss.xActiveTimerList2
                0x20001320       0x14 ./Middlewares/Third_Party/FreeRTOS/Source/timers.o
 .bss.pxCurrentTimerList
                0x20001334        0x4 ./Middlewares/Third_Party/FreeRTOS/Source/timers.o
 .bss.pxOverflowTimerList
                0x20001338        0x4 ./Middlewares/Third_Party/FreeRTOS/Source/timers.o
 .bss.xTimerQueue
                0x2000133c        0x4 ./Middlewares/Third_Party/FreeRTOS/Source/timers.o
 .bss.xTimerTaskHandle
                0x20001340        0x4 ./Middlewares/Third_Party/FreeRTOS/Source/timers.o
 .bss.xLastTime.2
                0x20001344        0x4 ./Middlewares/Third_Party/FreeRTOS/Source/timers.o
 .bss.ucStaticTimerQueueStorage.1
                0x20001348       0xa0 ./Middlewares/Third_Party/FreeRTOS/Source/timers.o
 .bss.xStaticTimerQueue.0
                0x200013e8       0x50 ./Middlewares/Third_Party/FreeRTOS/Source/timers.o
 .bss.ucMaxSysCallPriority
                0x20001438        0x1 ./Middlewares/Third_Party/FreeRTOS/Source/portable/GCC/ARM_CM4F/port.o
 *fill*         0x20001439        0x3 
 .bss.ulMaxPRIGROUPValue
                0x2000143c        0x4 ./Middlewares/Third_Party/FreeRTOS/Source/portable/GCC/ARM_CM4F/port.o
 .bss.ucHeap    0x20001440      0xc00 ./Middlewares/Third_Party/FreeRTOS/Source/portable/MemMang/heap_4.o
 .bss.xStart    0x20002040        0x8 ./Middlewares/Third_Party/FreeRTOS/Source/portable/MemMang/heap_4.o
 .bss.pxEnd     0x20002048        0x4 ./Middlewares/Third_Party/FreeRTOS/Source/portable/MemMang/heap_4.o
 .bss.xFreeBytesRemaining
                0x2000204c        0x4 ./Middlewares/Third_Party/FreeRTOS/Source/portable/MemMang/heap_4.o
 .bss.xMinimumEverFreeBytesRemaining
                0x20002050        0x4 ./Middlewares/Third_Party/FreeRTOS/Source/portable/MemMang/heap_4.o
 .bss.xNumberOfSuccessfulAllocations
                0x20002054        0x4 ./Middlewares/Third_Party/FreeRTOS/Source/portable/MemMang/heap_4.o
 .bss.xNumberOfSuccessfulFrees
                0x20002058        0x4 ./Middlewares/Third_Party/FreeRTOS/Source/portable/MemMang/heap_4.o
 .bss.xBlockAllocatedBit
                0x2000205c        0x4 ./Middlewares/Third_Party/FreeRTOS/Source/portable/MemMang/heap_4.o
 .bss.__sf      0x20002060      0x138 /opt/st/stm32cubeide_1.19.0/plugins/com.st.stm32cube.ide.mcu.externaltools.gnu-tools-for-stm32.13.3.rel1.linux64_1.0.0.202410170706/tools/bin/../lib/gcc/arm-none-eabi/13.3.1/../../../../arm-none-eabi/lib/thumb/v7e-m+fp/hard/libc_nano.a(libc_a-findfp.o)
                0x20002060                __sf
 .bss.errno     0x20002198        0x4 /opt/st/stm32cubeide_1.19.0/plugins/com.st.stm32cube.ide.mcu.externaltools.gnu-tools-for-stm32.13.3.rel1.linux64_1.0.0.202410170706/tools/bin/../lib/gcc/arm-none-eabi/13.3.1/../../../../arm-none-eabi/lib/thumb/v7e-m+fp/hard/libc_nano.a(libc_a-reent.o)
                0x20002198                errno
 .bss.__lock___malloc_recursive_mutex
                0x2000219c        0x1 /opt/st/stm32cubeide_1.19.0/plugins/com.st.stm32cube.ide.mcu.externaltools.gnu-tools-for-stm32.13.3.rel1.linux64_1.0.0.202410170706/tools/bin/../lib/gcc/arm-none-eabi/13.3.1/../../../../arm-none-eabi/lib/thumb/v7e-m+fp/hard/libc_nano.a(libc_a-lock.o)
                0x2000219c                __lock___malloc_recursive_mutex
 *fill*         0x2000219d        0x3 
 .bss.__malloc_sbrk_start
                0x200021a0        0x4 /opt/st/stm32cubeide_1.19.0/plugins/com.st.stm32cube.ide.mcu.externaltools.gnu-tools-for-stm32.13.3.rel1.linux64_1.0.0.202410170706/tools/bin/../lib/gcc/arm-none-eabi/13.3.1/../../../../arm-none-eabi/lib/thumb/v7e-m+fp/hard/libc_nano.a(libc_a-mallocr.o)
                0x200021a0                __malloc_sbrk_start
 .bss.__malloc_free_list
                0x200021a4        0x4 /opt/st/stm32cubeide_1.19.0/plugins/com.st.stm32cube.ide.mcu.externaltools.gnu-tools-for-stm32.13.3.rel1.linux64_1.0.0.202410170706/tools/bin/../lib/gcc/arm-none-eabi/13.3.1/../../../../arm-none-eabi/lib/thumb/v7e-m+fp/hard/libc_nano.a(libc_a-mallocr.o)
                0x200021a4                __malloc_free_list
 *(COMMON)
                0x200021a8                        . = ALIGN (0x4)
                0x200021a8                        _ebss = .
                0x200021a8                        __bss_end__ = _ebss

._user_heap_stack
                0x200021a8      0x600 load address 0x080079a0
                0x200021a8                        . = ALIGN (0x8)
                [!provide]                        PROVIDE (end = .)
                0x200021a8                        PROVIDE (_end = .)
                0x200023a8                        . = (. + _Min_Heap_Size)
 *fill*         0x200021a8      0x200 
                0x200027a8                        . = (. + _Min_Stack_Size)
 *fill*         0x200023a8      0x400 
                0x200027a8                        . = ALIGN (0x8)

/DISCARD/
 libc.a(*)
 libm.a(*)
 libgcc.a(*)

.ARM.attributes
                0x00000000       0x30
 *(.ARM.attributes)
 .ARM.attributes
                0x00000000       0x22 /opt/st/stm32cubeide_1.19.0/plugins/com.st.stm32cube.ide.mcu.externaltools.gnu-tools-for-stm32.13.3.rel1.linux64_1.0.0.202410170706/tools/bin/../lib/gcc/arm-none-eabi/13.3.1/thumb/v7e-m+fp/hard/crti.o
 .ARM.attributes
                0x00000022       0x34 /opt/st/stm32cubeide_1.19.0/plugins/com.st.stm32cube.ide.mcu.externaltools.gnu-tools-for-stm32.13.3.rel1.linux64_1.0.0.202410170706/tools/bin/../lib/gcc/arm-none-eabi/13.3.1/thumb/v7e-m+fp/hard/crtbegin.o
 .ARM.attributes
                0x00000056       0x34 ./Core/Src/display.o
 .ARM.attributes
                0x0000008a       0x34 ./Core/Src/game_logic.o
 .ARM.attributes
                0x000000be       0x34 ./Core/Src/lcd.o
 .ARM.attributes
                0x000000f2       0x34 ./Core/Src/main.o
 .ARM.attributes
                0x00000126       0x34 ./Core/Src/stm32g4xx_hal_msp.o
 .ARM.attributes
                0x0000015a       0x34 ./Core/Src/stm32g4xx_it.o
 .ARM.attributes
                0x0000018e       0x34 ./Core/Src/switch.o
 .ARM.attributes
                0x000001c2       0x34 ./Core/Src/sysmem.o
 .ARM.attributes
                0x000001f6       0x34 ./Core/Src/system_stm32g4xx.o
 .ARM.attributes
                0x0000022a       0x21 ./Core/Startup/startup_stm32g474retx.o
 .ARM.attributes
                0x0000024b       0x34 ./Drivers/STM32G4xx_HAL_Driver/Src/stm32g4xx_hal.o
 .ARM.attributes
                0x0000027f       0x34 ./Drivers/STM32G4xx_HAL_Driver/Src/stm32g4xx_hal_cortex.o
 .ARM.attributes
                0x000002b3       0x34 ./Drivers/STM32G4xx_HAL_Driver/Src/stm32g4xx_hal_gpio.o
 .ARM.attributes
                0x000002e7       0x34 ./Drivers/STM32G4xx_HAL_Driver/Src/stm32g4xx_hal_i2c.o
 .ARM.attributes
                0x0000031b       0x34 ./Drivers/STM32G4xx_HAL_Driver/Src/stm32g4xx_hal_i2c_ex.o
 .ARM.attributes
                0x0000034f       0x34 ./Drivers/STM32G4xx_HAL_Driver/Src/stm32g4xx_hal_pwr_ex.o
 .ARM.attributes
                0x00000383       0x34 ./Drivers/STM32G4xx_HAL_Driver/Src/stm32g4xx_hal_rcc.o
 .ARM.attributes
                0x000003b7       0x34 ./Drivers/STM32G4xx_HAL_Driver/Src/stm32g4xx_hal_rcc_ex.o
 .ARM.attributes
                0x000003eb       0x34 ./Drivers/STM32G4xx_HAL_Driver/Src/stm32g4xx_hal_uart.o
 .ARM.attributes
                0x0000041f       0x34 ./Drivers/STM32G4xx_HAL_Driver/Src/stm32g4xx_hal_uart_ex.o
 .ARM.attributes
                0x00000453       0x34 ./Middlewares/Third_Party/FreeRTOS/Source/CMSIS_RTOS_V2/cmsis_os2.o
 .ARM.attributes
                0x00000487       0x34 ./Middlewares/Third_Party/FreeRTOS/Source/list.o
 .ARM.attributes
                0x000004bb       0x34 ./Middlewares/Third_Party/FreeRTOS/Source/queue.o
 .ARM.attributes
                0x000004ef       0x34 ./Middlewares/Third_Party/FreeRTOS/Source/tasks.o
 .ARM.attributes
                0x00000523       0x34 ./Middlewares/Third_Party/FreeRTOS/Source/timers.o
 .ARM.attributes
                0x00000557       0x34 ./Middlewares/Third_Party/FreeRTOS/Source/portable/GCC/ARM_CM4F/port.o
 .ARM.attributes
                0x0000058b       0x34 ./Middlewares/Third_Party/FreeRTOS/Source/portable/MemMang/heap_4.o
 .ARM.attributes
                0x000005bf       0x34 /opt/st/stm32cubeide_1.19.0/plugins/com.st.stm32cube.ide.mcu.externaltools.gnu-tools-for-stm32.13.3.rel1.linux64_1.0.0.202410170706/tools/bin/../lib/gcc/arm-none-eabi/13.3.1/../../../../arm-none-eabi/lib/thumb/v7e-m+fp/hard/libc_nano.a(libc_a-findfp.o)
 .ARM.attributes
                0x000005f3       0x34 /opt/st/stm32cubeide_1.19.0/plugins/com.st.stm32cube.ide.mcu.externaltools.gnu-tools-for-stm32.13.3.rel1.linux64_1.0.0.202410170706/tools/bin/../lib/gcc/arm-none-eabi/13.3.1/../../../../arm-none-eabi/lib/thumb/v7e-m+fp/hard/libc_nano.a(libc_a-sprintf.o)
 .ARM.attributes
                0x00000627       0x34 /opt/st/stm32cubeide_1.19.0/plugins/com.st.stm32cube.ide.mcu.externaltools.gnu-tools-for-stm32.13.3.rel1.linux64_1.0.0.202410170706/tools/bin/../lib/gcc/arm-none-eabi/13.3.1/../../../../arm-none-eabi/lib/thumb/v7e-m+fp/hard/libc_nano.a(libc_a-memset.o)
 .ARM.attributes
                0x0000065b       0x34 /opt/st/stm32cubeide_1.19.0/plugins/com.st.stm32cube.ide.mcu.externaltools.gnu-tools-for-stm32.13.3.rel1.linux64_1.0.0.202410170706/tools/bin/../lib/gcc/arm-none-eabi/13.3.1/../../../../arm-none-eabi/lib/thumb/v7e-m+fp/hard/libc_nano.a(libc_a-reent.o)
 .ARM.attributes
                0x0000068f       0x34 /opt/st/stm32cubeide_1.19.0/plugins/com.st.stm32cube.ide.mcu.externaltools.gnu-tools-for-stm32.13.3.rel1.linux64_1.0.0.202410170706/tools/bin/../lib/gcc/arm-none-eabi/13.3.1/../../../../arm-none-eabi/lib/thumb/v7e-m+fp/hard/libc_nano.a(libc_a-impure.o)
 .ARM.attributes
                0x000006c3       0x34 /opt/st/stm32cubeide_1.19.0/plugins/com.st.stm32cube.ide.mcu.externaltools.gnu-tools-for-stm32.13.3.rel1.linux64_1.0.0.202410170706/tools/bin/../lib/gcc/arm-none-eabi/13.3.1/../../../../arm-none-eabi/lib/thumb/v7e-m+fp/hard/libc_nano.a(libc_a-errno.o)
 .ARM.attributes
                0x000006f7       0x34 /opt/st/stm32cubeide_1.19.0/plugins/com.st.stm32cube.ide.mcu.externaltools.gnu-tools-for-stm32.13.3.rel1.linux64_1.0.0.202410170706/tools/bin/../lib/gcc/arm-none-eabi/13.3.1/../../../../arm-none-eabi/lib/thumb/v7e-m+fp/hard/libc_nano.a(libc_a-init.o)
 .ARM.attributes
                0x0000072b       0x34 /opt/st/stm32cubeide_1.19.0/plugins/com.st.stm32cube.ide.mcu.externaltools.gnu-tools-for-stm32.13.3.rel1.linux64_1.0.0.202410170706/tools/bin/../lib/gcc/arm-none-eabi/13.3.1/../../../../arm-none-eabi/lib/thumb/v7e-m+fp/hard/libc_nano.a(libc_a-lock.o)
 .ARM.attributes
                0x0000075f       0x34 /opt/st/stm32cubeide_1.19.0/plugins/com.st.stm32cube.ide.mcu.externaltools.gnu-tools-for-stm32.13.3.rel1.linux64_1.0.0.202410170706/tools/bin/../lib/gcc/arm-none-eabi/13.3.1/../../../../arm-none-eabi/lib/thumb/v7e-m+fp/hard/libc_nano.a(libc_a-memcpy-stub.o)
 .ARM.attributes
                0x00000793       0x34 /opt/st/stm32cubeide_1.19.0/plugins/com.st.stm32cube.ide.mcu.externaltools.gnu-tools-for-stm32.13.3.rel1.linux64_1.0.0.202410170706/tools/bin/../lib/gcc/arm-none-eabi/13.3.1/../../../../arm-none-eabi/lib/thumb/v7e-m+fp/hard/libc_nano.a(libc_a-freer.o)
 .ARM.attributes
                0x000007c7       0x34 /opt/st/stm32cubeide_1.19.0/plugins/com.st.stm32cube.ide.mcu.externaltools.gnu-tools-for-stm32.13.3.rel1.linux64_1.0.0.202410170706/tools/bin/../lib/gcc/arm-none-eabi/13.3.1/../../../../arm-none-eabi/lib/thumb/v7e-m+fp/hard/libc_nano.a(libc_a-mallocr.o)
 .ARM.attributes
                0x000007fb       0x34 /opt/st/stm32cubeide_1.19.0/plugins/com.st.stm32cube.ide.mcu.externaltools.gnu-tools-for-stm32.13.3.rel1.linux64_1.0.0.202410170706/tools/bin/../lib/gcc/arm-none-eabi/13.3.1/../../../../arm-none-eabi/lib/thumb/v7e-m+fp/hard/libc_nano.a(libc_a-mlock.o)
 .ARM.attributes
                0x0000082f       0x34 /opt/st/stm32cubeide_1.19.0/plugins/com.st.stm32cube.ide.mcu.externaltools.gnu-tools-for-stm32.13.3.rel1.linux64_1.0.0.202410170706/tools/bin/../lib/gcc/arm-none-eabi/13.3.1/../../../../arm-none-eabi/lib/thumb/v7e-m+fp/hard/libc_nano.a(libc_a-nano-svfprintf.o)
 .ARM.attributes
                0x00000863       0x34 /opt/st/stm32cubeide_1.19.0/plugins/com.st.stm32cube.ide.mcu.externaltools.gnu-tools-for-stm32.13.3.rel1.linux64_1.0.0.202410170706/tools/bin/../lib/gcc/arm-none-eabi/13.3.1/../../../../arm-none-eabi/lib/thumb/v7e-m+fp/hard/libc_nano.a(libc_a-nano-vfprintf_i.o)
 .ARM.attributes
                0x00000897       0x34 /opt/st/stm32cubeide_1.19.0/plugins/com.st.stm32cube.ide.mcu.externaltools.gnu-tools-for-stm32.13.3.rel1.linux64_1.0.0.202410170706/tools/bin/../lib/gcc/arm-none-eabi/13.3.1/../../../../arm-none-eabi/lib/thumb/v7e-m+fp/hard/libc_nano.a(libc_a-memmove.o)
 .ARM.attributes
                0x000008cb       0x34 /opt/st/stm32cubeide_1.19.0/plugins/com.st.stm32cube.ide.mcu.externaltools.gnu-tools-for-stm32.13.3.rel1.linux64_1.0.0.202410170706/tools/bin/../lib/gcc/arm-none-eabi/13.3.1/../../../../arm-none-eabi/lib/thumb/v7e-m+fp/hard/libc_nano.a(libc_a-sbrkr.o)
 .ARM.attributes
                0x000008ff       0x1c /opt/st/stm32cubeide_1.19.0/plugins/com.st.stm32cube.ide.mcu.externaltools.gnu-tools-for-stm32.13.3.rel1.linux64_1.0.0.202410170706/tools/bin/../lib/gcc/arm-none-eabi/13.3.1/../../../../arm-none-eabi/lib/thumb/v7e-m+fp/hard/libc_nano.a(libc_a-memchr.o)
 .ARM.attributes
                0x0000091b       0x34 /opt/st/stm32cubeide_1.19.0/plugins/com.st.stm32cube.ide.mcu.externaltools.gnu-tools-for-stm32.13.3.rel1.linux64_1.0.0.202410170706/tools/bin/../lib/gcc/arm-none-eabi/13.3.1/../../../../arm-none-eabi/lib/thumb/v7e-m+fp/hard/libc_nano.a(libc_a-reallocr.o)
 .ARM.attributes
                0x0000094f       0x34 /opt/st/stm32cubeide_1.19.0/plugins/com.st.stm32cube.ide.mcu.externaltools.gnu-tools-for-stm32.13.3.rel1.linux64_1.0.0.202410170706/tools/bin/../lib/gcc/arm-none-eabi/13.3.1/../../../../arm-none-eabi/lib/thumb/v7e-m+fp/hard/libc_nano.a(libc_a-msizer.o)
 .ARM.attributes
                0x00000983       0x22 /opt/st/stm32cubeide_1.19.0/plugins/com.st.stm32cube.ide.mcu.externaltools.gnu-tools-for-stm32.13.3.rel1.linux64_1.0.0.202410170706/tools/bin/../lib/gcc/arm-none-eabi/13.3.1/thumb/v7e-m+fp/hard/libgcc.a(_aeabi_uldivmod.o)
 .ARM.attributes
                0x000009a5       0x34 /opt/st/stm32cubeide_1.19.0/plugins/com.st.stm32cube.ide.mcu.externaltools.gnu-tools-for-stm32.13.3.rel1.linux64_1.0.0.202410170706/tools/bin/../lib/gcc/arm-none-eabi/13.3.1/thumb/v7e-m+fp/hard/libgcc.a(_udivmoddi4.o)
 .ARM.attributes
                0x000009d9       0x22 /opt/st/stm32cubeide_1.19.0/plugins/com.st.stm32cube.ide.mcu.externaltools.gnu-tools-for-stm32.13.3.rel1.linux64_1.0.0.202410170706/tools/bin/../lib/gcc/arm-none-eabi/13.3.1/thumb/v7e-m+fp/hard/libgcc.a(_dvmd_tls.o)
 .ARM.attributes
                0x000009fb       0x22 /opt/st/stm32cubeide_1.19.0/plugins/com.st.stm32cube.ide.mcu.externaltools.gnu-tools-for-stm32.13.3.rel1.linux64_1.0.0.202410170706/tools/bin/../lib/gcc/arm-none-eabi/13.3.1/thumb/v7e-m+fp/hard/crtn.o
OUTPUT(stratagem_hero_game.elf elf32-littlearm)
LOAD linker stubs
LOAD /opt/st/stm32cubeide_1.19.0/plugins/com.st.stm32cube.ide.mcu.externaltools.gnu-tools-for-stm32.13.3.rel1.linux64_1.0.0.202410170706/tools/bin/../lib/gcc/arm-none-eabi/13.3.1/../../../../arm-none-eabi/lib/thumb/v7e-m+fp/hard/libc.a
LOAD /opt/st/stm32cubeide_1.19.0/plugins/com.st.stm32cube.ide.mcu.externaltools.gnu-tools-for-stm32.13.3.rel1.linux64_1.0.0.202410170706/tools/bin/../lib/gcc/arm-none-eabi/13.3.1/../../../../arm-none-eabi/lib/thumb/v7e-m+fp/hard/libm.a
LOAD /opt/st/stm32cubeide_1.19.0/plugins/com.st.stm32cube.ide.mcu.externaltools.gnu-tools-for-stm32.13.3.rel1.linux64_1.0.0.202410170706/tools/bin/../lib/gcc/arm-none-eabi/13.3.1/thumb/v7e-m+fp/hard/libgcc.a

.debug_info     0x00000000    0x1a823
 .debug_info    0x00000000      0x2fe ./Core/Src/display.o
 .debug_info    0x000002fe      0x599 ./Core/Src/game_logic.o
 .debug_info    0x00000897      0x997 ./Core/Src/lcd.o
 .debug_info    0x0000122e     0x17a5 ./Core/Src/main.o
 .debug_info    0x000029d3     0x13ad ./Core/Src/stm32g4xx_hal_msp.o
 .debug_info    0x00003d80      0x123 ./Core/Src/stm32g4xx_it.o
 .debug_info    0x00003ea3      0x22d ./Core/Src/switch.o
 .debug_info    0x000040d0      0x168 ./Core/Src/sysmem.o
 .debug_info    0x00004238      0x58e ./Core/Src/system_stm32g4xx.o
 .debug_info    0x000047c6       0x30 ./Core/Startup/startup_stm32g474retx.o
 .debug_info    0x000047f6      0xb95 ./Drivers/STM32G4xx_HAL_Driver/Src/stm32g4xx_hal.o
 .debug_info    0x0000538b      0xdf9 ./Drivers/STM32G4xx_HAL_Driver/Src/stm32g4xx_hal_cortex.o
 .debug_info    0x00006184      0x763 ./Drivers/STM32G4xx_HAL_Driver/Src/stm32g4xx_hal_gpio.o
 .debug_info    0x000068e7     0x21ea ./Drivers/STM32G4xx_HAL_Driver/Src/stm32g4xx_hal_i2c.o
 .debug_info    0x00008ad1      0xad6 ./Drivers/STM32G4xx_HAL_Driver/Src/stm32g4xx_hal_i2c_ex.o
 .debug_info    0x000095a7      0x93f ./Drivers/STM32G4xx_HAL_Driver/Src/stm32g4xx_hal_pwr_ex.o
 .debug_info    0x00009ee6      0xbe0 ./Drivers/STM32G4xx_HAL_Driver/Src/stm32g4xx_hal_rcc.o
 .debug_info    0x0000aac6      0xc45 ./Drivers/STM32G4xx_HAL_Driver/Src/stm32g4xx_hal_rcc_ex.o
 .debug_info    0x0000b70b     0x481e ./Drivers/STM32G4xx_HAL_Driver/Src/stm32g4xx_hal_uart.o
 .debug_info    0x0000ff29      0xfdd ./Drivers/STM32G4xx_HAL_Driver/Src/stm32g4xx_hal_uart_ex.o
 .debug_info    0x00010f06     0x3ace ./Middlewares/Third_Party/FreeRTOS/Source/CMSIS_RTOS_V2/cmsis_os2.o
 .debug_info    0x000149d4      0x2af ./Middlewares/Third_Party/FreeRTOS/Source/list.o
 .debug_info    0x00014c83     0x1b79 ./Middlewares/Third_Party/FreeRTOS/Source/queue.o
 .debug_info    0x000167fc     0x21ec ./Middlewares/Third_Party/FreeRTOS/Source/tasks.o
 .debug_info    0x000189e8     0x1488 ./Middlewares/Third_Party/FreeRTOS/Source/timers.o
 .debug_info    0x00019e70      0x4de ./Middlewares/Third_Party/FreeRTOS/Source/portable/GCC/ARM_CM4F/port.o
 .debug_info    0x0001a34e      0x4d5 ./Middlewares/Third_Party/FreeRTOS/Source/portable/MemMang/heap_4.o

.debug_abbrev   0x00000000     0x3b9d
 .debug_abbrev  0x00000000      0x136 ./Core/Src/display.o
 .debug_abbrev  0x00000136      0x1db ./Core/Src/game_logic.o
 .debug_abbrev  0x00000311      0x20c ./Core/Src/lcd.o
 .debug_abbrev  0x0000051d      0x321 ./Core/Src/main.o
 .debug_abbrev  0x0000083e      0x1f5 ./Core/Src/stm32g4xx_hal_msp.o
 .debug_abbrev  0x00000a33       0xaa ./Core/Src/stm32g4xx_it.o
 .debug_abbrev  0x00000add      0x129 ./Core/Src/switch.o
 .debug_abbrev  0x00000c06       0xbc ./Core/Src/sysmem.o
 .debug_abbrev  0x00000cc2      0x11a ./Core/Src/system_stm32g4xx.o
 .debug_abbrev  0x00000ddc       0x24 ./Core/Startup/startup_stm32g474retx.o
 .debug_abbrev  0x00000e00      0x271 ./Drivers/STM32G4xx_HAL_Driver/Src/stm32g4xx_hal.o
 .debug_abbrev  0x00001071      0x31c ./Drivers/STM32G4xx_HAL_Driver/Src/stm32g4xx_hal_cortex.o
 .debug_abbrev  0x0000138d      0x1cb ./Drivers/STM32G4xx_HAL_Driver/Src/stm32g4xx_hal_gpio.o
 .debug_abbrev  0x00001558      0x25e ./Drivers/STM32G4xx_HAL_Driver/Src/stm32g4xx_hal_i2c.o
 .debug_abbrev  0x000017b6      0x1c0 ./Drivers/STM32G4xx_HAL_Driver/Src/stm32g4xx_hal_i2c_ex.o
 .debug_abbrev  0x00001976      0x22c ./Drivers/STM32G4xx_HAL_Driver/Src/stm32g4xx_hal_pwr_ex.o
 .debug_abbrev  0x00001ba2      0x2c9 ./Drivers/STM32G4xx_HAL_Driver/Src/stm32g4xx_hal_rcc.o
 .debug_abbrev  0x00001e6b      0x258 ./Drivers/STM32G4xx_HAL_Driver/Src/stm32g4xx_hal_rcc_ex.o
 .debug_abbrev  0x000020c3      0x304 ./Drivers/STM32G4xx_HAL_Driver/Src/stm32g4xx_hal_uart.o
 .debug_abbrev  0x000023c7      0x2d2 ./Drivers/STM32G4xx_HAL_Driver/Src/stm32g4xx_hal_uart_ex.o
 .debug_abbrev  0x00002699      0x508 ./Middlewares/Third_Party/FreeRTOS/Source/CMSIS_RTOS_V2/cmsis_os2.o
 .debug_abbrev  0x00002ba1       0xf5 ./Middlewares/Third_Party/FreeRTOS/Source/list.o
 .debug_abbrev  0x00002c96      0x3b6 ./Middlewares/Third_Party/FreeRTOS/Source/queue.o
 .debug_abbrev  0x0000304c      0x386 ./Middlewares/Third_Party/FreeRTOS/Source/tasks.o
 .debug_abbrev  0x000033d2      0x352 ./Middlewares/Third_Party/FreeRTOS/Source/timers.o
 .debug_abbrev  0x00003724      0x25c ./Middlewares/Third_Party/FreeRTOS/Source/portable/GCC/ARM_CM4F/port.o
 .debug_abbrev  0x00003980      0x21d ./Middlewares/Third_Party/FreeRTOS/Source/portable/MemMang/heap_4.o

.debug_aranges  0x00000000     0x15d0
 .debug_aranges
                0x00000000       0x58 ./Core/Src/display.o
 .debug_aranges
                0x00000058       0x58 ./Core/Src/game_logic.o
 .debug_aranges
                0x000000b0       0x68 ./Core/Src/lcd.o
 .debug_aranges
                0x00000118       0x58 ./Core/Src/main.o
 .debug_aranges
                0x00000170       0x40 ./Core/Src/stm32g4xx_hal_msp.o
 .debug_aranges
                0x000001b0       0x50 ./Core/Src/stm32g4xx_it.o
 .debug_aranges
                0x00000200       0x28 ./Core/Src/switch.o
 .debug_aranges
                0x00000228       0x20 ./Core/Src/sysmem.o
 .debug_aranges
                0x00000248       0x28 ./Core/Src/system_stm32g4xx.o
 .debug_aranges
                0x00000270       0x28 ./Core/Startup/startup_stm32g474retx.o
 .debug_aranges
                0x00000298      0x148 ./Drivers/STM32G4xx_HAL_Driver/Src/stm32g4xx_hal.o
 .debug_aranges
                0x000003e0      0x128 ./Drivers/STM32G4xx_HAL_Driver/Src/stm32g4xx_hal_cortex.o
 .debug_aranges
                0x00000508       0x58 ./Drivers/STM32G4xx_HAL_Driver/Src/stm32g4xx_hal_gpio.o
 .debug_aranges
                0x00000560      0x2a0 ./Drivers/STM32G4xx_HAL_Driver/Src/stm32g4xx_hal_i2c.o
 .debug_aranges
                0x00000800       0x48 ./Drivers/STM32G4xx_HAL_Driver/Src/stm32g4xx_hal_i2c_ex.o
 .debug_aranges
                0x00000848      0x140 ./Drivers/STM32G4xx_HAL_Driver/Src/stm32g4xx_hal_pwr_ex.o
 .debug_aranges
                0x00000988       0x98 ./Drivers/STM32G4xx_HAL_Driver/Src/stm32g4xx_hal_rcc.o
 .debug_aranges
                0x00000a20       0xb0 ./Drivers/STM32G4xx_HAL_Driver/Src/stm32g4xx_hal_rcc_ex.o
 .debug_aranges
                0x00000ad0      0x248 ./Drivers/STM32G4xx_HAL_Driver/Src/stm32g4xx_hal_uart.o
 .debug_aranges
                0x00000d18       0xa8 ./Drivers/STM32G4xx_HAL_Driver/Src/stm32g4xx_hal_uart_ex.o
 .debug_aranges
                0x00000dc0      0x2a8 ./Middlewares/Third_Party/FreeRTOS/Source/CMSIS_RTOS_V2/cmsis_os2.o
 .debug_aranges
                0x00001068       0x40 ./Middlewares/Third_Party/FreeRTOS/Source/list.o
 .debug_aranges
                0x000010a8      0x158 ./Middlewares/Third_Party/FreeRTOS/Source/queue.o
 .debug_aranges
                0x00001200      0x208 ./Middlewares/Third_Party/FreeRTOS/Source/tasks.o
 .debug_aranges
                0x00001408       0xf0 ./Middlewares/Third_Party/FreeRTOS/Source/timers.o
 .debug_aranges
                0x000014f8       0x80 ./Middlewares/Third_Party/FreeRTOS/Source/portable/GCC/ARM_CM4F/port.o
 .debug_aranges
                0x00001578       0x58 ./Middlewares/Third_Party/FreeRTOS/Source/portable/MemMang/heap_4.o

.debug_rnglists
                0x00000000     0x10ce
 .debug_rnglists
                0x00000000       0x3d ./Core/Src/display.o
 .debug_rnglists
                0x0000003d       0x3f ./Core/Src/game_logic.o
 .debug_rnglists
                0x0000007c       0x49 ./Core/Src/lcd.o
 .debug_rnglists
                0x000000c5       0x42 ./Core/Src/main.o
 .debug_rnglists
                0x00000107       0x2d ./Core/Src/stm32g4xx_hal_msp.o
 .debug_rnglists
                0x00000134       0x37 ./Core/Src/stm32g4xx_it.o
 .debug_rnglists
                0x0000016b       0x1a ./Core/Src/switch.o
 .debug_rnglists
                0x00000185       0x13 ./Core/Src/sysmem.o
 .debug_rnglists
                0x00000198       0x1a ./Core/Src/system_stm32g4xx.o
 .debug_rnglists
                0x000001b2       0x19 ./Core/Startup/startup_stm32g474retx.o
 .debug_rnglists
                0x000001cb       0xf1 ./Drivers/STM32G4xx_HAL_Driver/Src/stm32g4xx_hal.o
 .debug_rnglists
                0x000002bc       0xda ./Drivers/STM32G4xx_HAL_Driver/Src/stm32g4xx_hal_cortex.o
 .debug_rnglists
                0x00000396       0x3f ./Drivers/STM32G4xx_HAL_Driver/Src/stm32g4xx_hal_gpio.o
 .debug_rnglists
                0x000003d5      0x228 ./Drivers/STM32G4xx_HAL_Driver/Src/stm32g4xx_hal_i2c.o
 .debug_rnglists
                0x000005fd       0x35 ./Drivers/STM32G4xx_HAL_Driver/Src/stm32g4xx_hal_i2c_ex.o
 .debug_rnglists
                0x00000632       0xf1 ./Drivers/STM32G4xx_HAL_Driver/Src/stm32g4xx_hal_pwr_ex.o
 .debug_rnglists
                0x00000723       0x74 ./Drivers/STM32G4xx_HAL_Driver/Src/stm32g4xx_hal_rcc.o
 .debug_rnglists
                0x00000797       0x87 ./Drivers/STM32G4xx_HAL_Driver/Src/stm32g4xx_hal_rcc_ex.o
 .debug_rnglists
                0x0000081e      0x1fa ./Drivers/STM32G4xx_HAL_Driver/Src/stm32g4xx_hal_uart.o
 .debug_rnglists
                0x00000a18       0x7f ./Drivers/STM32G4xx_HAL_Driver/Src/stm32g4xx_hal_uart_ex.o
 .debug_rnglists
                0x00000a97      0x20c ./Middlewares/Third_Party/FreeRTOS/Source/CMSIS_RTOS_V2/cmsis_os2.o
 .debug_rnglists
                0x00000ca3       0x2b ./Middlewares/Third_Party/FreeRTOS/Source/list.o
 .debug_rnglists
                0x00000cce      0x109 ./Middlewares/Third_Party/FreeRTOS/Source/queue.o
 .debug_rnglists
                0x00000dd7      0x1a0 ./Middlewares/Third_Party/FreeRTOS/Source/tasks.o
 .debug_rnglists
                0x00000f77       0xb8 ./Middlewares/Third_Party/FreeRTOS/Source/timers.o
 .debug_rnglists
                0x0000102f       0x5d ./Middlewares/Third_Party/FreeRTOS/Source/portable/GCC/ARM_CM4F/port.o
 .debug_rnglists
                0x0000108c       0x42 ./Middlewares/Third_Party/FreeRTOS/Source/portable/MemMang/heap_4.o

.debug_macro    0x00000000     0x4aea
 .debug_macro   0x00000000      0x2c8 ./Core/Src/display.o
 .debug_macro   0x000002c8       0x61 ./Core/Src/display.o
 .debug_macro   0x00000329       0x2a ./Core/Src/display.o
 .debug_macro   0x00000353       0x43 ./Core/Src/display.o
 .debug_macro   0x00000396       0x34 ./Core/Src/display.o
 .debug_macro   0x000003ca       0x16 ./Core/Src/display.o
 .debug_macro   0x000003e0       0x3c ./Core/Src/display.o
 .debug_macro   0x0000041c      0x370 ./Core/Src/display.o
 .debug_macro   0x0000078c       0x10 ./Core/Src/display.o
 .debug_macro   0x0000079c       0x16 ./Core/Src/display.o
 .debug_macro   0x000007b2       0x4a ./Core/Src/display.o
 .debug_macro   0x000007fc       0x34 ./Core/Src/display.o
 .debug_macro   0x00000830       0x10 ./Core/Src/display.o
 .debug_macro   0x00000840       0x58 ./Core/Src/display.o
 .debug_macro   0x00000898       0x8e ./Core/Src/display.o
 .debug_macro   0x00000926       0x1c ./Core/Src/display.o
 .debug_macro   0x00000942      0x185 ./Core/Src/display.o
 .debug_macro   0x00000ac7       0x16 ./Core/Src/display.o
 .debug_macro   0x00000add       0x16 ./Core/Src/display.o
 .debug_macro   0x00000af3      0x146 ./Core/Src/display.o
 .debug_macro   0x00000c39       0x3a ./Core/Src/display.o
 .debug_macro   0x00000c73      0x209 ./Core/Src/game_logic.o
 .debug_macro   0x00000e7c       0xb2 ./Core/Src/game_logic.o
 .debug_macro   0x00000f2e      0x2b1 ./Core/Src/lcd.o
 .debug_macro   0x000011df       0x10 ./Core/Src/lcd.o
 .debug_macro   0x000011ef       0x20 ./Core/Src/lcd.o
 .debug_macro   0x0000120f      0x2a2 ./Core/Src/main.o
 .debug_macro   0x000014b1      0x169 ./Core/Src/main.o
 .debug_macro   0x0000161a       0x66 ./Core/Src/main.o
 .debug_macro   0x00001680       0x74 ./Core/Src/main.o
 .debug_macro   0x000016f4       0xdd ./Core/Src/main.o
 .debug_macro   0x000017d1       0x16 ./Core/Src/main.o
 .debug_macro   0x000017e7      0x1e2 ./Core/Src/stm32g4xx_hal_msp.o
 .debug_macro   0x000019c9      0x25e ./Core/Src/stm32g4xx_it.o
 .debug_macro   0x00001c27      0x1f7 ./Core/Src/switch.o
 .debug_macro   0x00001e1e      0x112 ./Core/Src/sysmem.o
 .debug_macro   0x00001f30      0x23c ./Core/Src/sysmem.o
 .debug_macro   0x0000216c      0x1d3 ./Core/Src/system_stm32g4xx.o
 .debug_macro   0x0000233f      0x221 ./Drivers/STM32G4xx_HAL_Driver/Src/stm32g4xx_hal.o