Archive member included to satisfy reference by file (symbol)

/opt/st/stm32cubeide_1.19.0/plugins/com.st.stm32cube.ide.mcu.externaltools.gnu-tools-for-stm32.13.3.rel1.linux64_1.0.0.202410170706/tools/bin/../lib/gcc/arm-none-eabi/13.3.1/../../../../arm-none-eabi/lib/thumb/v7e-m+fp/hard/libc_nano.a(libc_a-exit.o)
                              /opt/st/stm32cubeide_1.19.0/plugins/com.st.stm32cube.ide.mcu.externaltools.gnu-tools-for-stm32.13.3.rel1.linux64_1.0.0.202410170706/tools/bin/../lib/gcc/arm-none-eabi/13.3.1/../../../../arm-none-eabi/lib/thumb/v7e-m+fp/hard/crt0.o (exit)
/opt/st/stm32cubeide_1.19.0/plugins/com.st.stm32cube.ide.mcu.externaltools.gnu-tools-for-stm32.13.3.rel1.linux64_1.0.0.202410170706/tools/bin/../lib/gcc/arm-none-eabi/13.3.1/../../../../arm-none-eabi/lib/thumb/v7e-m+fp/hard/libc_nano.a(libc_a-findfp.o)
                              /opt/st/stm32cubeide_1.19.0/plugins/com.st.stm32cube.ide.mcu.externaltools.gnu-tools-for-stm32.13.3.rel1.linux64_1.0.0.202410170706/tools/bin/../lib/gcc/arm-none-eabi/13.3.1/../../../../arm-none-eabi/lib/thumb/v7e-m+fp/hard/libc_nano.a(libc_a-exit.o) (__stdio_exit_handler)
/opt/st/stm32cubeide_1.19.0/plugins/com.st.stm32cube.ide.mcu.externaltools.gnu-tools-for-stm32.13.3.rel1.linux64_1.0.0.202410170706/tools/bin/../lib/gcc/arm-none-eabi/13.3.1/../../../../arm-none-eabi/lib/thumb/v7e-m+fp/hard/libc_nano.a(libc_a-fwalk.o)
                              /opt/st/stm32cubeide_1.19.0/plugins/com.st.stm32cube.ide.mcu.externaltools.gnu-tools-for-stm32.13.3.rel1.linux64_1.0.0.202410170706/tools/bin/../lib/gcc/arm-none-eabi/13.3.1/../../../../arm-none-eabi/lib/thumb/v7e-m+fp/hard/libc_nano.a(libc_a-findfp.o) (_fwalk_sglue)
/opt/st/stm32cubeide_1.19.0/plugins/com.st.stm32cube.ide.mcu.externaltools.gnu-tools-for-stm32.13.3.rel1.linux64_1.0.0.202410170706/tools/bin/../lib/gcc/arm-none-eabi/13.3.1/../../../../arm-none-eabi/lib/thumb/v7e-m+fp/hard/libc_nano.a(libc_a-stdio.o)
                              /opt/st/stm32cubeide_1.19.0/plugins/com.st.stm32cube.ide.mcu.externaltools.gnu-tools-for-stm32.13.3.rel1.linux64_1.0.0.202410170706/tools/bin/../lib/gcc/arm-none-eabi/13.3.1/../../../../arm-none-eabi/lib/thumb/v7e-m+fp/hard/libc_nano.a(libc_a-findfp.o) (__sread)
/opt/st/stm32cubeide_1.19.0/plugins/com.st.stm32cube.ide.mcu.externaltools.gnu-tools-for-stm32.13.3.rel1.linux64_1.0.0.202410170706/tools/bin/../lib/gcc/arm-none-eabi/13.3.1/../../../../arm-none-eabi/lib/thumb/v7e-m+fp/hard/libc_nano.a(libc_a-memset.o)
                              /opt/st/stm32cubeide_1.19.0/plugins/com.st.stm32cube.ide.mcu.externaltools.gnu-tools-for-stm32.13.3.rel1.linux64_1.0.0.202410170706/tools/bin/../lib/gcc/arm-none-eabi/13.3.1/../../../../arm-none-eabi/lib/thumb/v7e-m+fp/hard/crt0.o (memset)
/opt/st/stm32cubeide_1.19.0/plugins/com.st.stm32cube.ide.mcu.externaltools.gnu-tools-for-stm32.13.3.rel1.linux64_1.0.0.202410170706/tools/bin/../lib/gcc/arm-none-eabi/13.3.1/../../../../arm-none-eabi/lib/thumb/v7e-m+fp/hard/libc_nano.a(libc_a-closer.o)
                              /opt/st/stm32cubeide_1.19.0/plugins/com.st.stm32cube.ide.mcu.externaltools.gnu-tools-for-stm32.13.3.rel1.linux64_1.0.0.202410170706/tools/bin/../lib/gcc/arm-none-eabi/13.3.1/../../../../arm-none-eabi/lib/thumb/v7e-m+fp/hard/libc_nano.a(libc_a-stdio.o) (_close_r)
/opt/st/stm32cubeide_1.19.0/plugins/com.st.stm32cube.ide.mcu.externaltools.gnu-tools-for-stm32.13.3.rel1.linux64_1.0.0.202410170706/tools/bin/../lib/gcc/arm-none-eabi/13.3.1/../../../../arm-none-eabi/lib/thumb/v7e-m+fp/hard/libc_nano.a(libc_a-reent.o)
                              /opt/st/stm32cubeide_1.19.0/plugins/com.st.stm32cube.ide.mcu.externaltools.gnu-tools-for-stm32.13.3.rel1.linux64_1.0.0.202410170706/tools/bin/../lib/gcc/arm-none-eabi/13.3.1/../../../../arm-none-eabi/lib/thumb/v7e-m+fp/hard/libc_nano.a(libc_a-closer.o) (errno)
/opt/st/stm32cubeide_1.19.0/plugins/com.st.stm32cube.ide.mcu.externaltools.gnu-tools-for-stm32.13.3.rel1.linux64_1.0.0.202410170706/tools/bin/../lib/gcc/arm-none-eabi/13.3.1/../../../../arm-none-eabi/lib/thumb/v7e-m+fp/hard/libc_nano.a(libc_a-impure.o)
                              /opt/st/stm32cubeide_1.19.0/plugins/com.st.stm32cube.ide.mcu.externaltools.gnu-tools-for-stm32.13.3.rel1.linux64_1.0.0.202410170706/tools/bin/../lib/gcc/arm-none-eabi/13.3.1/../../../../arm-none-eabi/lib/thumb/v7e-m+fp/hard/libc_nano.a(libc_a-reent.o) (_impure_ptr)
/opt/st/stm32cubeide_1.19.0/plugins/com.st.stm32cube.ide.mcu.externaltools.gnu-tools-for-stm32.13.3.rel1.linux64_1.0.0.202410170706/tools/bin/../lib/gcc/arm-none-eabi/13.3.1/../../../../arm-none-eabi/lib/thumb/v7e-m+fp/hard/libc_nano.a(libc_a-lseekr.o)
                              /opt/st/stm32cubeide_1.19.0/plugins/com.st.stm32cube.ide.mcu.externaltools.gnu-tools-for-stm32.13.3.rel1.linux64_1.0.0.202410170706/tools/bin/../lib/gcc/arm-none-eabi/13.3.1/../../../../arm-none-eabi/lib/thumb/v7e-m+fp/hard/libc_nano.a(libc_a-stdio.o) (_lseek_r)
[...]
Memory Configuration

Name             Origin             Length             Attributes
RAM              0x20000000         0x00020000         xrw
FLASH            0x08000000         0x00080000         xr
*default*        0x00000000         0xffffffff

Linker script and memory map

LOAD /opt/st/stm32cubeide_1.19.0/plugins/com.st.stm32cube.ide.mcu.externaltools.gnu-tools-for-stm32.13.3.rel1.linux64_1.0.0.202410170706/tools/bin/../lib/gcc/arm-none-eabi/13.3.1/thumb/v7e-m+fp/hard/crti.o
LOAD /opt/st/stm32cubeide_1.19.0/plugins/com.st.stm32cube.ide.mcu.externaltools.gnu-tools-for-stm32.13.3.rel1.linux64_1.0.0.202410170706/tools/bin/../lib/gcc/arm-none-eabi/13.3.1/thumb/v7e-m+fp/hard/crtbegin.o
LOAD /opt/st/stm32cubeide_1.19.0/plugins/com.st.stm32cube.ide.mcu.externaltools.gnu-tools-for-stm32.13.3.rel1.linux64_1.0.0.202410170706/tools/bin/../lib/gcc/arm-none-eabi/13.3.1/../../../../arm-none-eabi/lib/thumb/v7e-m+fp/hard/crt0.o
LOAD ./Core/Src/display.o
LOAD ./Core/Src/game_logic.o
LOAD ./Core/Src/lcd.o
LOAD ./Core/Src/main.o
LOAD ./Core/Src/stm32g4xx_hal_msp.o
LOAD ./Core/Src/stm32g4xx_it.o
LOAD ./Core/Src/switch.o
LOAD ./Core/Src/syscalls.o
LOAD ./Core/Src/sysmem.o
LOAD ./Core/Src/system_stm32g4xx.o
LOAD ./Core/Startup/startup_stm32g474retx.o
LOAD ./Drivers/STM32G4xx_HAL_Driver/Src/stm32g4xx_hal.o
LOAD ./Drivers/STM32G4xx_HAL_Driver/Src/stm32g4xx_hal_cortex.o
LOAD ./Drivers/STM32G4xx_HAL_Driver/Src/stm32g4xx_hal_dma.o
LOAD ./Drivers/STM32G4xx_HAL_Driver/Src/stm32g4xx_hal_dma_ex.o
LOAD ./Drivers/STM32G4xx_HAL_Driver/Src/stm32g4xx_hal_exti.o
LOAD ./Drivers/STM32G4xx_HAL_Driver/Src/stm32g4xx_hal_flash.o
LOAD ./Drivers/STM32G4xx_HAL_Driver/Src/stm32g4xx_hal_flash_ex.o
LOAD ./Drivers/STM32G4xx_HAL_Driver/Src/stm32g4xx_hal_flash_ramfunc.o
LOAD ./Drivers/STM32G4xx_HAL_Driver/Src/stm32g4xx_hal_gpio.o
LOAD ./Drivers/STM32G4xx_HAL_Driver/Src/stm32g4xx_hal_i2c.o
LOAD ./Drivers/STM32G4xx_HAL_Driver/Src/stm32g4xx_hal_i2c_ex.o
LOAD ./Drivers/STM32G4xx_HAL_Driver/Src/stm32g4xx_hal_pwr.o
LOAD ./Drivers/STM32G4xx_HAL_Driver/Src/stm32g4xx_hal_pwr_ex.o
LOAD ./Drivers/STM32G4xx_HAL_Driver/Src/stm32g4xx_hal_rcc.o
LOAD ./Drivers/STM32G4xx_HAL_Driver/Src/stm32g4xx_hal_rcc_ex.o
LOAD ./Drivers/STM32G4xx_HAL_Driver/Src/stm32g4xx_hal_uart.o
LOAD ./Drivers/STM32G4xx_HAL_Driver/Src/stm32g4xx_hal_uart_ex.o
START GROUP
LOAD /opt/st/stm32cubeide_1.19.0/plugins/com.st.stm32cube.ide.mcu.externaltools.gnu-tools-for-stm32.13.3.rel1.linux64_1.0.0.202410170706/tools/bin/../lib/gcc/arm-none-eabi/13.3.1/../../../../arm-none-eabi/lib/thumb/v7e-m+fp/hard/libc_nano.a
LOAD /opt/st/stm32cubeide_1.19.0/plugins/com.st.stm32cube.ide.mcu.externaltools.gnu-tools-for-stm32.13.3.rel1.linux64_1.0.0.202410170706/tools/bin/../lib/gcc/arm-none-eabi/13.3.1/../../../../arm-none-eabi/lib/thumb/v7e-m+fp/hard/libm.a
END GROUP
START GROUP
LOAD /opt/st/stm32cubeide_1.19.0/plugins/com.st.stm32cube.ide.mcu.externaltools.gnu-tools-for-stm32.13.3.rel1.linux64_1.0.0.202410170706/tools/bin/../lib/gcc/arm-none-eabi/13.3.1/thumb/v7e-m+fp/hard/libgcc.a
LOAD /opt/st/stm32cubeide_1.19.0/plugins/com.st.stm32cube.ide.mcu.externaltools.gnu-tools-for-stm32.13.3.rel1.linux64_1.0.0.202410170706/tools/bin/../lib/gcc/arm-none-eabi/13.3.1/../../../../arm-none-eabi/lib/thumb/v7e-m+fp/hard/libc_nano.a
END GROUP
START GROUP
LOAD /opt/st/stm32cubeide_1.19.0/plugins/com.st.stm32cube.ide.mcu.externaltools.gnu-tools-for-stm32.13.3.rel1.linux64_1.0.0.202410170706/tools/bin/../lib/gcc/arm-none-eabi/13.3.1/thumb/v7e-m+fp/hard/libgcc.a
LOAD /opt/st/stm32cubeide_1.19.0/plugins/com.st.stm32cube.ide.mcu.externaltools.gnu-tools-for-stm32.13.3.rel1.linux64_1.0.0.202410170706/tools/bin/../lib/gcc/arm-none-eabi/13.3.1/../../../../arm-none-eabi/lib/thumb/v7e-m+fp/hard/libc_nano.a
LOAD /opt/st/stm32cubeide_1.19.0/plugins/com.st.stm32cube.ide.mcu.externaltools.gnu-tools-for-stm32.13.3.rel1.linux64_1.0.0.202410170706/tools/bin/../lib/gcc/arm-none-eabi/13.3.1/../../../../arm-none-eabi/lib/thumb/v7e-m+fp/hard/libnosys.a
END GROUP
START GROUP
LOAD /opt/st/stm32cubeide_1.19.0/plugins/com.st.stm32cube.ide.mcu.externaltools.gnu-tools-for-stm32.13.3.rel1.linux64_1.0.0.202410170706/tools/bin/../lib/gcc/arm-none-eabi/13.3.1/thumb/v7e-m+fp/hard/libgcc.a
LOAD /opt/st/stm32cubeide_1.19.0/plugins/com.st.stm32cube.ide.mcu.externaltools.gnu-tools-for-stm32.13.3.rel1.linux64_1.0.0.202410170706/tools/bin/../lib/gcc/arm-none-eabi/13.3.1/../../../../arm-none-eabi/lib/thumb/v7e-m+fp/hard/libc_nano.a
LOAD /opt/st/stm32cubeide_1.19.0/plugins/com.st.stm32cube.ide.mcu.externaltools.gnu-tools-for-stm32.13.3.rel1.linux64_1.0.0.202410170706/tools/bin/../lib/gcc/arm-none-eabi/13.3.1/../../../../arm-none-eabi/lib/thumb/v7e-m+fp/hard/libnosys.a
END GROUP
LOAD /opt/st/stm32cubeide_1.19.0/plugins/com.st.stm32cube.ide.mcu.externaltools.gnu-tools-for-stm32.13.3.rel1.linux64_1.0.0.202410170706/tools/bin/../lib/gcc/arm-none-eabi/13.3.1/thumb/v7e-m+fp/hard/crtend.o
LOAD /opt/st/stm32cubeide_1.19.0/plugins/com.st.stm32cube.ide.mcu.externaltools.gnu-tools-for-stm32.13.3.rel1.linux64_1.0.0.202410170706/tools/bin/../lib/gcc/arm-none-eabi/13.3.1/thumb/v7e-m+fp/hard/crtn.o
                0x20020000                        _estack = (ORIGIN (RAM) + LENGTH (RAM))
                0x00000200                        _Min_Heap_Size = 0x200
                0x00000400                        _Min_Stack_Size = 0x400

.isr_vector     0x08000000      0x1d8
                0x08000000                        . = ALIGN (0x4)
 *(.isr_vector)
 .isr_vector    0x08000000      0x1d8 ./Core/Startup/startup_stm32g474retx.o
                0x08000000                g_pfnVectors
                0x080001d8                        . = ALIGN (0x4)

.text           0x080001d8     0x3aa8
                0x080001d8                        . = ALIGN (0x4)
 *(.text)
 .text          0x080001d8       0x40 /opt/st/stm32cubeide_1.19.0/plugins/com.st.stm32cube.ide.mcu.externaltools.gnu-tools-for-stm32.13.3.rel1.linux64_1.0.0.202410170706/tools/bin/../lib/gcc/arm-none-eabi/13.3.1/thumb/v7e-m+fp/hard/crtbegin.o
 .text          0x08000218       0x30 /opt/st/stm32cubeide_1.19.0/plugins/com.st.stm32cube.ide.mcu.externaltools.gnu-tools-for-stm32.13.3.rel1.linux64_1.0.0.202410170706/tools/bin/../lib/gcc/arm-none-eabi/13.3.1/thumb/v7e-m+fp/hard/libgcc.a(_aeabi_uldivmod.o)
                0x08000218                __aeabi_uldivmod
 .text          0x08000248      0x2f8 /opt/st/stm32cubeide_1.19.0/plugins/com.st.stm32cube.ide.mcu.externaltools.gnu-tools-for-stm32.13.3.rel1.linux64_1.0.0.202410170706/tools/bin/../lib/gcc/arm-none-eabi/13.3.1/thumb/v7e-m+fp/hard/libgcc.a(_udivmoddi4.o)
                0x08000248                __udivmoddi4
 .text          0x08000540        0x4 /opt/st/stm32cubeide_1.19.0/plugins/com.st.stm32cube.ide.mcu.externaltools.gnu-tools-for-stm32.13.3.rel1.linux64_1.0.0.202410170706/tools/bin/../lib/gcc/arm-none-eabi/13.3.1/thumb/v7e-m+fp/hard/libgcc.a(_dvmd_tls.o)
                0x08000540                __aeabi_ldiv0
                0x08000540                __aeabi_idiv0
 *(.text*)
 .text.DisplayConfigCustomChars
                0x08000544       0x14 ./Core/Src/display.o
                0x08000544                DisplayConfigCustomChars
 .text.ClearStratagemOnDisplay
                0x08000558       0x18 ./Core/Src/display.o
                0x08000558                ClearStratagemOnDisplay
 .text.WriteNextSequenceArrow
                0x08000570       0x28 ./Core/Src/display.o
                0x08000570                WriteNextSequenceArrow
 .text.lcd_init
                0x08000598       0xa0 ./Core/Src/lcd.o
                0x08000598                lcd_init
 .text.lcd_send_cmd
                0x08000638       0x60 ./Core/Src/lcd.o
                0x08000638                lcd_send_cmd
 .text.lcd_send_data
                0x08000698       0x60 ./Core/Src/lcd.o
                0x08000698                lcd_send_data
 .text.lcd_set_line
                0x080006f8       0x5c ./Core/Src/lcd.o
                0x080006f8                lcd_set_line
 .text.lcd_send_string
                0x08000754       0x30 ./Core/Src/lcd.o
                0x08000754                lcd_send_string
 .text.lcd_update_buffer
                0x08000784       0x2c ./Core/Src/lcd.o
                0x08000784                lcd_update_buffer
 .text.lcd_update_screen
                0x080007b0       0x58 ./Core/Src/lcd.o
                0x080007b0                lcd_update_screen
 .text.lcd_set_custom_symbol
                0x08000808       0x40 ./Core/Src/lcd.o
                0x08000808                lcd_set_custom_symbol
 .text.ParseKeysToLcdArrows
                0x08000848       0x58 ./Core/Src/main.o
                0x08000848                ParseKeysToLcdArrows
 .text.main     0x080008a0       0xf8 ./Core/Src/main.o
                0x080008a0                main
 .text.SystemClock_Config
                0x08000998       0x92 ./Core/Src/main.o
                0x08000998                SystemClock_Config
 *fill*         0x08000a2a        0x2 
 .text.MX_I2C1_Init
                0x08000a2c       0x80 ./Core/Src/main.o
 .text.MX_LPUART1_UART_Init
                0x08000aac       0x94 ./Core/Src/main.o
 .text.MX_GPIO_Init
                0x08000b40       0xc8 ./Core/Src/main.o
 .text.Error_Handler
                0x08000c08        0xc ./Core/Src/main.o
                0x08000c08                Error_Handler
 .text.HAL_MspInit
                0x08000c14       0x48 ./Core/Src/stm32g4xx_hal_msp.o
                0x08000c14                HAL_MspInit
 .text.HAL_I2C_MspInit
                0x08000c5c       0xb4 ./Core/Src/stm32g4xx_hal_msp.o
                0x08000c5c                HAL_I2C_MspInit
 .text.HAL_UART_MspInit
                0x08000d10       0xb0 ./Core/Src/stm32g4xx_hal_msp.o
                0x08000d10                HAL_UART_MspInit
 .text.NMI_Handler
                0x08000dc0        0x8 ./Core/Src/stm32g4xx_it.o
                0x08000dc0                NMI_Handler
 .text.HardFault_Handler
                0x08000dc8        0x8 ./Core/Src/stm32g4xx_it.o
                0x08000dc8                HardFault_Handler
 .text.MemManage_Handler
                0x08000dd0        0x8 ./Core/Src/stm32g4xx_it.o
                0x08000dd0                MemManage_Handler
 .text.BusFault_Handler
                0x08000dd8        0x8 ./Core/Src/stm32g4xx_it.o
                0x08000dd8                BusFault_Handler
 .text.UsageFault_Handler
                0x08000de0        0x8 ./Core/Src/stm32g4xx_it.o
                0x08000de0                UsageFault_Handler
 .text.SVC_Handler
                0x08000de8        0xe ./Core/Src/stm32g4xx_it.o
                0x08000de8                SVC_Handler
 .text.DebugMon_Handler
                0x08000df6        0xe ./Core/Src/stm32g4xx_it.o
                0x08000df6                DebugMon_Handler
 .text.PendSV_Handler
                0x08000e04        0xe ./Core/Src/stm32g4xx_it.o
                0x08000e04                PendSV_Handler
 .text.SysTick_Handler
                0x08000e12        0xc ./Core/Src/stm32g4xx_it.o
                0x08000e12                SysTick_Handler
 *fill*         0x08000e1e        0x2 
 .text.GetKeyStates
                0x08000e20      0x134 ./Core/Src/switch.o
                0x08000e20                GetKeyStates
 .text.SystemInit
                0x08000f54       0x24 ./Core/Src/system_stm32g4xx.o
                0x08000f54                SystemInit
 .text.Reset_Handler
                0x08000f78       0x50 ./Core/Startup/startup_stm32g474retx.o
                0x08000f78                Reset_Handler
 .text.Default_Handler
                0x08000fc8        0x2 ./Core/Startup/startup_stm32g474retx.o
                0x08000fc8                RTC_Alarm_IRQHandler
                0x08000fc8                EXTI2_IRQHandler
                0x08000fc8                TIM8_TRG_COM_IRQHandler
                0x08000fc8                TIM8_CC_IRQHandler
                0x08000fc8                HRTIM1_Master_IRQHandler
                0x08000fc8                SPI4_IRQHandler
                0x08000fc8                FDCAN3_IT0_IRQHandler
                0x08000fc8                TIM1_CC_IRQHandler
                0x08000fc8                HRTIM1_FLT_IRQHandler
                0x08000fc8                HRTIM1_TIMF_IRQHandler
                0x08000fc8                USB_HP_IRQHandler
                0x08000fc8                CORDIC_IRQHandler
                0x08000fc8                HRTIM1_TIMD_IRQHandler
                0x08000fc8                DMA2_Channel8_IRQHandler
                0x08000fc8                EXTI3_IRQHandler
                0x08000fc8                I2C3_ER_IRQHandler
                0x08000fc8                EXTI0_IRQHandler
                0x08000fc8                I2C2_EV_IRQHandler
                0x08000fc8                FPU_IRQHandler
                0x08000fc8                FDCAN1_IT1_IRQHandler
                0x08000fc8                TIM1_UP_TIM16_IRQHandler
                0x08000fc8                ADC1_2_IRQHandler
                0x08000fc8                HRTIM1_TIME_IRQHandler
                0x08000fc8                SPI1_IRQHandler
                0x08000fc8                TIM6_DAC_IRQHandler
                0x08000fc8                HRTIM1_TIMC_IRQHandler
                0x08000fc8                TIM8_UP_IRQHandler
                0x08000fc8                DMA2_Channel2_IRQHandler
                0x08000fc8                DMA1_Channel4_IRQHandler
                0x08000fc8                TIM20_TRG_COM_IRQHandler
                0x08000fc8                USART3_IRQHandler
                0x08000fc8                DMA1_Channel7_IRQHandler
                0x08000fc8                UART5_IRQHandler
                0x08000fc8                ADC3_IRQHandler
                0x08000fc8                TIM4_IRQHandler
                0x08000fc8                DMA2_Channel1_IRQHandler
                0x08000fc8                QUADSPI_IRQHandler
                0x08000fc8                I2C1_EV_IRQHandler
                0x08000fc8                DMA1_Channel6_IRQHandler
                0x08000fc8                UART4_IRQHandler
                0x08000fc8                DMA2_Channel4_IRQHandler
                0x08000fc8                TIM3_IRQHandler
                0x08000fc8                RCC_IRQHandler
                0x08000fc8                TIM20_UP_IRQHandler
                0x08000fc8                DMA1_Channel1_IRQHandler
                0x08000fc8                Default_Handler
                0x08000fc8                DMA2_Channel7_IRQHandler
                0x08000fc8                RTC_TAMP_LSECSS_IRQHandler
                0x08000fc8                FMAC_IRQHandler
                0x08000fc8                EXTI15_10_IRQHandler
                0x08000fc8                DMA1_Channel8_IRQHandler
                0x08000fc8                HRTIM1_TIMA_IRQHandler
                0x08000fc8                TIM7_DAC_IRQHandler
                0x08000fc8                FDCAN3_IT1_IRQHandler
                0x08000fc8                TIM5_IRQHandler
                0x08000fc8                UCPD1_IRQHandler
                0x08000fc8                I2C3_EV_IRQHandler
                0x08000fc8                EXTI9_5_IRQHandler
                0x08000fc8                RTC_WKUP_IRQHandler
                0x08000fc8                PVD_PVM_IRQHandler
                0x08000fc8                SPI2_IRQHandler
                0x08000fc8                ADC5_IRQHandler
                0x08000fc8                DMA2_Channel5_IRQHandler
                0x08000fc8                CRS_IRQHandler
                0x08000fc8                DMA1_Channel5_IRQHandler
                0x08000fc8                USB_LP_IRQHandler
                0x08000fc8                EXTI4_IRQHandler
                0x08000fc8                RNG_IRQHandler
                0x08000fc8                HRTIM1_TIMB_IRQHandler
                0x08000fc8                TIM1_TRG_COM_TIM17_IRQHandler
                0x08000fc8                FDCAN2_IT1_IRQHandler
                0x08000fc8                DMA1_Channel3_IRQHandler
                0x08000fc8                ADC4_IRQHandler
                0x08000fc8                WWDG_IRQHandler
                0x08000fc8                I2C4_EV_IRQHandler
                0x08000fc8                FDCAN2_IT0_IRQHandler
                0x08000fc8                LPUART1_IRQHandler
                0x08000fc8                DMA2_Channel6_IRQHandler
                0x08000fc8                FDCAN1_IT0_IRQHandler
                0x08000fc8                TIM2_IRQHandler
                0x08000fc8                COMP7_IRQHandler
                0x08000fc8                COMP1_2_3_IRQHandler
                0x08000fc8                EXTI1_IRQHandler
                0x08000fc8                USART2_IRQHandler
                0x08000fc8                COMP4_5_6_IRQHandler
                0x08000fc8                TIM20_BRK_IRQHandler
                0x08000fc8                I2C2_ER_IRQHandler
                0x08000fc8                DMA1_Channel2_IRQHandler
                0x08000fc8                TIM8_BRK_IRQHandler
                0x08000fc8                FLASH_IRQHandler
                0x08000fc8                TIM20_CC_IRQHandler
                0x08000fc8                USART1_IRQHandler
                0x08000fc8                SPI3_IRQHandler
                0x08000fc8                I2C1_ER_IRQHandler
                0x08000fc8                FMC_IRQHandler
                0x08000fc8                LPTIM1_IRQHandler
                0x08000fc8                DMAMUX_OVR_IRQHandler
                0x08000fc8                I2C4_ER_IRQHandler
                0x08000fc8                USBWakeUp_IRQHandler
                0x08000fc8                SAI1_IRQHandler
                0x08000fc8                DMA2_Channel3_IRQHandler
                0x08000fc8                TIM1_BRK_TIM15_IRQHandler
 .text.HAL_Init
                0x08000fca       0x30 ./Drivers/STM32G4xx_HAL_Driver/Src/stm32g4xx_hal.o
                0x08000fca                HAL_Init
 *fill*         0x08000ffa        0x2 
 .text.HAL_InitTick
                0x08000ffc       0x74 ./Drivers/STM32G4xx_HAL_Driver/Src/stm32g4xx_hal.o
                0x08000ffc                HAL_InitTick
 .text.HAL_IncTick
                0x08001070       0x24 ./Drivers/STM32G4xx_HAL_Driver/Src/stm32g4xx_hal.o
                0x08001070                HAL_IncTick
 .text.HAL_GetTick
                0x08001094       0x18 ./Drivers/STM32G4xx_HAL_Driver/Src/stm32g4xx_hal.o
                0x08001094                HAL_GetTick
 .text.HAL_Delay
                0x080010ac       0x44 ./Drivers/STM32G4xx_HAL_Driver/Src/stm32g4xx_hal.o
                0x080010ac                HAL_Delay
 .text.__NVIC_SetPriorityGrouping
                0x080010f0       0x48 ./Drivers/STM32G4xx_HAL_Driver/Src/stm32g4xx_hal_cortex.o
 .text.__NVIC_GetPriorityGrouping
                0x08001138       0x1c ./Drivers/STM32G4xx_HAL_Driver/Src/stm32g4xx_hal_cortex.o
 .text.__NVIC_SetPriority
                0x08001154       0x54 ./Drivers/STM32G4xx_HAL_Driver/Src/stm32g4xx_hal_cortex.o
 .text.NVIC_EncodePriority
                0x080011a8       0x66 ./Drivers/STM32G4xx_HAL_Driver/Src/stm32g4xx_hal_cortex.o
 *fill*         0x0800120e        0x2 
 .text.SysTick_Config
                0x08001210       0x44 ./Drivers/STM32G4xx_HAL_Driver/Src/stm32g4xx_hal_cortex.o
 .text.HAL_NVIC_SetPriorityGrouping
                0x08001254       0x16 ./Drivers/STM32G4xx_HAL_Driver/Src/stm32g4xx_hal_cortex.o
                0x08001254                HAL_NVIC_SetPriorityGrouping
 .text.HAL_NVIC_SetPriority
                0x0800126a       0x34 ./Drivers/STM32G4xx_HAL_Driver/Src/stm32g4xx_hal_cortex.o
                0x0800126a                HAL_NVIC_SetPriority
 .text.HAL_SYSTICK_Config
                0x0800129e       0x18 ./Drivers/STM32G4xx_HAL_Driver/Src/stm32g4xx_hal_cortex.o
                0x0800129e                HAL_SYSTICK_Config
 *fill*         0x080012b6        0x2 
 .text.HAL_GPIO_Init
                0x080012b8      0x304 ./Drivers/STM32G4xx_HAL_Driver/Src/stm32g4xx_hal_gpio.o
                0x080012b8                HAL_GPIO_Init
 .text.HAL_GPIO_WritePin
                0x080015bc       0x30 ./Drivers/STM32G4xx_HAL_Driver/Src/stm32g4xx_hal_gpio.o
                0x080015bc                HAL_GPIO_WritePin
 .text.HAL_I2C_Init
                0x080015ec      0x136 ./Drivers/STM32G4xx_HAL_Driver/Src/stm32g4xx_hal_i2c.o
                0x080015ec                HAL_I2C_Init
 *fill*         0x08001722        0x2 
 .text.HAL_I2C_Master_Transmit
                0x08001724      0x230 ./Drivers/STM32G4xx_HAL_Driver/Src/stm32g4xx_hal_i2c.o
                0x08001724                HAL_I2C_Master_Transmit
 .text.I2C_Flush_TXDR
                0x08001954       0x48 ./Drivers/STM32G4xx_HAL_Driver/Src/stm32g4xx_hal_i2c.o
 .text.I2C_WaitOnFlagUntilTimeout
                0x0800199c       0xb2 ./Drivers/STM32G4xx_HAL_Driver/Src/stm32g4xx_hal_i2c.o
 .text.I2C_WaitOnTXISFlagUntilTimeout
                0x08001a4e       0x8e ./Drivers/STM32G4xx_HAL_Driver/Src/stm32g4xx_hal_i2c.o
 .text.I2C_WaitOnSTOPFlagUntilTimeout
                0x08001adc       0x86 ./Drivers/STM32G4xx_HAL_Driver/Src/stm32g4xx_hal_i2c.o
 *fill*         0x08001b62        0x2 
 .text.I2C_IsErrorOccurred
                0x08001b64      0x1c0 ./Drivers/STM32G4xx_HAL_Driver/Src/stm32g4xx_hal_i2c.o
 .text.I2C_TransferConfig
                0x08001d24       0x64 ./Drivers/STM32G4xx_HAL_Driver/Src/stm32g4xx_hal_i2c.o
 .text.HAL_I2CEx_ConfigAnalogFilter
                0x08001d88       0x96 ./Drivers/STM32G4xx_HAL_Driver/Src/stm32g4xx_hal_i2c_ex.o
                0x08001d88                HAL_I2CEx_ConfigAnalogFilter
 .text.HAL_I2CEx_ConfigDigitalFilter
                0x08001e1e       0x98 ./Drivers/STM32G4xx_HAL_Driver/Src/stm32g4xx_hal_i2c_ex.o
                0x08001e1e                HAL_I2CEx_ConfigDigitalFilter
 *fill*         0x08001eb6        0x2 
 .text.HAL_PWREx_ControlVoltageScaling
                0x08001eb8      0x148 ./Drivers/STM32G4xx_HAL_Driver/Src/stm32g4xx_hal_pwr_ex.o
                0x08001eb8                HAL_PWREx_ControlVoltageScaling
 .text.HAL_PWREx_DisableUCPDDeadBattery
                0x08002000       0x20 ./Drivers/STM32G4xx_HAL_Driver/Src/stm32g4xx_hal_pwr_ex.o
                0x08002000                HAL_PWREx_DisableUCPDDeadBattery
 .text.HAL_RCC_OscConfig
                0x08002020      0x624 ./Drivers/STM32G4xx_HAL_Driver/Src/stm32g4xx_hal_rcc.o
                0x08002020                HAL_RCC_OscConfig
 .text.HAL_RCC_ClockConfig
                0x08002644      0x278 ./Drivers/STM32G4xx_HAL_Driver/Src/stm32g4xx_hal_rcc.o
                0x08002644                HAL_RCC_ClockConfig
 .text.HAL_RCC_GetSysClockFreq
                0x080028bc       0xc4 ./Drivers/STM32G4xx_HAL_Driver/Src/stm32g4xx_hal_rcc.o
                0x080028bc                HAL_RCC_GetSysClockFreq
 .text.HAL_RCC_GetHCLKFreq
                0x08002980       0x18 ./Drivers/STM32G4xx_HAL_Driver/Src/stm32g4xx_hal_rcc.o
                0x08002980                HAL_RCC_GetHCLKFreq
 .text.HAL_RCC_GetPCLK1Freq
                0x08002998       0x2c ./Drivers/STM32G4xx_HAL_Driver/Src/stm32g4xx_hal_rcc.o
                0x08002998                HAL_RCC_GetPCLK1Freq
 .text.HAL_RCC_GetPCLK2Freq
                0x080029c4       0x2c ./Drivers/STM32G4xx_HAL_Driver/Src/stm32g4xx_hal_rcc.o
                0x080029c4                HAL_RCC_GetPCLK2Freq
 .text.RCC_GetSysClockFreqFromPLLSource
                0x080029f0       0x8c ./Drivers/STM32G4xx_HAL_Driver/Src/stm32g4xx_hal_rcc.o
 .text.HAL_RCCEx_PeriphCLKConfig
                0x08002a7c      0x49c ./Drivers/STM32G4xx_HAL_Driver/Src/stm32g4xx_hal_rcc_ex.o
                0x08002a7c                HAL_RCCEx_PeriphCLKConfig
 .text.HAL_UART_Init
                0x08002f18       0xa0 ./Drivers/STM32G4xx_HAL_Driver/Src/stm32g4xx_hal_uart.o
                0x08002f18                HAL_UART_Init
 .text.UART_SetConfig
                0x08002fb8      0x5f8 ./Drivers/STM32G4xx_HAL_Driver/Src/stm32g4xx_hal_uart.o
                0x08002fb8                UART_SetConfig
 .text.UART_AdvFeatureConfig
                0x080035b0      0x144 ./Drivers/STM32G4xx_HAL_Driver/Src/stm32g4xx_hal_uart.o
                0x080035b0                UART_AdvFeatureConfig
 .text.UART_CheckIdleState
                0x080036f4      0x154 ./Drivers/STM32G4xx_HAL_Driver/Src/stm32g4xx_hal_uart.o
                0x080036f4                UART_CheckIdleState
 .text.UART_WaitOnFlagUntilTimeout
                0x08003848       0xda ./Drivers/STM32G4xx_HAL_Driver/Src/stm32g4xx_hal_uart.o
                0x08003848                UART_WaitOnFlagUntilTimeout
 .text.UART_EndRxTransfer
                0x08003922       0xcc ./Drivers/STM32G4xx_HAL_Driver/Src/stm32g4xx_hal_uart.o
 .text.HAL_UARTEx_DisableFifoMode
                0x080039ee       0x72 ./Drivers/STM32G4xx_HAL_Driver/Src/stm32g4xx_hal_uart_ex.o
                0x080039ee                HAL_UARTEx_DisableFifoMode
 .text.HAL_UARTEx_SetTxFifoThreshold
                0x08003a60       0x7c ./Drivers/STM32G4xx_HAL_Driver/Src/stm32g4xx_hal_uart_ex.o
                0x08003a60                HAL_UARTEx_SetTxFifoThreshold
 .text.HAL_UARTEx_SetRxFifoThreshold
                0x08003adc       0x7c ./Drivers/STM32G4xx_HAL_Driver/Src/stm32g4xx_hal_uart_ex.o
                0x08003adc                HAL_UARTEx_SetRxFifoThreshold
 .text.UARTEx_SetNbDataToProcess
                0x08003b58       0x9c ./Drivers/STM32G4xx_HAL_Driver/Src/stm32g4xx_hal_uart_ex.o
 .text.memset   0x08003bf4       0x10 /opt/st/stm32cubeide_1.19.0/plugins/com.st.stm32cube.ide.mcu.externaltools.gnu-tools-for-stm32.13.3.rel1.linux64_1.0.0.202410170706/tools/bin/../lib/gcc/arm-none-eabi/13.3.1/../../../../arm-none-eabi/lib/thumb/v7e-m+fp/hard/libc_nano.a(libc_a-memset.o)
                0x08003bf4                memset
 .text.__libc_init_array
                0x08003c04       0x48 /opt/st/stm32cubeide_1.19.0/plugins/com.st.stm32cube.ide.mcu.externaltools.gnu-tools-for-stm32.13.3.rel1.linux64_1.0.0.202410170706/tools/bin/../lib/gcc/arm-none-eabi/13.3.1/../../../../arm-none-eabi/lib/thumb/v7e-m+fp/hard/libc_nano.a(libc_a-init.o)
                0x08003c04                __libc_init_array
 .text.memcpy   0x08003c4c       0x1c /opt/st/stm32cubeide_1.19.0/plugins/com.st.stm32cube.ide.mcu.externaltools.gnu-tools-for-stm32.13.3.rel1.linux64_1.0.0.202410170706/tools/bin/../lib/gcc/arm-none-eabi/13.3.1/../../../../arm-none-eabi/lib/thumb/v7e-m+fp/hard/libc_nano.a(libc_a-memcpy-stub.o)
                0x08003c4c                memcpy
 *(.glue_7)
 .glue_7        0x08003c68        0x0 linker stubs
 *(.glue_7t)
 .glue_7t       0x08003c68        0x0 linker stubs
 *(.eh_frame)
 .eh_frame      0x08003c68        0x0 /opt/st/stm32cubeide_1.19.0/plugins/com.st.stm32cube.ide.mcu.externaltools.gnu-tools-for-stm32.13.3.rel1.linux64_1.0.0.202410170706/tools/bin/../lib/gcc/arm-none-eabi/13.3.1/thumb/v7e-m+fp/hard/crtbegin.o
 *(.init)
 .init          0x08003c68        0x4 /opt/st/stm32cubeide_1.19.0/plugins/com.st.stm32cube.ide.mcu.externaltools.gnu-tools-for-stm32.13.3.rel1.linux64_1.0.0.202410170706/tools/bin/../lib/gcc/arm-none-eabi/13.3.1/thumb/v7e-m+fp/hard/crti.o
                0x08003c68                _init
 .init          0x08003c6c        0x8 /opt/st/stm32cubeide_1.19.0/plugins/com.st.stm32cube.ide.mcu.externaltools.gnu-tools-for-stm32.13.3.rel1.linux64_1.0.0.202410170706/tools/bin/../lib/gcc/arm-none-eabi/13.3.1/thumb/v7e-m+fp/hard/crtn.o
 *(.fini)
 .fini          0x08003c74        0x4 /opt/st/stm32cubeide_1.19.0/plugins/com.st.stm32cube.ide.mcu.externaltools.gnu-tools-for-stm32.13.3.rel1.linux64_1.0.0.202410170706/tools/bin/../lib/gcc/arm-none-eabi/13.3.1/thumb/v7e-m+fp/hard/crti.o
                0x08003c74                _fini
 .fini          0x08003c78        0x8 /opt/st/stm32cubeide_1.19.0/plugins/com.st.stm32cube.ide.mcu.externaltools.gnu-tools-for-stm32.13.3.rel1.linux64_1.0.0.202410170706/tools/bin/../lib/gcc/arm-none-eabi/13.3.1/thumb/v7e-m+fp/hard/crtn.o
                0x08003c80                        . = ALIGN (0x4)
                0x08003c80                        _etext = .

.vfp11_veneer   0x08003c80        0x0
 .vfp11_veneer  0x08003c80        0x0 linker stubs

.v4_bx          0x08003c80        0x0
 .v4_bx         0x08003c80        0x0 linker stubs

.iplt           0x08003c80        0x0
 .iplt          0x08003c80        0x0 /opt/st/stm32cubeide_1.19.0/plugins/com.st.stm32cube.ide.mcu.externaltools.gnu-tools-for-stm32.13.3.rel1.linux64_1.0.0.202410170706/tools/bin/../lib/gcc/arm-none-eabi/13.3.1/thumb/v7e-m+fp/hard/crtbegin.o

.rodata         0x08003c80       0x60
                0x08003c80                        . = ALIGN (0x4)
 *(.rodata)
 .rodata        0x08003c80        0x9 ./Core/Src/display.o
 *fill*         0x08003c89        0x3 
 .rodata        0x08003c8c       0x14 ./Core/Src/main.o
 *(.rodata*)
 .rodata.AHBPrescTable
                0x08003ca0       0x10 ./Core/Src/system_stm32g4xx.o
                0x08003ca0                AHBPrescTable
 .rodata.APBPrescTable
                0x08003cb0        0x8 ./Core/Src/system_stm32g4xx.o
                0x08003cb0                APBPrescTable
 .rodata.UARTPrescTable
                0x08003cb8       0x18 ./Drivers/STM32G4xx_HAL_Driver/Src/stm32g4xx_hal_uart.o
                0x08003cb8                UARTPrescTable
 .rodata.numerator.1
                0x08003cd0        0x8 ./Drivers/STM32G4xx_HAL_Driver/Src/stm32g4xx_hal_uart_ex.o
 .rodata.denominator.0
                0x08003cd8        0x8 ./Drivers/STM32G4xx_HAL_Driver/Src/stm32g4xx_hal_uart_ex.o
                0x08003ce0                        . = ALIGN (0x4)

.ARM.extab      0x08003ce0        0x0
                0x08003ce0                        . = ALIGN (0x4)
 *(.ARM.extab* .gnu.linkonce.armextab.*)
                0x08003ce0                        . = ALIGN (0x4)

.ARM            0x08003ce0        0x8
                0x08003ce0                        . = ALIGN (0x4)
                0x08003ce0                        __exidx_start = .
 *(.ARM.exidx*)
 .ARM.exidx     0x08003ce0        0x8 /opt/st/stm32cubeide_1.19.0/plugins/com.st.stm32cube.ide.mcu.externaltools.gnu-tools-for-stm32.13.3.rel1.linux64_1.0.0.202410170706/tools/bin/../lib/gcc/arm-none-eabi/13.3.1/thumb/v7e-m+fp/hard/libgcc.a(_udivmoddi4.o)
                0x08003ce8                        __exidx_end = .
                0x08003ce8                        . = ALIGN (0x4)

.preinit_array  0x08003ce8        0x0
                0x08003ce8                        . = ALIGN (0x4)
                0x08003ce8                        PROVIDE (__preinit_array_start = .)
 *(.preinit_array*)
                0x08003ce8                        PROVIDE (__preinit_array_end = .)
                0x08003ce8                        . = ALIGN (0x4)

.init_array     0x08003ce8        0x4
                0x08003ce8                        . = ALIGN (0x4)
                0x08003ce8                        PROVIDE (__init_array_start = .)
 *(SORT_BY_NAME(.init_array.*))
 *(.init_array*)
 .init_array    0x08003ce8        0x4 /opt/st/stm32cubeide_1.19.0/plugins/com.st.stm32cube.ide.mcu.externaltools.gnu-tools-for-stm32.13.3.rel1.linux64_1.0.0.202410170706/tools/bin/../lib/gcc/arm-none-eabi/13.3.1/thumb/v7e-m+fp/hard/crtbegin.o
                0x08003cec                        PROVIDE (__init_array_end = .)
                0x08003cec                        . = ALIGN (0x4)

.fini_array     0x08003cec        0x4
                0x08003cec                        . = ALIGN (0x4)
                [!provide]                        PROVIDE (__fini_array_start = .)
 *(SORT_BY_NAME(.fini_array.*))
 *(.fini_array*)
 .fini_array    0x08003cec        0x4 /opt/st/stm32cubeide_1.19.0/plugins/com.st.stm32cube.ide.mcu.externaltools.gnu-tools-for-stm32.13.3.rel1.linux64_1.0.0.202410170706/tools/bin/../lib/gcc/arm-none-eabi/13.3.1/thumb/v7e-m+fp/hard/crtbegin.o
                [!provide]                        PROVIDE (__fini_array_end = .)
                0x08003cf0                        . = ALIGN (0x4)
                0x08003cf0                        _sidata = LOADADDR (.data)

.rel.dyn        0x08003cf0        0x0
 .rel.iplt      0x08003cf0        0x0 /opt/st/stm32cubeide_1.19.0/plugins/com.st.stm32cube.ide.mcu.externaltools.gnu-tools-for-stm32.13.3.rel1.linux64_1.0.0.202410170706/tools/bin/../lib/gcc/arm-none-eabi/13.3.1/thumb/v7e-m+fp/hard/crtbegin.o

.data           0x20000000       0x20 load address 0x08003cf0
                0x20000000                        . = ALIGN (0x4)
                0x20000000                        _sdata = .
 *(.data)
 *(.data*)
 .data.arrows   0x20000000       0x10 ./Core/Src/display.o
                0x20000000                arrows
 .data.REVIVE_STRATAGEM
                0x20000010        0x4 ./Core/Src/main.o
                0x20000010                REVIVE_STRATAGEM
 .data.SystemCoreClock
                0x20000014        0x4 ./Core/Src/system_stm32g4xx.o
                0x20000014                SystemCoreClock
 .data.uwTickPrio
                0x20000018        0x4 ./Drivers/STM32G4xx_HAL_Driver/Src/stm32g4xx_hal.o
                0x20000018                uwTickPrio
 .data.uwTickFreq
                0x2000001c        0x4 ./Drivers/STM32G4xx_HAL_Driver/Src/stm32g4xx_hal.o
                0x2000001c                uwTickFreq
 *(.RamFunc)
 *(.RamFunc*)
                0x20000020                        . = ALIGN (0x4)
                0x20000020                        _edata = .

.igot.plt       0x20000020        0x0 load address 0x08003d10
 .igot.plt      0x20000020        0x0 /opt/st/stm32cubeide_1.19.0/plugins/com.st.stm32cube.ide.mcu.externaltools.gnu-tools-for-stm32.13.3.rel1.linux64_1.0.0.202410170706/tools/bin/../lib/gcc/arm-none-eabi/13.3.1/thumb/v7e-m+fp/hard/crtbegin.o
                0x20000020                        . = ALIGN (0x4)

.bss            0x20000020      0x170 load address 0x08003d10
                0x20000020                        _sbss = .
                0x20000020                        __bss_start__ = _sbss
 *(.bss)
 .bss           0x20000020       0x1c /opt/st/stm32cubeide_1.19.0/plugins/com.st.stm32cube.ide.mcu.externaltools.gnu-tools-for-stm32.13.3.rel1.linux64_1.0.0.202410170706/tools/bin/../lib/gcc/arm-none-eabi/13.3.1/thumb/v7e-m+fp/hard/crtbegin.o
 *(.bss*)
 .bss.LCD_80buf
                0x2000003c       0x50 ./Core/Src/lcd.o
                0x2000003c                LCD_80buf
 .bss.hi2c1     0x2000008c       0x54 ./Core/Src/main.o
                0x2000008c                hi2c1
 .bss.hlpuart1  0x200000e0       0x94 ./Core/Src/main.o
                0x200000e0                hlpuart1
 .bss.received_sequence
                0x20000174        0x4 ./Core/Src/main.o
                0x20000174                received_sequence
 .bss.result    0x20000178        0x1 ./Core/Src/main.o
                0x20000178                result
 .bss.increment
                0x20000179        0x1 ./Core/Src/main.o
                0x20000179                increment
 *fill*         0x2000017a        0x2 
 .bss.keyUpStruct
                0x2000017c        0x2 ./Core/Src/switch.o
                0x2000017c                keyUpStruct
 *fill*         0x2000017e        0x2 
 .bss.keyDownStruct
                0x20000180        0x2 ./Core/Src/switch.o
                0x20000180                keyDownStruct
 *fill*         0x20000182        0x2 
 .bss.keyRightStruct
                0x20000184        0x2 ./Core/Src/switch.o
                0x20000184                keyRightStruct
 *fill*         0x20000186        0x2 
 .bss.keyLeftStruct
                0x20000188        0x2 ./Core/Src/switch.o
                0x20000188                keyLeftStruct
 *fill*         0x2000018a        0x2 
 .bss.uwTick    0x2000018c        0x4 ./Drivers/STM32G4xx_HAL_Driver/Src/stm32g4xx_hal.o
                0x2000018c                uwTick
 *(COMMON)
                0x20000190                        . = ALIGN (0x4)
                0x20000190                        _ebss = .
                0x20000190                        __bss_end__ = _ebss

._user_heap_stack
                0x20000190      0x600 load address 0x08003d10
                0x20000190                        . = ALIGN (0x8)
                [!provide]                        PROVIDE (end = .)
                0x20000190                        PROVIDE (_end = .)
                0x20000390                        . = (. + _Min_Heap_Size)
 *fill*         0x20000190      0x200 
                0x20000790                        . = (. + _Min_Stack_Size)
 *fill*         0x20000390      0x400 
                0x20000790                        . = ALIGN (0x8)

/DISCARD/
 libc.a(*)
 libm.a(*)
 libgcc.a(*)

.ARM.attributes
                0x00000000       0x30
 *(.ARM.attributes)
 .ARM.attributes
                0x00000000       0x22 /opt/st/stm32cubeide_1.19.0/plugins/com.st.stm32cube.ide.mcu.externaltools.gnu-tools-for-stm32.13.3.rel1.linux64_1.0.0.202410170706/tools/bin/../lib/gcc/arm-none-eabi/13.3.1/thumb/v7e-m+fp/hard/crti.o
 .ARM.attributes
                0x00000022       0x34 /opt/st/stm32cubeide_1.19.0/plugins/com.st.stm32cube.ide.mcu.externaltools.gnu-tools-for-stm32.13.3.rel1.linux64_1.0.0.202410170706/tools/bin/../lib/gcc/arm-none-eabi/13.3.1/thumb/v7e-m+fp/hard/crtbegin.o
 .ARM.attributes
                0x00000056       0x34 ./Core/Src/display.o
 .ARM.attributes
                0x0000008a       0x34 ./Core/Src/lcd.o
 .ARM.attributes
                0x000000be       0x34 ./Core/Src/main.o
 .ARM.attributes
                0x000000f2       0x34 ./Core/Src/stm32g4xx_hal_msp.o
 .ARM.attributes
                0x00000126       0x34 ./Core/Src/stm32g4xx_it.o
 .ARM.attributes
                0x0000015a       0x34 ./Core/Src/switch.o
 .ARM.attributes
                0x0000018e       0x34 ./Core/Src/system_stm32g4xx.o
 .ARM.attributes
                0x000001c2       0x21 ./Core/Startup/startup_stm32g474retx.o
 .ARM.attributes
                0x000001e3       0x34 ./Drivers/STM32G4xx_HAL_Driver/Src/stm32g4xx_hal.o
 .ARM.attributes
                0x00000217       0x34 ./Drivers/STM32G4xx_HAL_Driver/Src/stm32g4xx_hal_cortex.o
 .ARM.attributes
                0x0000024b       0x34 ./Drivers/STM32G4xx_HAL_Driver/Src/stm32g4xx_hal_gpio.o
 .ARM.attributes
                0x0000027f       0x34 ./Drivers/STM32G4xx_HAL_Driver/Src/stm32g4xx_hal_i2c.o
 .ARM.attributes
                0x000002b3       0x34 ./Drivers/STM32G4xx_HAL_Driver/Src/stm32g4xx_hal_i2c_ex.o
 .ARM.attributes
                0x000002e7       0x34 ./Drivers/STM32G4xx_HAL_Driver/Src/stm32g4xx_hal_pwr_ex.o
 .ARM.attributes
                0x0000031b       0x34 ./Drivers/STM32G4xx_HAL_Driver/Src/stm32g4xx_hal_rcc.o
 .ARM.attributes
                0x0000034f       0x34 ./Drivers/STM32G4xx_HAL_Driver/Src/stm32g4xx_hal_rcc_ex.o
 .ARM.attributes
                0x00000383       0x34 ./Drivers/STM32G4xx_HAL_Driver/Src/stm32g4xx_hal_uart.o
 .ARM.attributes
                0x000003b7       0x34 ./Drivers/STM32G4xx_HAL_Driver/Src/stm32g4xx_hal_uart_ex.o
 .ARM.attributes
                0x000003eb       0x34 /opt/st/stm32cubeide_1.19.0/plugins/com.st.stm32cube.ide.mcu.externaltools.gnu-tools-for-stm32.13.3.rel1.linux64_1.0.0.202410170706/tools/bin/../lib/gcc/arm-none-eabi/13.3.1/../../../../arm-none-eabi/lib/thumb/v7e-m+fp/hard/libc_nano.a(libc_a-memset.o)
 .ARM.attributes
                0x0000041f       0x34 /opt/st/stm32cubeide_1.19.0/plugins/com.st.stm32cube.ide.mcu.externaltools.gnu-tools-for-stm32.13.3.rel1.linux64_1.0.0.202410170706/tools/bin/../lib/gcc/arm-none-eabi/13.3.1/../../../../arm-none-eabi/lib/thumb/v7e-m+fp/hard/libc_nano.a(libc_a-init.o)
 .ARM.attributes
                0x00000453       0x34 /opt/st/stm32cubeide_1.19.0/plugins/com.st.stm32cube.ide.mcu.externaltools.gnu-tools-for-stm32.13.3.rel1.linux64_1.0.0.202410170706/tools/bin/../lib/gcc/arm-none-eabi/13.3.1/../../../../arm-none-eabi/lib/thumb/v7e-m+fp/hard/libc_nano.a(libc_a-memcpy-stub.o)
 .ARM.attributes
                0x00000487       0x22 /opt/st/stm32cubeide_1.19.0/plugins/com.st.stm32cube.ide.mcu.externaltools.gnu-tools-for-stm32.13.3.rel1.linux64_1.0.0.202410170706/tools/bin/../lib/gcc/arm-none-eabi/13.3.1/thumb/v7e-m+fp/hard/libgcc.a(_aeabi_uldivmod.o)
 .ARM.attributes
                0x000004a9       0x34 /opt/st/stm32cubeide_1.19.0/plugins/com.st.stm32cube.ide.mcu.externaltools.gnu-tools-for-stm32.13.3.rel1.linux64_1.0.0.202410170706/tools/bin/../lib/gcc/arm-none-eabi/13.3.1/thumb/v7e-m+fp/hard/libgcc.a(_udivmoddi4.o)
 .ARM.attributes
                0x000004dd       0x22 /opt/st/stm32cubeide_1.19.0/plugins/com.st.stm32cube.ide.mcu.externaltools.gnu-tools-for-stm32.13.3.rel1.linux64_1.0.0.202410170706/tools/bin/../lib/gcc/arm-none-eabi/13.3.1/thumb/v7e-m+fp/hard/libgcc.a(_dvmd_tls.o)
 .ARM.attributes
                0x000004ff       0x22 /opt/st/stm32cubeide_1.19.0/plugins/com.st.stm32cube.ide.mcu.externaltools.gnu-tools-for-stm32.13.3.rel1.linux64_1.0.0.202410170706/tools/bin/../lib/gcc/arm-none-eabi/13.3.1/thumb/v7e-m+fp/hard/crtn.o
OUTPUT(stratagem_hero_game.elf elf32-littlearm)
LOAD linker stubs
LOAD /opt/st/stm32cubeide_1.19.0/plugins/com.st.stm32cube.ide.mcu.externaltools.gnu-tools-for-stm32.13.3.rel1.linux64_1.0.0.202410170706/tools/bin/../lib/gcc/arm-none-eabi/13.3.1/../../../../arm-none-eabi/lib/thumb/v7e-m+fp/hard/libc.a
LOAD /opt/st/stm32cubeide_1.19.0/plugins/com.st.stm32cube.ide.mcu.externaltools.gnu-tools-for-stm32.13.3.rel1.linux64_1.0.0.202410170706/tools/bin/../lib/gcc/arm-none-eabi/13.3.1/../../../../arm-none-eabi/lib/thumb/v7e-m+fp/hard/libm.a
LOAD /opt/st/stm32cubeide_1.19.0/plugins/com.st.stm32cube.ide.mcu.externaltools.gnu-tools-for-stm32.13.3.rel1.linux64_1.0.0.202410170706/tools/bin/../lib/gcc/arm-none-eabi/13.3.1/thumb/v7e-m+fp/hard/libgcc.a

.debug_info     0x00000000     0xff62
 .debug_info    0x00000000      0x16d ./Core/Src/display.o
 .debug_info    0x0000016d      0x983 ./Core/Src/lcd.o
 .debug_info    0x00000af0     0x138a ./Core/Src/main.o
 .debug_info    0x00001e7a     0x10da ./Core/Src/stm32g4xx_hal_msp.o
 .debug_info    0x00002f54      0x113 ./Core/Src/stm32g4xx_it.o
 .debug_info    0x00003067      0x22d ./Core/Src/switch.o
 .debug_info    0x00003294      0x58e ./Core/Src/system_stm32g4xx.o
 .debug_info    0x00003822       0x30 ./Core/Startup/startup_stm32g474retx.o
 .debug_info    0x00003852      0xb95 ./Drivers/STM32G4xx_HAL_Driver/Src/stm32g4xx_hal.o
 .debug_info    0x000043e7      0xdf9 ./Drivers/STM32G4xx_HAL_Driver/Src/stm32g4xx_hal_cortex.o
 .debug_info    0x000051e0      0x763 ./Drivers/STM32G4xx_HAL_Driver/Src/stm32g4xx_hal_gpio.o
 .debug_info    0x00005943     0x21ea ./Drivers/STM32G4xx_HAL_Driver/Src/stm32g4xx_hal_i2c.o
 .debug_info    0x00007b2d      0xad6 ./Drivers/STM32G4xx_HAL_Driver/Src/stm32g4xx_hal_i2c_ex.o
 .debug_info    0x00008603      0x93f ./Drivers/STM32G4xx_HAL_Driver/Src/stm32g4xx_hal_pwr_ex.o
 .debug_info    0x00008f42      0xbe0 ./Drivers/STM32G4xx_HAL_Driver/Src/stm32g4xx_hal_rcc.o
 .debug_info    0x00009b22      0xc45 ./Drivers/STM32G4xx_HAL_Driver/Src/stm32g4xx_hal_rcc_ex.o
 .debug_info    0x0000a767     0x481e ./Drivers/STM32G4xx_HAL_Driver/Src/stm32g4xx_hal_uart.o
 .debug_info    0x0000ef85      0xfdd ./Drivers/STM32G4xx_HAL_Driver/Src/stm32g4xx_hal_uart_ex.o

.debug_abbrev   0x00000000     0x2389
 .debug_abbrev  0x00000000       0xd2 ./Core/Src/display.o
 .debug_abbrev  0x000000d2      0x224 ./Core/Src/lcd.o
 .debug_abbrev  0x000002f6      0x331 ./Core/Src/main.o
 .debug_abbrev  0x00000627      0x1ef ./Core/Src/stm32g4xx_hal_msp.o
 .debug_abbrev  0x00000816       0x73 ./Core/Src/stm32g4xx_it.o
 .debug_abbrev  0x00000889      0x129 ./Core/Src/switch.o
 .debug_abbrev  0x000009b2      0x11a ./Core/Src/system_stm32g4xx.o
 .debug_abbrev  0x00000acc       0x24 ./Core/Startup/startup_stm32g474retx.o
 .debug_abbrev  0x00000af0      0x271 ./Drivers/STM32G4xx_HAL_Driver/Src/stm32g4xx_hal.o
 .debug_abbrev  0x00000d61      0x31c ./Drivers/STM32G4xx_HAL_Driver/Src/stm32g4xx_hal_cortex.o
 .debug_abbrev  0x0000107d      0x1cb ./Drivers/STM32G4xx_HAL_Driver/Src/stm32g4xx_hal_gpio.o
 .debug_abbrev  0x00001248      0x25e ./Drivers/STM32G4xx_HAL_Driver/Src/stm32g4xx_hal_i2c.o
 .debug_abbrev  0x000014a6      0x1c0 ./Drivers/STM32G4xx_HAL_Driver/Src/stm32g4xx_hal_i2c_ex.o
 .debug_abbrev  0x00001666      0x22c ./Drivers/STM32G4xx_HAL_Driver/Src/stm32g4xx_hal_pwr_ex.o
 .debug_abbrev  0x00001892      0x2c9 ./Drivers/STM32G4xx_HAL_Driver/Src/stm32g4xx_hal_rcc.o
 .debug_abbrev  0x00001b5b      0x258 ./Drivers/STM32G4xx_HAL_Driver/Src/stm32g4xx_hal_rcc_ex.o
 .debug_abbrev  0x00001db3      0x304 ./Drivers/STM32G4xx_HAL_Driver/Src/stm32g4xx_hal_uart.o
 .debug_abbrev  0x000020b7      0x2d2 ./Drivers/STM32G4xx_HAL_Driver/Src/stm32g4xx_hal_uart_ex.o

.debug_aranges  0x00000000      0xd20
 .debug_aranges
                0x00000000       0x30 ./Core/Src/display.o
 .debug_aranges
                0x00000030       0x60 ./Core/Src/lcd.o
 .debug_aranges
                0x00000090       0x50 ./Core/Src/main.o
 .debug_aranges
                0x000000e0       0x40 ./Core/Src/stm32g4xx_hal_msp.o
 .debug_aranges
                0x00000120       0x60 ./Core/Src/stm32g4xx_it.o
 .debug_aranges
                0x00000180       0x28 ./Core/Src/switch.o
 .debug_aranges
                0x000001a8       0x28 ./Core/Src/system_stm32g4xx.o
 .debug_aranges
                0x000001d0       0x28 ./Core/Startup/startup_stm32g474retx.o
 .debug_aranges
                0x000001f8      0x148 ./Drivers/STM32G4xx_HAL_Driver/Src/stm32g4xx_hal.o
 .debug_aranges
                0x00000340      0x128 ./Drivers/STM32G4xx_HAL_Driver/Src/stm32g4xx_hal_cortex.o
 .debug_aranges
                0x00000468       0x58 ./Drivers/STM32G4xx_HAL_Driver/Src/stm32g4xx_hal_gpio.o
 .debug_aranges
                0x000004c0      0x2a0 ./Drivers/STM32G4xx_HAL_Driver/Src/stm32g4xx_hal_i2c.o
 .debug_aranges
                0x00000760       0x48 ./Drivers/STM32G4xx_HAL_Driver/Src/stm32g4xx_hal_i2c_ex.o
 .debug_aranges
                0x000007a8      0x140 ./Drivers/STM32G4xx_HAL_Driver/Src/stm32g4xx_hal_pwr_ex.o
 .debug_aranges
                0x000008e8       0x98 ./Drivers/STM32G4xx_HAL_Driver/Src/stm32g4xx_hal_rcc.o
 .debug_aranges
                0x00000980       0xb0 ./Drivers/STM32G4xx_HAL_Driver/Src/stm32g4xx_hal_rcc_ex.o
 .debug_aranges
                0x00000a30      0x248 ./Drivers/STM32G4xx_HAL_Driver/Src/stm32g4xx_hal_uart.o
 .debug_aranges
                0x00000c78       0xa8 ./Drivers/STM32G4xx_HAL_Driver/Src/stm32g4xx_hal_uart_ex.o

.debug_rnglists
                0x00000000      0xa28
 .debug_rnglists
                0x00000000       0x1f ./Core/Src/display.o
 .debug_rnglists
                0x0000001f       0x44 ./Core/Src/lcd.o
 .debug_rnglists
                0x00000063       0x3c ./Core/Src/main.o
 .debug_rnglists
                0x0000009f       0x2d ./Core/Src/stm32g4xx_hal_msp.o
 .debug_rnglists
                0x000000cc       0x43 ./Core/Src/stm32g4xx_it.o
 .debug_rnglists
                0x0000010f       0x1a ./Core/Src/switch.o
 .debug_rnglists
                0x00000129       0x1a ./Core/Src/system_stm32g4xx.o
 .debug_rnglists
                0x00000143       0x19 ./Core/Startup/startup_stm32g474retx.o
 .debug_rnglists
                0x0000015c       0xf1 ./Drivers/STM32G4xx_HAL_Driver/Src/stm32g4xx_hal.o
 .debug_rnglists
                0x0000024d       0xda ./Drivers/STM32G4xx_HAL_Driver/Src/stm32g4xx_hal_cortex.o
 .debug_rnglists
                0x00000327       0x3f ./Drivers/STM32G4xx_HAL_Driver/Src/stm32g4xx_hal_gpio.o
 .debug_rnglists
                0x00000366      0x228 ./Drivers/STM32G4xx_HAL_Driver/Src/stm32g4xx_hal_i2c.o
 .debug_rnglists
                0x0000058e       0x35 ./Drivers/STM32G4xx_HAL_Driver/Src/stm32g4xx_hal_i2c_ex.o
 .debug_rnglists
                0x000005c3       0xf1 ./Drivers/STM32G4xx_HAL_Driver/Src/stm32g4xx_hal_pwr_ex.o
 .debug_rnglists
                0x000006b4       0x74 ./Drivers/STM32G4xx_HAL_Driver/Src/stm32g4xx_hal_rcc.o
 .debug_rnglists
                0x00000728       0x87 ./Drivers/STM32G4xx_HAL_Driver/Src/stm32g4xx_hal_rcc_ex.o
 .debug_rnglists
                0x000007af      0x1fa ./Drivers/STM32G4xx_HAL_Driver/Src/stm32g4xx_hal_uart.o
 .debug_rnglists
                0x000009a9       0x7f ./Drivers/STM32G4xx_HAL_Driver/Src/stm32g4xx_hal_uart_ex.o

.debug_macro    0x00000000    0x25789
 .debug_macro   0x00000000      0x1e6 ./Core/Src/display.o
 .debug_macro   0x000001e6      0xad8 ./Core/Src/display.o
 .debug_macro   0x00000cbe      0x15b ./Core/Src/display.o
 .debug_macro   0x00000e19       0x2e ./Core/Src/display.o
 .debug_macro   0x00000e47       0x28 ./Core/Src/display.o
 .debug_macro   0x00000e6f       0x22 ./Core/Src/display.o
 .debug_macro   0x00000e91       0x8e ./Core/Src/display.o
 .debug_macro   0x00000f1f       0x51 ./Core/Src/display.o
 .debug_macro   0x00000f70      0x103 ./Core/Src/display.o
 .debug_macro   0x00001073       0x6a ./Core/Src/display.o
 .debug_macro   0x000010dd      0x1df ./Core/Src/display.o
 .debug_macro   0x000012bc       0x1c ./Core/Src/display.o
 .debug_macro   0x000012d8       0x22 ./Core/Src/display.o
 .debug_macro   0x000012fa       0xfb ./Core/Src/display.o
 .debug_macro   0x000013f5     0x1011 ./Core/Src/display.o
 .debug_macro   0x00002406      0x11f ./Core/Src/display.o
 .debug_macro   0x00002525    0x18b8c ./Core/Src/display.o
 .debug_macro   0x0001b0b1       0x6d ./Core/Src/display.o
 .debug_macro   0x0001b11e     0x3558 ./Core/Src/display.o
 .debug_macro   0x0001e676      0x190 ./Core/Src/display.o
 .debug_macro   0x0001e806       0x5c ./Core/Src/display.o
 .debug_macro   0x0001e862     0x171f ./Core/Src/display.o
 .debug_macro   0x0001ff81      0x600 ./Core/Src/display.o
 .debug_macro   0x00020581      0x1b6 ./Core/Src/display.o
 .debug_macro   0x00020737      0x34a ./Core/Src/display.o
 .debug_macro   0x00020a81      0x53c ./Core/Src/display.o
 .debug_macro   0x00020fbd      0x18b ./Core/Src/display.o
 .debug_macro   0x00021148       0x43 ./Core/Src/display.o
 .debug_macro   0x0002118b      0x23d ./Core/Src/display.o
 .debug_macro   0x000213c8      0x211 ./Core/Src/display.o
 .debug_macro   0x000215d9      0x45c ./Core/Src/display.o
 .debug_macro   0x00021a35      0x11c ./Core/Src/display.o
 .debug_macro   0x00021b51      0x22c ./Core/Src/display.o
 .debug_macro   0x00021d7d       0x61 ./Core/Src/display.o
 .debug_macro   0x00021dde       0xa5 ./Core/Src/display.o
 .debug_macro   0x00021e83      0x122 ./Core/Src/display.o
 .debug_macro   0x00021fa5      0x3d1 ./Core/Src/display.o
 .debug_macro   0x00022376      0x693 ./Core/Src/display.o
 .debug_macro   0x00022a09       0xa6 ./Core/Src/display.o
 .debug_macro   0x00022aaf      0x358 ./Core/Src/display.o
 .debug_macro   0x00022e07       0x3a ./Core/Src/display.o
 .debug_macro   0x00022e41      0x2b1 ./Core/Src/lcd.o
 .debug_macro   0x000230f2       0x61 ./Core/Src/lcd.o
 .debug_macro   0x00023153       0x2a ./Core/Src/lcd.o
 .debug_macro   0x0002317d       0x43 ./Core/Src/lcd.o
 .debug_macro   0x000231c0       0x34 ./Core/Src/lcd.o
 .debug_macro   0x000231f4      0x370 ./Core/Src/lcd.o
 .debug_macro   0x00023564       0x16 ./Core/Src/lcd.o
 .debug_macro   0x0002357a       0x4a ./Core/Src/lcd.o
 .debug_macro   0x000235c4       0x34 ./Core/Src/lcd.o
 .debug_macro   0x000235f8       0x10 ./Core/Src/lcd.o
 .debug_macro   0x00023608       0x58 ./Core/Src/lcd.o
 .debug_macro   0x00023660       0x8e ./Core/Src/lcd.o
 .debug_macro   0x000236ee       0x1c ./Core/Src/lcd.o
 .debug_macro   0x0002370a      0x185 ./Core/Src/lcd.o
 .debug_macro   0x0002388f       0x10 ./Core/Src/lcd.o
 .debug_macro   0x0002389f       0x3c ./Core/Src/lcd.o
 .debug_macro   0x000238db       0x20 ./Core/Src/lcd.o
 .debug_macro   0x000238fb      0x208 ./Core/Src/main.o
 .debug_macro   0x00023b03       0xac ./Core/Src/main.o
 .debug_macro   0x00023baf       0x16 ./Core/Src/main.o
 .debug_macro   0x00023bc5      0x1e2 ./Core/Src/stm32g4xx_hal_msp.o
 .debug_macro   0x00023da7      0x1ec ./Core/Src/stm32g4xx_it.o
 .debug_macro   0x00023f93      0x1f7 ./Core/Src/switch.o
 .debug_macro   0x0002418a      0x1d3 ./Core/Src/system_stm32g4xx.o
 .debug_macro   0x0002435d      0x221 ./Drivers/STM32G4xx_HAL_Driver/Src/stm32g4xx_hal.o
 .debug_macro   0x0002457e      0x1d3 ./Drivers/STM32G4xx_HAL_Driver/Src/stm32g4xx_hal_cortex.o
 .debug_macro   0x00024751      0x1da ./Drivers/STM32G4xx_HAL_Driver/Src/stm32g4xx_hal_gpio.o
 .debug_macro   0x0002492b      0x29f ./Drivers/STM32G4xx_HAL_Driver/Src/stm32g4xx_hal_i2c.o
 .debug_macro   0x00024bca      0x1d3 ./Drivers/STM32G4xx_HAL_Driver/Src/stm32g4xx_hal_i2c_ex.o
 .debug_macro   0x00024d9d      0x1fd ./Drivers/STM32G4xx_HAL_Driver/Src/stm32g4xx_hal_pwr_ex.o
 .debug_macro   0x00024f9a      0x215 ./Drivers/STM32G4xx_HAL_Driver/Src/stm32g4xx_hal_rcc.o
 .debug_macro   0x000251af      0x1fd ./Drivers/STM32G4xx_HAL_Driver/Src/stm32g4xx_hal_rcc_ex.o
 .debug_macro   0x000253ac      0x1fe ./Drivers/STM32G4xx_HAL_Driver/Src/stm32g4xx_hal_uart.o
 .debug_macro   0x000255aa      0x1df ./Drivers/STM32G4xx_HAL_Driver/Src/stm32g4xx_hal_uart_ex.o

.debug_line     0x00000000    0x10587
 .debug_line    0x00000000      0x6d5 ./Core/Src/display.o
 .debug_line    0x000006d5      0x949 ./Core/Src/lcd.o
 .debug_line    0x0000101e      0x8ad ./Core/Src/main.o
 .debug_line    0x000018cb      0x772 ./Core/Src/stm32g4xx_hal_msp.o
 .debug_line    0x0000203d      0x755 ./Core/Src/stm32g4xx_it.o
 .debug_line    0x00002792      0x755 ./Core/Src/switch.o
 .debug_line    0x00002ee7      0x713 ./Core/Src/system_stm32g4xx.o
 .debug_line    0x000035fa       0x7b ./Core/Startup/startup_stm32g474retx.o
 .debug_line    0x00003675      0xadf ./Drivers/STM32G4xx_HAL_Driver/Src/stm32g4xx_hal.o
 .debug_line    0x00004154      0xc44 ./Drivers/STM32G4xx_HAL_Driver/Src/stm32g4xx_hal_cortex.o
 .debug_line    0x00004d98      0xab8 ./Drivers/STM32G4xx_HAL_Driver/Src/stm32g4xx_hal_gpio.o
 .debug_line    0x00005850     0x3673 ./Drivers/STM32G4xx_HAL_Driver/Src/stm32g4xx_hal_i2c.o
 .debug_line    0x00008ec3      0x80c ./Drivers/STM32G4xx_HAL_Driver/Src/stm32g4xx_hal_i2c_ex.o
 .debug_line    0x000096cf      0xc3e ./Drivers/STM32G4xx_HAL_Driver/Src/stm32g4xx_hal_pwr_ex.o
 .debug_line    0x0000a30d      0xf62 ./Drivers/STM32G4xx_HAL_Driver/Src/stm32g4xx_hal_rcc.o
 .debug_line    0x0000b26f     0x11d7 ./Drivers/STM32G4xx_HAL_Driver/Src/stm32g4xx_hal_rcc_ex.o
 .debug_line    0x0000c446     0x352d ./Drivers/STM32G4xx_HAL_Driver/Src/stm32g4xx_hal_uart.o
 .debug_line    0x0000f973      0xc14 ./Drivers/STM32G4xx_HAL_Driver/Src/stm32g4xx_hal_uart_ex.o

.debug_str      0x00000000    0xec126
 .debug_str     0x00000000    0xec126 ./Core/Src/display.o
                              0xe42c9 (size before relaxing)
 .debug_str     0x000ec126    0xe7a42 ./Core/Src/lcd.o
 .debug_str     0x000ec126    0xe5366 ./Core/Src/main.o
 .debug_str     0x000ec126    0xe50a5 ./Core/Src/stm32g4xx_hal_msp.o
 .debug_str     0x000ec126    0xe44d4 ./Core/Src/stm32g4xx_it.o
 .debug_str     0x000ec126    0xe45a1 ./Core/Src/switch.o
 .debug_str     0x000ec126    0xe4394 ./Core/Src/system_stm32g4xx.o
 .debug_str     0x000ec126       0x85 ./Core/Startup/startup_stm32g474retx.o
 .debug_str     0x000ec126    0xe50a6 ./Drivers/STM32G4xx_HAL_Driver/Src/stm32g4xx_hal.o
 .debug_str     0x000ec126    0xe4d62 ./Drivers/STM32G4xx_HAL_Driver/Src/stm32g4xx_hal_cortex.o
 .debug_str     0x000ec126    0xe451f ./Drivers/STM32G4xx_HAL_Driver/Src/stm32g4xx_hal_gpio.o
 .debug_str     0x000ec126    0xe569e ./Drivers/STM32G4xx_HAL_Driver/Src/stm32g4xx_hal_i2c.o
 .debug_str     0x000ec126    0xe49b3 ./Drivers/STM32G4xx_HAL_Driver/Src/stm32g4xx_hal_i2c_ex.o
 .debug_str     0x000ec126    0xe4882 ./Drivers/STM32G4xx_HAL_Driver/Src/stm32g4xx_hal_pwr_ex.o
 .debug_str     0x000ec126    0xe4ab3 ./Drivers/STM32G4xx_HAL_Driver/Src/stm32g4xx_hal_rcc.o
 .debug_str     0x000ec126    0xe4add ./Drivers/STM32G4xx_HAL_Driver/Src/stm32g4xx_hal_rcc_ex.o
 .debug_str     0x000ec126    0xe534f ./Drivers/STM32G4xx_HAL_Driver/Src/stm32g4xx_hal_uart.o
 .debug_str     0x000ec126    0xe4b4d ./Drivers/STM32G4xx_HAL_Driver/Src/stm32g4xx_hal_uart_ex.o

.comment        0x00000000       0x43
 .comment       0x00000000       0x43 ./Core/Src/display.o
                                 0x44 (size before relaxing)
 .comment       0x00000043       0x44 ./Core/Src/lcd.o
 .comment       0x00000043       0x44 ./Core/Src/main.o
 .comment       0x00000043       0x44 ./Core/Src/stm32g4xx_hal_msp.o
 .comment       0x00000043       0x44 ./Core/Src/stm32g4xx_it.o
 .comment       0x00000043       0x44 ./Core/Src/switch.o
 .comment       0x00000043       0x44 ./Core/Src/system_stm32g4xx.o
 .comment       0x00000043       0x44 ./Drivers/STM32G4xx_HAL_Driver/Src/stm32g4xx_hal.o
 .comment       0x00000043       0x44 ./Drivers/STM32G4xx_HAL_Driver/Src/stm32g4xx_hal_cortex.o
 .comment       0x00000043       0x44 ./Drivers/STM32G4xx_HAL_Driver/Src/stm32g4xx_hal_gpio.o
 .comment       0x00000043       0x44 ./Drivers/STM32G4xx_HAL_Driver/Src/stm32g4xx_hal_i2c.o
 .comment       0x00000043       0x44 ./Drivers/STM32G4xx_HAL_Driver/Src/stm32g4xx_hal_i2c_ex.o
 .comment       0x00000043       0x44 ./Drivers/STM32G4xx_HAL_Driver/Src/stm32g4xx_hal_pwr_ex.o
 .comment       0x00000043       0x44 ./Drivers/STM32G4xx_HAL_Driver/Src/stm32g4xx_hal_rcc.o
 .comment       0x00000043       0x44 ./Drivers/STM32G4xx_HAL_Driver/Src/stm32g4xx_hal_rcc_ex.o
 .comment       0x00000043       0x44 ./Drivers/STM32G4xx_HAL_Driver/Src/stm32g4xx_hal_uart.o
 .comment       0x00000043       0x44 ./Drivers/STM32G4xx_HAL_Driver/Src/stm32g4xx_hal_uart_ex.o

.debug_frame    0x00000000     0x35a0
 .debug_frame   0x00000000       0x6c ./Core/Src/display.o
 .debug_frame   0x0000006c      0x144 ./Core/Src/lcd.o
 .debug_frame   0x000001b0       0xf0 ./Core/Src/main.o
 .debug_frame   0x000002a0       0xcc ./Core/Src/stm32g4xx_hal_msp.o
 .debug_frame   0x0000036c      0x104 ./Core/Src/stm32g4xx_it.o
 .debug_frame   0x00000470       0x60 ./Core/Src/switch.o
 .debug_frame   0x000004d0       0x58 ./Core/Src/system_stm32g4xx.o
 .debug_frame   0x00000528      0x500 ./Drivers/STM32G4xx_HAL_Driver/Src/stm32g4xx_hal.o
 .debug_frame   0x00000a28      0x4e8 ./Drivers/STM32G4xx_HAL_Driver/Src/stm32g4xx_hal_cortex.o
 .debug_frame   0x00000f10      0x14c ./Drivers/STM32G4xx_HAL_Driver/Src/stm32g4xx_hal_gpio.o
 .debug_frame   0x0000105c      0xc38 ./Drivers/STM32G4xx_HAL_Driver/Src/stm32g4xx_hal_i2c.o
 .debug_frame   0x00001c94      0x100 ./Drivers/STM32G4xx_HAL_Driver/Src/stm32g4xx_hal_i2c_ex.o
 .debug_frame   0x00001d94      0x4fc ./Drivers/STM32G4xx_HAL_Driver/Src/stm32g4xx_hal_pwr_ex.o
 .debug_frame   0x00002290      0x23c ./Drivers/STM32G4xx_HAL_Driver/Src/stm32g4xx_hal_rcc.o
 .debug_frame   0x000024cc      0x2ac ./Drivers/STM32G4xx_HAL_Driver/Src/stm32g4xx_hal_rcc_ex.o
 .debug_frame   0x00002778      0xa94 ./Drivers/STM32G4xx_HAL_Driver/Src/stm32g4xx_hal_uart.o
 .debug_frame   0x0000320c      0x2c0 ./Drivers/STM32G4xx_HAL_Driver/Src/stm32g4xx_hal_uart_ex.o
 .debug_frame   0x000034cc       0x20 /opt/st/stm32cubeide_1.19.0/plugins/com.st.stm32cube.ide.mcu.externaltools.gnu-tools-for-stm32.13.3.rel1.linux64_1.0.0.202410170706/tools/bin/../lib/gcc/arm-none-eabi/13.3.1/../../../../arm-none-eabi/lib/thumb/v7e-m+fp/hard/libc_nano.a(libc_a-memset.o)
 .debug_frame   0x000034ec       0x2c /opt/st/stm32cubeide_1.19.0/plugins/com.st.stm32cube.ide.mcu.externaltools.gnu-tools-for-stm32.13.3.rel1.linux64_1.0.0.202410170706/tools/bin/../lib/gcc/arm-none-eabi/13.3.1/../../../../arm-none-eabi/lib/thumb/v7e-m+fp/hard/libc_nano.a(libc_a-init.o)
 .debug_frame   0x00003518       0x28 /opt/st/stm32cubeide_1.19.0/plugins/com.st.stm32cube.ide.mcu.externaltools.gnu-tools-for-stm32.13.3.rel1.linux64_1.0.0.202410170706/tools/bin/../lib/gcc/arm-none-eabi/13.3.1/../../../../arm-none-eabi/lib/thumb/v7e-m+fp/hard/libc_nano.a(libc_a-memcpy-stub.o)
 .debug_frame   0x00003540       0x2c /opt/st/stm32cubeide_1.19.0/plugins/com.st.stm32cube.ide.mcu.externaltools.gnu-tools-for-stm32.13.3.rel1.linux64_1.0.0.202410170706/tools/bin/../lib/gcc/arm-none-eabi/13.3.1/thumb/v7e-m+fp/hard/libgcc.a(_aeabi_uldivmod.o)
 .debug_frame   0x0000356c       0x34 /opt/st/stm32cubeide_1.19.0/plugins/com.st.stm32cube.ide.mcu.externaltools.gnu-tools-for-stm32.13.3.rel1.linux64_1.0.0.202410170706/tools/bin/../lib/gcc/arm-none-eabi/13.3.1/thumb/v7e-m+fp/hard/libgcc.a(_udivmoddi4.o)

.debug_line_str
                0x00000000       0x69
 .debug_line_str
                0x00000000       0x69 ./Core/Startup/startup_stm32g474retx.o
