../Core/Src/display.c:28:6:DisplayConfigCustomChars	8	static
../Core/Src/display.c:32:6:ClearStratagemOnDisplay	8	static
../Core/Src/display.c:36:6:DisplayNextSequenceArrow	16	static
../Core/Src/display.c:40:6:DisplayWaitForStartScreen	8	static
../Core/Src/display.c:46:6:DisplayStartCountDownScreen	32	static
../Core/Src/display.c:54:6:DisplayActiveGameScreen	40	static
../Core/Src/display.c:64:6:DisplayAfterRoundInfo	40	static
../Core/Src/display.c:74:6:DisplayFinalRoundInfo	40	static
../Core/Src/display.c:84:6:DisplayInGameTimeout	24	static
